[26324:0xbcb80c000]        5 ms: Scavenge 1.4 (2.8) -> 0.7 (3.2) MB, pooled: 0.0 MB, 0.18 / 0.00 ms (average mu = 1.000, current mu = 1.000) allocation failure;
[26324:0xbcb80c000]        9 ms: Scavenge 1.8 (4.2) -> 1.5 (4.5) MB, pooled: 0.0 MB, 0.21 / 0.00 ms (average mu = 1.000, current mu = 1.000) allocation failure;
[26324:0xbcb80c000]       18 ms: Scavenge 2.8 (5.1) -> 2.6 (5.9) MB, pooled: 0.0 MB, 0.31 / 0.00 ms (average mu = 1.000, current mu = 1.000) allocation failure;
[bailout (kind: deopt-eager, reason: wrong map): begin. deoptimizing 0x0cea2f2966b9 <JSFunction next (sfi = 0x305cacb897c1)>, 0x03bbf25017c9 <Code MAGLEV>, opt id 2, bytecode offset 3, deopt exit 0, FP to SP delta 32, caller SP 0x00016f0edb78, pc 0x0001175c53b4]
[26324:0xbcb80c000]       57 ms: Scavenge 7.5 (9.3) -> 6.6 (10.1) MB, pooled: 0.0 MB, 0.28 / 0.00 ms (average mu = 1.000, current mu = 1.000) allocation failure;
[26324:0xbcb80c000]       70 ms: Scavenge 8.6 (11.3) -> 8.0 (12.3) MB, pooled: 0.0 MB, 0.33 / 0.00 ms (average mu = 1.000, current mu = 1.000) allocation failure;
[bailout (kind: deopt-eager, reason: wrong map): begin. deoptimizing 0x260b910fc5d9 <JSFunction requireBuiltin (sfi = 0x305cacb9e731)>, 0x3e077a543df9 <Code MAGLEV>, opt id 6, bytecode offset 4, deopt exit 0, FP to SP delta 32, caller SP 0x00016f0e9c30, pc 0x0001175e5b6c]
[bailout (kind: deopt-lazy, reason: (unknown)): begin. deoptimizing 0x260b910fc5d9 <JSFunction requireBuiltin (sfi = 0x305cacb9e731)>, 0x3e077a543df9 <Code MAGLEV>, opt id 6, bytecode offset 72, deopt exit 4, FP to SP delta 32, caller SP 0x00016f0ea3c0, pc 0x0001175e5b7c]
[26324:0xbcb80c000]      130 ms: Scavenge 13.5 (16.7) -> 11.7 (18.2) MB, pooled: 0.0 MB, 0.38 / 0.00 ms (average mu = 1.000, current mu = 1.000) allocation failure;
[26324:0xbcb80c000]      153 ms: Incremental Mark-Compact 13.5 (19.2) -> 10.2 (18.6) MB, pooled: 0.8 MB, 2.67 / 0.00 ms (+ 0.0 ms in 1 steps since start of marking, biggest step 0.0 ms, walltime since start of marking 3 ms) (average mu = 0.982, current mu = 0.982) finalize incremental marking via task; GC in old space requested
[bailout (kind: deopt-eager, reason: Insufficient type feedback for binary operation): begin. deoptimizing 0x05d5760d0b91 <JSFunction markTransferMode (sfi = 0xcea2f2b8879)>, 0x04a1ffa83171 <Code MAGLEV>, opt id 21, bytecode offset 69, deopt exit 1, FP to SP delta 32, caller SP 0x00016f0e56b0, pc 0x0001175ebf30]
[bailout (kind: deopt-eager, reason: Insufficient type feedback for compare operation): begin. deoptimizing 0x05d5760c0729 <JSFunction normalizeString (sfi = 0x1ec4760177c9)>, 0x320aad7bc069 <Code TURBOFAN_JS>, opt id 29, bytecode offset 266, deopt exit 8, FP to SP delta 96, caller SP 0x00016f0e3298, pc 0x00011763913c]
[bailout (kind: deopt-eager, reason: Insufficient type feedback for binary operation): begin. deoptimizing 0x05d5760c0729 <JSFunction normalizeString (sfi = 0x1ec4760177c9)>, 0x03bbf2501799 <Code MAGLEV>, opt id 35, bytecode offset 95, deopt exit 26, FP to SP delta 128, caller SP 0x00016f0e3298, pc 0x000117659634]
[26324:0xbcb80c000]      306 ms: Scavenge 23.0 (25.7) -> 20.9 (25.7) MB, pooled: 0.0 MB, 0.24 / 0.00 ms (average mu = 0.982, current mu = 0.982) allocation failure;
[26324:0xbcb80c000]      335 ms: Incremental Mark-Compact 29.8 (34.9) -> 27.1 (36.4) MB, pooled: 0.0 MB, 1.50 / 0.00 ms (+ 1.2 ms in 105 steps since start of marking, biggest step 0.1 ms, walltime since start of marking 30 ms) (average mu = 0.984, current mu = 0.986) finalize incremental marking via stack guard; GC in old space requested
[26324:0xbcb80c000]      422 ms: Scavenge 50.2 (53.3) -> 45.9 (54.6) MB, pooled: 0.0 MB, 0.53 / 0.00 ms (average mu = 0.984, current mu = 0.986) allocation failure;
[marking dependent code 0x37efafb3aba1 <Code MAGLEV> (0x153050416341 <SharedFunctionInfo multiMapAdd>) (opt id 70) for deoptimization, reason: dependent allocation site tenuring changed]
[marking dependent code 0x37efafb38e41 <Code MAGLEV> (0x153050419791 <SharedFunctionInfo diag>) (opt id 68) for deoptimization, reason: dependent allocation site tenuring changed]
[marking dependent code 0x3589ac184ca1 <Code MAGLEV> (0x3e09a3696349 <SharedFunctionInfo multiMapAdd>) (opt id 63) for deoptimization, reason: dependent allocation site tenuring changed]
[bailout (kind: deopt-eager, reason: Insufficient type feedback for compare operation): begin. deoptimizing 0x06693dccb189 <JSFunction Module._findPath (sfi = 0x36a781d7fc61)>, 0x2f48fa1c5899 <Code MAGLEV>, opt id 90, bytecode offset 191, deopt exit 16, FP to SP delta 144, caller SP 0x00016f0e11b8, pc 0x0001176777a4]
[26324:0xbcb80c000]      483 ms: Scavenge 62.5 (72.0) -> 54.6 (75.8) MB, pooled: 0.0 MB, 0.91 / 0.00 ms (average mu = 0.984, current mu = 0.986) allocation failure;
[marking dependent code 0x2a3b5ce09449 <Code MAGLEV> (0x20ccaa798091 <SharedFunctionInfo _>) (opt id 118) for deoptimization, reason: dependent prototype chain changed]
[marking dependent code 0x2a3b5ce075c9 <Code MAGLEV> (0x20ccaa798121 <SharedFunctionInfo addCodeArg>) (opt id 117) for deoptimization, reason: dependent prototype chain changed]
[bailout (kind: deopt-eager, reason: Insufficient type feedback for generic named access): begin. deoptimizing 0x1f7329dd7df9 <JSFunction (sfi = 0x33be5b12dd59)>, 0x2a3b5ce115e9 <Code MAGLEV>, opt id 151, bytecode offset 65, deopt exit 1, FP to SP delta 64, caller SP 0x00016f0e2bc8, pc 0x0001176fa078]
[bailout (kind: deopt-eager, reason: Insufficient type feedback for call): begin. deoptimizing 0x146f78d21b49 <JSFunction __importStar (sfi = 0x240c2a07ff59)>, 0x2a3b5ce12db9 <Code MAGLEV>, opt id 156, bytecode offset 90, deopt exit 11, FP to SP delta 112, caller SP 0x00016f0e27d0, pc 0x0001176fc1c0]
[bailout (kind: deopt-eager, reason: Insufficient type feedback for call): begin. deoptimizing 0x3e7c1265a549 <JSFunction __importStar (sfi = 0x33d6ad49b151)>, 0x2a3b5ce13919 <Code MAGLEV>, opt id 159, bytecode offset 90, deopt exit 11, FP to SP delta 112, caller SP 0x00016f0e23c0, pc 0x0001176fd480]
[bailout (kind: deopt-eager, reason: Insufficient type feedback for call): begin. deoptimizing 0x1f892a7b90c9 <JSFunction __importStar (sfi = 0x33d6ad4aec19)>, 0x09de1620a939 <Code MAGLEV>, opt id 162, bytecode offset 90, deopt exit 11, FP to SP delta 112, caller SP 0x00016f0e23b0, pc 0x0001176fe740]
[26324:0xbcb80c000]      514 ms: Scavenge 68.1 (85.6) -> 59.7 (90.1) MB, pooled: 0.0 MB, 1.69 / 0.00 ms (average mu = 0.984, current mu = 0.986) allocation failure;
[bailout (kind: deopt-eager, reason: Insufficient type feedback for call): begin. deoptimizing 0x323bed180d89 <JSFunction __importStar (sfi = 0x33d6ad4be3b9)>, 0x09de1620b499 <Code MAGLEV>, opt id 165, bytecode offset 90, deopt exit 11, FP to SP delta 112, caller SP 0x00016f0e1fc0, pc 0x0001176a0a00]
[bailout (kind: deopt-eager, reason: Insufficient type feedback for call): begin. deoptimizing 0x118f7d5a15b9 <JSFunction __importStar (sfi = 0x3f7c6456619)>, 0x2a3b5ce15ab9 <Code MAGLEV>, opt id 168, bytecode offset 90, deopt exit 11, FP to SP delta 112, caller SP 0x00016f0e1b60, pc 0x00011781b960]
[bailout (kind: deopt-eager, reason: Insufficient type feedback for call): begin. deoptimizing 0x27ecb5c28b49 <JSFunction __importStar (sfi = 0x3f7c64683d1)>, 0x2a3b5ce16619 <Code MAGLEV>, opt id 171, bytecode offset 90, deopt exit 11, FP to SP delta 112, caller SP 0x00016f0e1f90, pc 0x00011781cc20]
[bailout (kind: deopt-eager, reason: Insufficient type feedback for call): begin. deoptimizing 0x361b70c35581 <JSFunction __importStar (sfi = 0x3f7c6478d41)>, 0x2a3b5ce17239 <Code MAGLEV>, opt id 174, bytecode offset 90, deopt exit 11, FP to SP delta 112, caller SP 0x00016f0e1b90, pc 0x00011781d800]
[bailout (kind: deopt-eager, reason: Insufficient type feedback for call): begin. deoptimizing 0x06bada1764c1 <JSFunction __importStar (sfi = 0x2603edc9baf9)>, 0x2a3b5ce17fb9 <Code MAGLEV>, opt id 178, bytecode offset 90, deopt exit 11, FP to SP delta 112, caller SP 0x00016f0e1f50, pc 0x00011781e880]
[bailout (kind: deopt-eager, reason: Insufficient type feedback for call): begin. deoptimizing 0x3afd03f7a1d1 <JSFunction __importStar (sfi = 0x2603edcabfa1)>, 0x2a3b5ce18981 <Code MAGLEV>, opt id 181, bytecode offset 90, deopt exit 11, FP to SP delta 112, caller SP 0x00016f0e1b90, pc 0x00011781f460]
[bailout (kind: deopt-eager, reason: Insufficient type feedback for call): begin. deoptimizing 0x1a3076f311e1 <JSFunction __importStar (sfi = 0x2603edcbb7f9)>, 0x2a3b5ce19631 <Code MAGLEV>, opt id 184, bytecode offset 90, deopt exit 11, FP to SP delta 112, caller SP 0x00016f0e2420, pc 0x000117820e00]
[bailout (kind: deopt-eager, reason: Insufficient type feedback for call): begin. deoptimizing 0x01b9fc4f8ea1 <JSFunction __importStar (sfi = 0x3584d42cdd51)>, 0x2a3b5ce19ff9 <Code MAGLEV>, opt id 187, bytecode offset 90, deopt exit 11, FP to SP delta 112, caller SP 0x00016f0e23f0, pc 0x0001178219e0]
[bailout (kind: deopt-eager, reason: Insufficient type feedback for call): begin. deoptimizing 0x2436cbab8a51 <JSFunction __importStar (sfi = 0x3584d42de351)>, 0x2a3b5ce1ab59 <Code MAGLEV>, opt id 190, bytecode offset 90, deopt exit 11, FP to SP delta 112, caller SP 0x00016f0e2890, pc 0x000117822ca0]
[bailout (kind: deopt-eager, reason: Insufficient type feedback for call): begin. deoptimizing 0x3c5c6f203b99 <JSFunction __importStar (sfi = 0x3584d42ee821)>, 0x2a3b5ce1b6b9 <Code MAGLEV>, opt id 193, bytecode offset 90, deopt exit 11, FP to SP delta 112, caller SP 0x00016f0e24a0, pc 0x000117823f60]
[bailout (kind: deopt-eager, reason: Insufficient type feedback for call): begin. deoptimizing 0x04e28cedf521 <JSFunction __importStar (sfi = 0xd3bd704fe51)>, 0x2a3b5ce1ce11 <Code MAGLEV>, opt id 199, bytecode offset 90, deopt exit 11, FP to SP delta 112, caller SP 0x00016f0e23e0, pc 0x000117826700]
[bailout (kind: deopt-eager, reason: Insufficient type feedback for call): begin. deoptimizing 0x1bcce2c1e089 <JSFunction __importStar (sfi = 0xd3bd705f6f9)>, 0x2a3b5ce1d971 <Code MAGLEV>, opt id 202, bytecode offset 90, deopt exit 11, FP to SP delta 112, caller SP 0x00016f0e23c0, pc 0x0001178279c0]
[26324:0xbcb80c000]      529 ms: Scavenge 73.5 (90.6) -> 65.8 (94.4) MB, pooled: 0.0 MB, 1.19 / 0.00 ms (average mu = 0.984, current mu = 0.986) allocation failure;
[bailout (kind: deopt-eager, reason: Insufficient type feedback for call): begin. deoptimizing 0x20781be480b1 <JSFunction __importStar (sfi = 0xd3bd7070289)>, 0x2a3b5ce1e4d1 <Code MAGLEV>, opt id 205, bytecode offset 90, deopt exit 11, FP to SP delta 112, caller SP 0x00016f0e2870, pc 0x000117828c80]
[bailout (kind: deopt-eager, reason: Insufficient type feedback for call): begin. deoptimizing 0x05eca907fe19 <JSFunction __importStar (sfi = 0x17e77aa5b711)>, 0x2a3b5ce1fc29 <Code MAGLEV>, opt id 211, bytecode offset 90, deopt exit 11, FP to SP delta 112, caller SP 0x00016f0e2860, pc 0x00011782b420]
[bailout (kind: deopt-eager, reason: Insufficient type feedback for call): begin. deoptimizing 0x13309b1463d9 <JSFunction __importStar (sfi = 0x17e77aa6c611)>, 0x2a3b5ce20789 <Code MAGLEV>, opt id 214, bytecode offset 90, deopt exit 11, FP to SP delta 112, caller SP 0x00016f0e27f0, pc 0x00011782c6e0]
[bailout (kind: deopt-eager, reason: Insufficient type feedback for call): begin. deoptimizing 0x05d5760c0891 <JSFunction resolve (sfi = 0x1ec476017c49)>, 0x2325fb580cd9 <Code MAGLEV>, opt id 36, bytecode offset 216, deopt exit 15, FP to SP delta 128, caller SP 0x00016f0e5408, pc 0x00011765a358]
[marking dependent code 0x09de16201989 <Code MAGLEV> (0x20ccaa7982d1 <SharedFunctionInfo safeStringify>) (opt id 124) for deoptimization, reason: dependent prototype chain changed]
[marking dependent code 0x04a1ffa829d9 <Code MAGLEV> (0x1ec4760201b1 <SharedFunctionInfo #updateContext>) (opt id 17) for deoptimization, reason: dependent prototype chain changed]
[bailout (kind: deopt-eager, reason: Insufficient type feedback for generic named access): begin. deoptimizing 0x2841fdca3779 <JSFunction encodeInteger (sfi = 0x3116c6ba6fa9)>, 0x049d38e80781 <Code MAGLEV>, opt id 227, bytecode offset 32, deopt exit 19, FP to SP delta 48, caller SP 0x00016f0e53d0, pc 0x000117865508]
[bailout (kind: deopt-eager, reason: Insufficient type feedback for generic named access): begin. deoptimizing 0x2841fdca3869 <JSFunction decode (sfi = 0x3116c6ba7039)>, 0x31c5b4fc46b9 <Code MAGLEV>, opt id 251, bytecode offset 24, deopt exit 36, FP to SP delta 192, caller SP 0x00016f0e5340, pc 0x000117946d5c]
[bailout (kind: deopt-eager, reason: wrong map): begin. deoptimizing 0x2841fdca3929 <JSFunction encode$1 (sfi = 0x3116c6ba7111)>, 0x31c5b4fcb951 <Code MAGLEV>, opt id 277, bytecode offset 55, deopt exit 13, FP to SP delta 176, caller SP 0x00016f0e5490, pc 0x00011794eac0]
[bailout (kind: deopt-eager, reason: Insufficient type feedback for call): begin. deoptimizing 0x2841fdca4111 <JSFunction decodedMappings (sfi = 0x3116c6ba7939)>, 0x31c5b4fc6d11 <Code MAGLEV>, opt id 263, bytecode offset 8, deopt exit 2, FP to SP delta 32, caller SP 0x00016f0e53b0, pc 0x00011794b404]
[bailout (kind: deopt-eager, reason: Insufficient type feedback for generic named access): begin. deoptimizing 0x2841fdca48f1 <JSFunction traceMappings (sfi = 0x3116c6ba8161)>, 0x22bdd731ff69 <Code TURBOFAN_JS>, opt id 273, bytecode offset 25, deopt exit 81, FP to SP delta 448, caller SP 0x00016f0e54d0, pc 0x000117878338]
[bailout (kind: deopt-eager, reason: wrong map): begin. deoptimizing 0x2841fdca4589 <JSFunction addSegmentInternal (sfi = 0x3116c6ba7e01)>, 0x049d38e93671 <Code MAGLEV>, opt id 274, bytecode offset 0, deopt exit 3, FP to SP delta 112, caller SP 0x00016f0e5330, pc 0x000117911a00]
[bailout (kind: deopt-eager, reason: unexpected name in keyed access): begin. deoptimizing 0x2841fdca4391 <JSFunction put (sfi = 0x3116c6ba7c09)>, 0x31c5b4fc8979 <Code MAGLEV>, opt id 271, bytecode offset 8, deopt exit 3, FP to SP delta 32, caller SP 0x00016f0e5218, pc 0x00011794c868]
[bailout (kind: deopt-eager, reason: unexpected name in keyed access): begin. deoptimizing 0x2841fdca4489 <JSFunction setSourceContent (sfi = 0x3116c6ba7ce1)>, 0x31c5b4fc7f71 <Code MAGLEV>, opt id 268, bytecode offset 15, deopt exit 5, FP to SP delta 48, caller SP 0x00016f0e53b0, pc 0x00011794c040]
[bailout (kind: deopt-eager, reason: unexpected name in keyed access): begin. deoptimizing 0x2841fdca4351 <JSFunction get$2 (sfi = 0x3116c6ba7bc1)>, 0x049d38e90629 <Code MAGLEV>, opt id 258, bytecode offset 8, deopt exit 2, FP to SP delta 32, caller SP 0x00016f0e5188, pc 0x00011790f22c]
[bailout (kind: deopt-eager, reason: wrong call target): begin. deoptimizing 0x16a6f3f180f9 <JSFunction enter (sfi = 0x314124072969)>, 0x049d38e89a61 <Code MAGLEV>, opt id 242, bytecode offset 19, deopt exit 2, FP to SP delta 64, caller SP 0x00016f0e5308, pc 0x0001179051fc]
[bailout (kind: deopt-eager, reason: wrong map): begin. deoptimizing 0x2841fdca4609 <JSFunction getIndex (sfi = 0x3116c6ba7e91)>, 0x31c5b4fc6a59 <Code MAGLEV>, opt id 261, bytecode offset 0, deopt exit 0, FP to SP delta 48, caller SP 0x00016f0e5298, pc 0x00011794b16c]
[bailout (kind: deopt-eager, reason: wrong map): begin. deoptimizing 0x15e8864edc29 <JSFunction addUneditedChunk (sfi = 0x3116c6bb7499)>, 0x049d38e8d1e1 <Code MAGLEV>, opt id 244, bytecode offset 13, deopt exit 55, FP to SP delta 96, caller SP 0x00016f0e5400, pc 0x00011790bdf8]
[bailout (kind: deopt-eager, reason: not a Smi): begin. deoptimizing 0x2841fdca4589 <JSFunction addSegmentInternal (sfi = 0x3116c6ba7e01)>, 0x049d38e98741 <Code MAGLEV>, opt id 286, bytecode offset 22, deopt exit 30, FP to SP delta 128, caller SP 0x00016f0e5400, pc 0x000117915abc]
[bailout (kind: deopt-eager, reason: Insufficient type feedback for generic named access): begin. deoptimizing 0x12816c901de9 <JSFunction enter (sfi = 0x314124072969)>, 0x31c5b4fdb421 <Code MAGLEV>, opt id 292, bytecode offset 114, deopt exit 56, FP to SP delta 64, caller SP 0x00016f0e4fc8, pc 0x000117917bdc]
[bailout (kind: deopt-eager, reason: Insufficient type feedback for generic keyed access): begin. deoptimizing 0x2841fdca3869 <JSFunction decode (sfi = 0x3116c6ba7039)>, 0x22bdd7322241 <Code TURBOFAN_JS>, opt id 252, bytecode offset 154, deopt exit 52, FP to SP delta 336, caller SP 0x00016f0e52e0, pc 0x00011787ad0c]
[bailout (kind: deopt-eager, reason: wrong map): begin. deoptimizing 0x2841fdca4391 <JSFunction put (sfi = 0x3116c6ba7c09)>, 0x049d38e9a4c1 <Code MAGLEV>, opt id 295, bytecode offset 22, deopt exit 5, FP to SP delta 48, caller SP 0x00016f0e5328, pc 0x00011797da58]
[bailout (kind: deopt-eager, reason: Insufficient type feedback for generic named access): begin. deoptimizing 0x2841fdca4931 <JSFunction originalPositionFor$1 (sfi = 0x3116c6ba81a9)>, 0x049d38e90c09 <Code MAGLEV>, opt id 262, bytecode offset 90, deopt exit 10, FP to SP delta 32, caller SP 0x00016f0e53f8, pc 0x00011790f7ec]
[bailout (kind: deopt-eager, reason: Insufficient type feedback for call): begin. deoptimizing 0x2841fdca4589 <JSFunction addSegmentInternal (sfi = 0x3116c6ba7e01)>, 0x31c5b4fde221 <Code MAGLEV>, opt id 296, bytecode offset 124, deopt exit 47, FP to SP delta 112, caller SP 0x00016f0e5400, pc 0x00011791ade8]
[bailout (kind: deopt-eager, reason: Insufficient type feedback for generic keyed access): begin. deoptimizing 0x2841fdca4749 <JSFunction skipSource (sfi = 0x3116c6ba7ff9)>, 0x31c5b4fc8581 <Code MAGLEV>, opt id 270, bytecode offset 35, deopt exit 13, FP to SP delta 32, caller SP 0x00016f0e52e8, pc 0x00011794c5f8]
[bailout (kind: deopt-eager, reason: Insufficient type feedback for generic keyed access): begin. deoptimizing 0x2841fdca3929 <JSFunction encode$1 (sfi = 0x3116c6ba7111)>, 0x31c5b4fd5e39 <Code MAGLEV>, opt id 287, bytecode offset 227, deopt exit 59, FP to SP delta 176, caller SP 0x00016f0e5340, pc 0x000117973f90]
[marking dependent code 0x22bdd73247f1 <Code TURBOFAN_JS> (0x3116c6ba6fa9 <SharedFunctionInfo encodeInteger>) (opt id 282) for deoptimization, reason: dependent property cell changed]
[marking dependent code 0x22bdd7319451 <Code TURBOFAN_JS> (0x3116c6ba6f61 <SharedFunctionInfo decodeInteger>) (opt id 253) for deoptimization, reason: dependent property cell changed]
[marking dependent code 0x31c5b4fc2e71 <Code MAGLEV> (0x3116c6ba6f61 <SharedFunctionInfo decodeInteger>) (opt id 249) for deoptimization, reason: dependent property cell changed]
[marking dependent code 0x049d38e8f5b1 <Code MAGLEV> (0x3116c6ba6fa9 <SharedFunctionInfo encodeInteger>) (opt id 246) for deoptimization, reason: dependent property cell changed]
[marking dependent code 0x049d38e86199 <Code MAGLEV> (0x3de1cdd77e31 <SharedFunctionInfo convertNodeList>) (opt id 235) for deoptimization, reason: dependent property cell changed]
[marking dependent code 0x31c5b4fc0f29 <Code MAGLEV> (0x3de1cdd78971 <SharedFunctionInfo identifier>) (opt id 234) for deoptimization, reason: dependent property cell changed]
[marking dependent code 0x31c5b4fc0779 <Code MAGLEV> (0x31412406f091 <SharedFunctionInfo convertString>) (opt id 232) for deoptimization, reason: dependent property cell changed]
[marking dependent code 0x31c5b4fc0389 <Code MAGLEV> (0x3de1cdd77ab1 <SharedFunctionInfo convertNode>) (opt id 231) for deoptimization, reason: dependent property cell changed]
[marking dependent code 0x049d38e83251 <Code MAGLEV> (0x3116c6bacc61 <SharedFunctionInfo B>) (opt id 230) for deoptimization, reason: dependent property cell changed]
[marking dependent code 0x049d38e82a91 <Code MAGLEV> (0x3116c6bacc61 <SharedFunctionInfo B>) (opt id 229) for deoptimization, reason: dependent property cell changed]
[marking dependent code 0x22bdd7302011 <Code MAGLEV> (0x3116c6bb5d29 <SharedFunctionInfo write>) (opt id 226) for deoptimization, reason: dependent property cell changed]
[marking dependent code 0x1f470a581b49 <Code MAGLEV> (0x16304edbe3b9 <SharedFunctionInfo isErrorStackTraceLimitWritable>) (opt id 225) for deoptimization, reason: dependent property cell changed]
[marking dependent code 0x1f470a581629 <Code MAGLEV> (0x0cea2f2adac1 <SharedFunctionInfo isBuildingSnapshot>) (opt id 224) for deoptimization, reason: dependent property cell changed]
[marking dependent code 0x2f48fa1c3119 <Code MAGLEV> (0x36a781d7ed39 <SharedFunctionInfo wrapModuleLoad>) (opt id 84) for deoptimization, reason: dependent property cell changed]
[marking dependent code 0x029e9cfffaa1 <Code MAGLEV> (0x06693dcca5a9 <SharedFunctionInfo ensureTimerFlagsAreUpdated>) (opt id 47) for deoptimization, reason: dependent property cell changed]
[marking dependent code 0x2325fb5833c1 <Code MAGLEV> (0x06693dcc21d1 <SharedFunctionInfo realpathSync>) (opt id 40) for deoptimization, reason: dependent property cell changed]
[marking dependent code 0x049d38e80f99 <Code MAGLEV> (0x1ec4760201b1 <SharedFunctionInfo #updateContext>) (opt id 228) for deoptimization, reason: dependent property cell changed]
[marking dependent code 0x236612c41089 <Code MAGLEV> (0x06693dcc0639 <SharedFunctionInfo isFileType>) (opt id 24) for deoptimization, reason: dependent property cell changed]
[26324:0xbcb80c000]      607 ms: Scavenge 93.4 (111.1) -> 72.2 (115.6) MB, pooled: 0.0 MB, 1.65 / 0.01 ms (average mu = 0.984, current mu = 0.986) allocation failure;
[26324:0xbcb80c000]      647 ms: Scavenge 96.6 (127.1) -> 75.3 (130.4) MB, pooled: 0.0 MB, 0.70 / 0.00 ms (average mu = 0.984, current mu = 0.986) allocation failure;
[bailout (kind: deopt-eager, reason: wrong call target): begin. deoptimizing 0x0965e5d1e381 <JSFunction enter (sfi = 0x314124072969)>, 0x31c5b4fe2181 <Code MAGLEV>, opt id 299, bytecode offset 114, deopt exit 12, FP to SP delta 64, caller SP 0x00016f0e5088, pc 0x000117923ea4]
[marking dependent code 0x31c5b4fd87f9 <Code MAGLEV> (0x3116c6bba8f1 <SharedFunctionInfo isStaticPropertyKey>) (opt id 289) for deoptimization, reason: dependent field type changed]
[bailout (kind: deopt-eager, reason: out of bounds): begin. deoptimizing 0x22949d0c2a11 <JSFunction stringParser (sfi = 0x3c241a9b2579)>, 0x05575d884bf1 <Code MAGLEV>, opt id 411, bytecode offset 0, deopt exit 2, FP to SP delta 80, caller SP 0x00016f0e5070, pc 0x000117a0509c]
[bailout (kind: deopt-eager, reason: out of bounds): begin. deoptimizing 0x1f892a785261 <JSFunction candidateIndices (sfi = 0x3c241a9b8ca9)>, 0x306ad3148451 <Code MAGLEV>, opt id 413, bytecode offset 134, deopt exit 12, FP to SP delta 64, caller SP 0x00016f0e4ff8, pc 0x0001179cd7e4]
[26324:0xbcb80c000]      681 ms: Scavenge 105.7 (134.4) -> 76.4 (136.6) MB, pooled: 0.0 MB, 0.47 / 0.00 ms (average mu = 0.984, current mu = 0.986) allocation failure;
[bailout (kind: deopt-eager, reason: Insufficient type feedback for generic named access): begin. deoptimizing 0x3c241a998db1 <JSFunction ns (sfi = 0x3b514ace1851)>, 0x306ad314d7f1 <Code MAGLEV>, opt id 453, bytecode offset 54, deopt exit 5, FP to SP delta 112, caller SP 0x00016f0e5558, pc 0x000117a45470]
[bailout (kind: deopt-eager, reason: wrong call target): begin. deoptimizing 0x3c241a998db1 <JSFunction ns (sfi = 0x3b514ace1851)>, 0x306ad314d7f1 <Code MAGLEV>, opt id 453, bytecode offset 24, deopt exit 2, FP to SP delta 112, caller SP 0x00016f0e5558, pc 0x000117a45464]
[26324:0xbcb80c000]      694 ms: Scavenge 107.3 (141.9) -> 76.5 (142.4) MB, pooled: 0.0 MB, 0.23 / 0.00 ms (average mu = 0.984, current mu = 0.986) allocation failure;
[26324:0xbcb80c000]      707 ms: Scavenge 108.3 (142.4) -> 76.4 (142.4) MB, pooled: 0.0 MB, 0.15 / 0.00 ms (average mu = 0.984, current mu = 0.986) allocation failure;
[26324:0xbcb80c000]      719 ms: Scavenge 108.3 (142.4) -> 76.4 (142.4) MB, pooled: 0.0 MB, 0.18 / 0.00 ms (average mu = 0.984, current mu = 0.986) allocation failure;
[26324:0xbcb80c000]      730 ms: Scavenge 108.4 (142.4) -> 76.4 (142.4) MB, pooled: 0.0 MB, 0.11 / 0.00 ms (average mu = 0.984, current mu = 0.986) allocation failure;
[bailout (kind: deopt-eager, reason: wrong map): begin. deoptimizing 0x35b0769be899 <JSFunction search (sfi = 0x3c241a9b8cf1)>, 0x06edef39c531 <Code TURBOFAN_JS>, opt id 455, bytecode offset 257, deopt exit 87, FP to SP delta 160, caller SP 0x00016f0e53d8, pc 0x000117a12278]
[26324:0xbcb80c000]      742 ms: Scavenge 108.4 (142.4) -> 76.4 (142.4) MB, pooled: 0.0 MB, 0.21 / 0.00 ms (average mu = 0.984, current mu = 0.986) allocation failure;
[bailout (kind: deopt-eager, reason: Insufficient type feedback for generic named access): begin. deoptimizing 0x2c105eebba79 <JSFunction recover (sfi = 0x3c241a9b7281)>, 0x06edef3a0f01 <Code TURBOFAN_JS>, opt id 473, bytecode offset 81, deopt exit 23, FP to SP delta 112, caller SP 0x00016f0e5490, pc 0x000117a195a0]
[26324:0xbcb80c000]      753 ms: Scavenge 108.5 (142.4) -> 76.6 (142.4) MB, pooled: 0.0 MB, 0.13 / 0.00 ms (average mu = 0.984, current mu = 0.986) allocation failure;
[26324:0xbcb80c000]      764 ms: Scavenge 108.5 (142.4) -> 76.5 (142.4) MB, pooled: 0.0 MB, 0.14 / 0.00 ms (average mu = 0.984, current mu = 0.986) allocation failure;
[26324:0xbcb80c000]      775 ms: Scavenge 108.5 (142.4) -> 76.6 (142.4) MB, pooled: 0.0 MB, 0.14 / 0.00 ms (average mu = 0.984, current mu = 0.986) allocation failure;
[26324:0xbcb80c000]      785 ms: Scavenge 108.5 (142.4) -> 76.6 (142.4) MB, pooled: 0.0 MB, 0.11 / 0.00 ms (average mu = 0.984, current mu = 0.986) allocation failure;
[26324:0xbcb80c000]      796 ms: Scavenge 108.5 (142.4) -> 76.6 (142.4) MB, pooled: 0.0 MB, 0.11 / 0.00 ms (average mu = 0.984, current mu = 0.986) allocation failure;
[26324:0xbcb80c000]      807 ms: Scavenge 108.5 (142.4) -> 76.6 (142.4) MB, pooled: 0.0 MB, 0.14 / 0.00 ms (average mu = 0.984, current mu = 0.986) allocation failure;
[26324:0xbcb80c000]      818 ms: Scavenge 108.5 (142.4) -> 76.6 (142.4) MB, pooled: 0.0 MB, 0.15 / 0.00 ms (average mu = 0.984, current mu = 0.986) allocation failure;
[26324:0xbcb80c000]      828 ms: Scavenge 108.5 (142.4) -> 76.6 (142.4) MB, pooled: 0.0 MB, 0.12 / 0.00 ms (average mu = 0.984, current mu = 0.986) allocation failure;
[26324:0xbcb80c000]      839 ms: Scavenge 108.5 (142.4) -> 76.6 (142.4) MB, pooled: 0.0 MB, 0.12 / 0.00 ms (average mu = 0.984, current mu = 0.986) allocation failure;
[marking dependent code 0x06edef3ac919 <Code TURBOFAN_JS> (0x3c241a9b7281 <SharedFunctionInfo recover>) (opt id 497) for deoptimization, reason: dependent field type constness changed]
[marking dependent code 0x06edef39fd01 <Code TURBOFAN_JS> (0x0a491683dbc1 <SharedFunctionInfo collectDiagnostic>) (opt id 472) for deoptimization, reason: dependent field type constness changed]
[marking dependent code 0x06edef39f439 <Code TURBOFAN_JS> (0x3c241a9bb689 <SharedFunctionInfo>) (opt id 469) for deoptimization, reason: dependent field type constness changed]
[marking dependent code 0x06edef39e709 <Code TURBOFAN_JS> (0x3b514acf6469 <SharedFunctionInfo collectRunDiagnostic>) (opt id 470) for deoptimization, reason: dependent field type constness changed]
[marking dependent code 0x05575d8867b9 <Code MAGLEV> (0x3b514acf6469 <SharedFunctionInfo collectRunDiagnostic>) (opt id 424) for deoptimization, reason: dependent field type constness changed]
[marking dependent code 0x306ad31498e9 <Code MAGLEV> (0x0a491683dbc1 <SharedFunctionInfo collectDiagnostic>) (opt id 420) for deoptimization, reason: dependent field type constness changed]
[26324:0xbcb80c000]      850 ms: Scavenge 108.6 (142.4) -> 76.7 (142.4) MB, pooled: 0.0 MB, 0.15 / 0.00 ms (average mu = 0.984, current mu = 0.986) allocation failure;
[26324:0xbcb80c000]      862 ms: Scavenge 108.6 (142.4) -> 76.6 (142.4) MB, pooled: 0.0 MB, 0.14 / 0.00 ms (average mu = 0.984, current mu = 0.986) allocation failure;
[26324:0xbcb80c000]      874 ms: Scavenge 108.6 (142.4) -> 76.7 (142.4) MB, pooled: 0.0 MB, 0.20 / 0.00 ms (average mu = 0.984, current mu = 0.986) allocation failure;
[26324:0xbcb80c000]      886 ms: Scavenge 108.6 (142.4) -> 76.7 (142.4) MB, pooled: 0.0 MB, 0.14 / 0.00 ms (average mu = 0.984, current mu = 0.986) allocation failure;
[26324:0xbcb80c000]      898 ms: Scavenge 108.6 (142.4) -> 76.7 (142.4) MB, pooled: 0.0 MB, 0.14 / 0.00 ms (average mu = 0.984, current mu = 0.986) allocation failure;
[bailout (kind: deopt-eager, reason: wrong map): begin. deoptimizing 0x1d78d90cbd19 <JSFunction (sfi = 0x3b514aceae59)>, 0x06edef3b53b1 <Code TURBOFAN_JS>, opt id 518, bytecode offset 184, deopt exit 35, FP to SP delta 176, caller SP 0x00016f0e54a0, pc 0x000117a52af8]
[marking dependent code 0x06edef3b5a09 <Code TURBOFAN_JS> (0x3b514ace1cc1 <SharedFunctionInfo candidate>) (opt id 519) for deoptimization, reason: dependent field type changed]
[marking dependent code 0x306ad31530b1 <Code MAGLEV> (0x3b514aceae59 <SharedFunctionInfo>) (opt id 515) for deoptimization, reason: dependent field type changed]
[26324:0xbcb80c000]      911 ms: Scavenge 108.6 (142.4) -> 76.7 (142.4) MB, pooled: 0.0 MB, 0.11 / 0.00 ms (average mu = 0.984, current mu = 0.986) allocation failure;
[bailout (kind: deopt-eager, reason: Insufficient type feedback for call): begin. deoptimizing 0x2c105eebbd51 <JSFunction parseState (sfi = 0x7d03b2f0a01)>, 0x06edef3a4aa1 <Code TURBOFAN_JS>, opt id 482, bytecode offset 147, deopt exit 10, FP to SP delta 64, caller SP 0x00016f0e55a0, pc 0x000117a1db5c]
[bailout (kind: deopt-eager, reason: Insufficient type feedback for generic named access): begin. deoptimizing 0x3cb55a5a1649 <JSFunction parseState (sfi = 0x3b514acf6811)>, 0x06edef3a3311 <Code TURBOFAN_JS>, opt id 476, bytecode offset 273, deopt exit 10, FP to SP delta 128, caller SP 0x00016f0e5560, pc 0x000117a1c29c]
[bailout (kind: deopt-eager, reason: Insufficient type feedback for call): begin. deoptimizing 0x2c105eebbcf1 <JSFunction parseStateInner (sfi = 0x7d03b2f0a49)>, 0x06edef3a3fb1 <Code TURBOFAN_JS>, opt id 480, bytecode offset 147, deopt exit 8, FP to SP delta 64, caller SP 0x00016f0e5460, pc 0x000117a1d154]
[bailout (kind: deopt-eager, reason: Insufficient type feedback for generic named access): begin. deoptimizing 0x2ed082f83a81 <JSFunction genericRoot (sfi = 0x3c241a9b8721)>, 0x06edef3a6201 <Code TURBOFAN_JS>, opt id 484, bytecode offset 273, deopt exit 18, FP to SP delta 128, caller SP 0x00016f0e53d0, pc 0x000117a1f8c4]
[bailout (kind: deopt-eager, reason: Insufficient type feedback for call): begin. deoptimizing 0x2c105eebbc51 <JSFunction (sfi = 0x3c241a9b6441)>, 0x06edef3a38f9 <Code TURBOFAN_JS>, opt id 481, bytecode offset 147, deopt exit 4, FP to SP delta 64, caller SP 0x00016f0e53d0, pc 0x000117a1c9e4]
[26324:0xbcb80c000]      924 ms: Scavenge 108.7 (142.4) -> 76.8 (142.4) MB, pooled: 0.0 MB, 0.10 / 0.00 ms (average mu = 0.984, current mu = 0.986) allocation failure;
[26324:0xbcb80c000]      932 ms: Scavenge 108.7 (142.4) -> 76.8 (142.4) MB, pooled: 0.0 MB, 0.12 / 0.00 ms (average mu = 0.984, current mu = 0.986) allocation failure;
[26324:0xbcb80c000]      940 ms: Scavenge 108.7 (142.4) -> 76.8 (142.4) MB, pooled: 0.0 MB, 0.15 / 0.00 ms (average mu = 0.984, current mu = 0.986) allocation failure;
[marking dependent code 0x06edef3b84a1 <Code TURBOFAN_JS> (0x3b514ace1c41 <SharedFunctionInfo control>) (opt id 521) for deoptimization, reason: embedded weak objects cleared]
[marking dependent code 0x06edef3b0fc9 <Code TURBOFAN_JS> (0x3b514ace1b39 <SharedFunctionInfo control>) (opt id 508) for deoptimization, reason: embedded weak objects cleared]
[marking dependent code 0x06edef3b07c9 <Code TURBOFAN_JS> (0x3b514ace1bb9 <SharedFunctionInfo candidate>) (opt id 506) for deoptimization, reason: embedded weak objects cleared]
[marking dependent code 0x06edef3ba469 <Code TURBOFAN_JS> (0x3c241a9b8721 <SharedFunctionInfo genericRoot>) (opt id 538) for deoptimization, reason: embedded weak objects cleared]
[marking dependent code 0x22bdd732ced9 <Code TURBOFAN_JS> (0x3116c6ba7939 <SharedFunctionInfo decodedMappings>) (opt id 331) for deoptimization, reason: embedded weak objects cleared]
[marking dependent code 0x22bdd73305c9 <Code TURBOFAN_JS> (0x3116c6ba7981 <SharedFunctionInfo traceSegment>) (opt id 329) for deoptimization, reason: embedded weak objects cleared]
[marking dependent code 0x31c5b4fcdc11 <Code MAGLEV> (0x3116c6ba7bc1 <SharedFunctionInfo get$2>) (opt id 278) for deoptimization, reason: embedded weak objects cleared]
[marking dependent code 0x31c5b4fe44e1 <Code MAGLEV> (0x3116c6ba7c09 <SharedFunctionInfo put>) (opt id 302) for deoptimization, reason: embedded weak objects cleared]
[marking dependent code 0x22bdd732e441 <Code TURBOFAN_JS> (0x3116c6ba7ce1 <SharedFunctionInfo setSourceContent>) (opt id 332) for deoptimization, reason: embedded weak objects cleared]
[marking dependent code 0x22bdd733c5d1 <Code TURBOFAN_JS> (0x3116c6ba7e01 <SharedFunctionInfo addSegmentInternal>) (opt id 355) for deoptimization, reason: embedded weak objects cleared]
[marking dependent code 0x09de16206c71 <Code MAGLEV> (0x20ccaa792759 <SharedFunctionInfo optimizeNames>) (opt id 137) for deoptimization, reason: embedded weak objects cleared]
[marking dependent code 0x306ad314be89 <Code MAGLEV> (0x07d03b2d5aa1 <SharedFunctionInfo mergeLabels>) (opt id 448) for deoptimization, reason: embedded weak objects cleared]
[marking dependent code 0x06edef3bc8b9 <Code TURBOFAN_JS> (0x3b514acf6811 <SharedFunctionInfo parseState>) (opt id 539) for deoptimization, reason: embedded weak objects cleared]
[marking dependent code 0x06edef39ddf1 <Code TURBOFAN_JS> (0x3c241a9bb641 <SharedFunctionInfo>) (opt id 471) for deoptimization, reason: embedded weak objects cleared]
[marking dependent code 0x06edef395001 <Code TURBOFAN_JS> (0x3c241a9bc4f1 <SharedFunctionInfo alphabet.alphabet>) (opt id 454) for deoptimization, reason: embedded weak objects cleared]
[marking dependent code 0x06edef3acc49 <Code TURBOFAN_JS> (0x3b514ace1ab1 <SharedFunctionInfo candidate>) (opt id 498) for deoptimization, reason: embedded weak objects cleared]
[marking dependent code 0x06edef3a5829 <Code TURBOFAN_JS> (0x3b514ace1929 <SharedFunctionInfo control>) (opt id 483) for deoptimization, reason: embedded weak objects cleared]
[marking dependent code 0x06edef3a2281 <Code TURBOFAN_JS> (0x3b514ace19a9 <SharedFunctionInfo candidate>) (opt id 478) for deoptimization, reason: embedded weak objects cleared]
[marking dependent code 0x06edef3b6311 <Code MAGLEV> (0x3b514aceae59 <SharedFunctionInfo>) (opt id 522) for deoptimization, reason: embedded weak objects cleared]
[marking dependent code 0x049d38e9dda1 <Code MAGLEV> (0x3116c6bb5d29 <SharedFunctionInfo write>) (opt id 320) for deoptimization, reason: embedded weak objects cleared]
[marking dependent code 0x22bdd7329de9 <Code TURBOFAN_JS> (0x3116c6ba6fa9 <SharedFunctionInfo encodeInteger>) (opt id 322) for deoptimization, reason: embedded weak objects cleared]
[marking dependent code 0x049d38ebdd81 <Code TURBOFAN_JS> (0x3116c6ba8161 <SharedFunctionInfo traceMappings>) (opt id 362) for deoptimization, reason: embedded weak objects cleared]
[marking dependent code 0x22bdd73383e9 <Code TURBOFAN_JS> (0x3116c6ba81a9 <SharedFunctionInfo originalPositionFor$1>) (opt id 345) for deoptimization, reason: embedded weak objects cleared]
[marking dependent code 0x31c5b4ff3059 <Code MAGLEV> (0x3de1cdd78221 <SharedFunctionInfo binaryExpression>) (opt id 373) for deoptimization, reason: embedded weak objects cleared]
[marking dependent code 0x049d38eb28b1 <Code MAGLEV> (0x3de1cdd78269 <SharedFunctionInfo blockStatement>) (opt id 357) for deoptimization, reason: embedded weak objects cleared]
[marking dependent code 0x31c5b4fee419 <Code MAGLEV> (0x3de1cdd782f9 <SharedFunctionInfo callExpression>) (opt id 341) for deoptimization, reason: embedded weak objects cleared]
[marking dependent code 0x049d38eb1c89 <Code MAGLEV> (0x3de1cdd787c1 <SharedFunctionInfo expressionStatement>) (opt id 351) for deoptimization, reason: embedded weak objects cleared]
[marking dependent code 0x049d38e9ad49 <Code MAGLEV> (0x3de1cdd78971 <SharedFunctionInfo identifier>) (opt id 310) for deoptimization, reason: embedded weak objects cleared]
[marking dependent code 0x31c5b4ff21e1 <Code MAGLEV> (0x3de1cdd79109 <SharedFunctionInfo literalNumber>) (opt id 370) for deoptimization, reason: embedded weak objects cleared]
[marking dependent code 0x306ad3148759 <Code MAGLEV> (0x3b514acf65d1 <SharedFunctionInfo ok>) (opt id 415) for deoptimization, reason: embedded weak objects cleared]
[marking dependent code 0x06edef3957b1 <Code TURBOFAN_JS> (0x3b514acf6619 <SharedFunctionInfo rollback>) (opt id 458) for deoptimization, reason: embedded weak objects cleared]
[marking dependent code 0x306ad314a1b9 <Code MAGLEV> (0x3b514acf6661 <SharedFunctionInfo pushDiagnostic>) (opt id 423) for deoptimization, reason: embedded weak objects cleared]
[marking dependent code 0x306ad3148959 <Code MAGLEV> (0x3b514acf6739 <SharedFunctionInfo clearFrontierExtras>) (opt id 416) for deoptimization, reason: embedded weak objects cleared]
[marking dependent code 0x05575d888fb1 <Code MAGLEV> (0x3b514acf6781 <SharedFunctionInfo RunState>) (opt id 437) for deoptimization, reason: embedded weak objects cleared]
[marking dependent code 0x06edef3a1691 <Code TURBOFAN_JS> (0x3b514acf6589 <SharedFunctionInfo RunState>) (opt id 477) for deoptimization, reason: embedded weak objects cleared]
[marking dependent code 0x06edef3b29b1 <Code TURBOFAN_JS> (0x3b514acf6469 <SharedFunctionInfo collectRunDiagnostic>) (opt id 510) for deoptimization, reason: embedded weak objects cleared]
[marking dependent code 0x306ad3148d99 <Code MAGLEV> (0x3b514ace1779 <SharedFunctionInfo view>) (opt id 417) for deoptimization, reason: embedded weak objects cleared]
[marking dependent code 0x05575d88d721 <Code MAGLEV> (0x3b514ace17c1 <SharedFunctionInfo failureView>) (opt id 525) for deoptimization, reason: embedded weak objects cleared]
[marking dependent code 0x06edef3b9911 <Code TURBOFAN_JS> (0x3b514ace1dc9 <SharedFunctionInfo candidate>) (opt id 540) for deoptimization, reason: embedded weak objects cleared]
[marking dependent code 0x06edef3bda71 <Code TURBOFAN_JS> (0x3b514ace1d49 <SharedFunctionInfo control>) (opt id 544) for deoptimization, reason: embedded weak objects cleared]
[marking dependent code 0x049d38eb9399 <Code TURBOFAN_JS> (0x3116c6ba7111 <SharedFunctionInfo encode$1>) (opt id 361) for deoptimization, reason: embedded weak objects cleared]
[marking dependent code 0x31c5b4ff0d41 <Code MAGLEV> (0x3116c6bb6f41 <SharedFunctionInfo appendLeft>) (opt id 368) for deoptimization, reason: embedded weak objects cleared]
[marking dependent code 0x31c5b4fdfd29 <Code MAGLEV> (0x3116c6bb7019 <SharedFunctionInfo contains>) (opt id 298) for deoptimization, reason: embedded weak objects cleared]
[marking dependent code 0x049d38eb3909 <Code MAGLEV> (0x3116c6bb7061 <SharedFunctionInfo eachNext>) (opt id 360) for deoptimization, reason: embedded weak objects cleared]
[marking dependent code 0x06edef3814a9 <Code MAGLEV> (0x3116c6bb70f1 <SharedFunctionInfo edit>) (opt id 384) for deoptimization, reason: embedded weak objects cleared]
[marking dependent code 0x049d38eadf69 <Code MAGLEV> (0x3116c6bb7211 <SharedFunctionInfo split>) (opt id 346) for deoptimization, reason: embedded weak objects cleared]
[marking dependent code 0x049d38ea7021 <Code MAGLEV> (0x3116c6bb7259 <SharedFunctionInfo toString>) (opt id 339) for deoptimization, reason: embedded weak objects cleared]
[marking dependent code 0x22bdd732b951 <Code TURBOFAN_JS> (0x3116c6bb7499 <SharedFunctionInfo addUneditedChunk>) (opt id 319) for deoptimization, reason: embedded weak objects cleared]
[marking dependent code 0x049d38ea6d19 <Code MAGLEV> (0x3116c6bb74e1 <SharedFunctionInfo advance>) (opt id 338) for deoptimization, reason: embedded weak objects cleared]
[marking dependent code 0x31c5b4ff0a99 <Code MAGLEV> (0x3116c6bb7601 <SharedFunctionInfo appendLeft>) (opt id 367) for deoptimization, reason: embedded weak objects cleared]
[marking dependent code 0x049d38eab491 <Code MAGLEV> (0x3116c6bb7cc1 <SharedFunctionInfo _split>) (opt id 343) for deoptimization, reason: embedded weak objects cleared]
[marking dependent code 0x049d38eb22e9 <Code MAGLEV> (0x3116c6bb7d09 <SharedFunctionInfo _splitChunk>) (opt id 353) for deoptimization, reason: embedded weak objects cleared]
[marking dependent code 0x31c5b4fef221 <Code MAGLEV> (0x3116c6bb7d51 <SharedFunctionInfo toString>) (opt id 364) for deoptimization, reason: embedded weak objects cleared]
[marking dependent code 0x049d38ea5931 <Code MAGLEV> (0x3116c6bb6ef9 <SharedFunctionInfo Chunk>) (opt id 336) for deoptimization, reason: embedded weak objects cleared]
[marking dependent code 0x31c5b4febc71 <Code MAGLEV> (0x3de1cdd77ab1 <SharedFunctionInfo convertNode>) (opt id 308) for deoptimization, reason: embedded weak objects cleared]
[marking dependent code 0x09de16205339 <Code MAGLEV> (0x20ccaa7986d1 <SharedFunctionInfo get names>) (opt id 132) for deoptimization, reason: embedded weak objects cleared]
[marking dependent code 0x2a3b5ce0d279 <Code MAGLEV> (0x20ccaa798669 <SharedFunctionInfo get str>) (opt id 140) for deoptimization, reason: embedded weak objects cleared]
[marking dependent code 0x2a3b5ce0ce59 <Code MAGLEV> (0x20ccaa7985c1 <SharedFunctionInfo toString>) (opt id 139) for deoptimization, reason: embedded weak objects cleared]
[marking dependent code 0x22bdd732abf9 <Code TURBOFAN_JS> (0x3116c6bba7d1 <SharedFunctionInfo visit>) (opt id 317) for deoptimization, reason: embedded weak objects cleared]
[marking dependent code 0x31c5b4ff64c9 <Code MAGLEV> (0x3116c6bba6b1 <SharedFunctionInfo WalkerBase>) (opt id 378) for deoptimization, reason: embedded weak objects cleared]
[marking dependent code 0x31c5b4ff6a89 <Code MAGLEV> (0x3116c6bba789 <SharedFunctionInfo SyncWalker>) (opt id 379) for deoptimization, reason: embedded weak objects cleared]
[marking dependent code 0x06edef380b91 <Code MAGLEV> (0x3116c6bade61 <SharedFunctionInfo walk>) (opt id 383) for deoptimization, reason: embedded weak objects cleared]
[marking dependent code 0x06edef3826d9 <Code MAGLEV> (0x3de1cdd79199 <SharedFunctionInfo literalString>) (opt id 387) for deoptimization, reason: embedded weak objects cleared]
[marking dependent code 0x049d38e9b9b1 <Code MAGLEV> (0x3de1cdd79229 <SharedFunctionInfo memberExpression>) (opt id 311) for deoptimization, reason: embedded weak objects cleared]
[marking dependent code 0x31c5b4ff3829 <Code MAGLEV> (0x3de1cdd79541 <SharedFunctionInfo returnStatement>) (opt id 374) for deoptimization, reason: embedded weak objects cleared]
[marking dependent code 0x049d38eb08a9 <Code MAGLEV> (0x3de1cdd79979 <SharedFunctionInfo variableDeclaration>) (opt id 349) for deoptimization, reason: embedded weak objects cleared]
[marking dependent code 0x049d38eb1471 <Code MAGLEV> (0x3de1cdd799c1 <SharedFunctionInfo variableDeclarator>) (opt id 350) for deoptimization, reason: embedded weak objects cleared]
[marking dependent code 0x31c5b4fecf59 <Code MAGLEV> (0x3de1cdd77e31 <SharedFunctionInfo convertNodeList>) (opt id 312) for deoptimization, reason: embedded weak objects cleared]
[marking dependent code 0x049d38eafca1 <Code MAGLEV> (0x34f54be040e9 <SharedFunctionInfo _write>) (opt id 348) for deoptimization, reason: embedded weak objects cleared]
[marking dependent code 0x06edef385541 <Code MAGLEV> (0x34f54be04131 <SharedFunctionInfo write8>) (opt id 391) for deoptimization, reason: embedded weak objects cleared]
[marking dependent code 0x06edef386181 <Code MAGLEV> (0x34f54be041c1 <SharedFunctionInfo write>) (opt id 392) for deoptimization, reason: embedded weak objects cleared]
[marking dependent code 0x049d38ebf589 <Code MAGLEV> (0x34f54be04209 <SharedFunctionInfo _read>) (opt id 372) for deoptimization, reason: embedded weak objects cleared]
[marking dependent code 0x2a3b5ce0bcd1 <Code MAGLEV> (0x20ccaa793e01 <SharedFunctionInfo get _currNode>) (opt id 123) for deoptimization, reason: embedded weak objects cleared]
[marking dependent code 0x2a3b5ce10221 <Code MAGLEV> (0x20ccaa793c59 <SharedFunctionInfo _leafNode>) (opt id 143) for deoptimization, reason: embedded weak objects cleared]
[26324:0xbcb80c000]      952 ms: Mark-Compact 82.7 (142.4) -> 65.9 (141.0) MB, pooled: 0.0 MB, 9.85 / 0.00 ms (average mu = 0.984, current mu = 0.984) testing; GC in old space requested
[26324:0xbcb80c000]      964 ms: Mark-Compact 66.6 (141.0) -> 65.9 (136.5) MB, pooled: 5.5 MB, 11.30 / 0.00 ms (average mu = 0.956, current mu = 0.041) testing; GC in old space requested
[26324:0xbcb80c000]      974 ms: Mark-Compact 66.3 (136.5) -> 65.5 (135.7) MB, pooled: 5.8 MB, 9.87 / 0.00 ms (average mu = 0.912, current mu = 0.072) testing; GC in old space requested
[marking dependent code 0x2f48fa1c0d79 <Code MAGLEV> (0x19785f767d09 <SharedFunctionInfo getOptions>) (opt id 80) for deoptimization, reason: embedded weak objects cleared]
[marking dependent code 0x31c5b4fd5039 <Code MAGLEV> (0x3116c6bae0c1 <SharedFunctionInfo isRefIdentifier>) (opt id 316) for deoptimization, reason: embedded weak objects cleared]
[26324:0xbcb80c000]      988 ms: Mark-Compact 70.2 (135.7) -> 66.6 (135.7) MB, pooled: 5.8 MB, 11.61 / 0.00 ms (average mu = 0.825, current mu = 0.124) testing; GC in old space requested
[26324:0xbcb80c000]      999 ms: Mark-Compact 66.7 (135.7) -> 65.6 (135.7) MB, pooled: 5.8 MB, 11.00 / 0.00 ms (average mu = 0.697, current mu = 0.016) testing; GC in old space requested
[26324:0xbcb80c000]     1011 ms: Mark-Compact 66.3 (136.2) -> 65.7 (135.7) MB, pooled: 5.8 MB, 11.54 / 0.00 ms (average mu = 0.532, current mu = 0.050) testing; GC in old space requested
[26324:0xbcb80c000]     1025 ms: Mark-Compact 65.7 (135.7) -> 65.6 (135.7) MB, pooled: 5.8 MB, 13.61 / 0.00 ms (average mu = 0.342, current mu = 0.017) testing; GC in old space requested
[26324:0xbcb80c000]     1036 ms: Mark-Compact 66.2 (135.7) -> 65.7 (135.7) MB, pooled: 5.8 MB, 9.58 / 0.00 ms (average mu = 0.266, current mu = 0.136) testing; GC in old space requested
[bailout (kind: deopt-eager, reason: wrong call target): begin. deoptimizing 0x2c105eebbd51 <JSFunction parseState (sfi = 0x7d03b2f0a01)>, 0x22bdd7332c21 <Code TURBOFAN_JS>, opt id 543, bytecode offset 20, deopt exit 8, FP to SP delta 80, caller SP 0x00016f0e5610, pc 0x000117919f74]
[bailout (kind: deopt-eager, reason: wrong call target): begin. deoptimizing 0x20781be417b1 <JSFunction recover (sfi = 0x3c241a9b7281)>, 0x3ec1b2e01d29 <Code TURBOFAN_JS>, opt id 558, bytecode offset 0, deopt exit 4, FP to SP delta 128, caller SP 0x00016f0e5210, pc 0x0001178dcc6c]
[bailout (kind: deopt-eager, reason: wrong call target): begin. deoptimizing 0x2c105eebbcf1 <JSFunction parseStateInner (sfi = 0x7d03b2f0a49)>, 0x22bdd7331c89 <Code TURBOFAN_JS>, opt id 541, bytecode offset 20, deopt exit 5, FP to SP delta 80, caller SP 0x00016f0e5580, pc 0x000117918ca8]
[26324:0xbcb80c000]     1070 ms: Scavenge 97.8 (135.7) -> 65.9 (135.7) MB, pooled: 5.8 MB, 0.19 / 0.00 ms (average mu = 0.266, current mu = 0.136) allocation failure;
[marking dependent code 0x2325fb582839 <Code TURBOFAN_JS> (0x3c241a9b8c61 <SharedFunctionInfo makeResidual>) (opt id 591) for deoptimization, reason: dependent allocation site tenuring changed]
[26324:0xbcb80c000]     1087 ms: Scavenge 97.8 (135.7) -> 65.9 (135.7) MB, pooled: 5.8 MB, 0.22 / 0.00 ms (average mu = 0.266, current mu = 0.136) allocation failure;
[26324:0xbcb80c000]     1105 ms: Scavenge 97.9 (135.7) -> 66.0 (135.7) MB, pooled: 5.8 MB, 0.11 / 0.00 ms (average mu = 0.266, current mu = 0.136) allocation failure;
[26324:0xbcb80c000]     1122 ms: Scavenge 97.9 (135.7) -> 66.0 (135.7) MB, pooled: 5.8 MB, 0.89 / 0.00 ms (average mu = 0.266, current mu = 0.136) allocation failure;
[26324:0xbcb80c000]     1140 ms: Scavenge 97.9 (135.7) -> 66.0 (135.7) MB, pooled: 5.8 MB, 0.12 / 0.00 ms (average mu = 0.266, current mu = 0.136) allocation failure;
[26324:0xbcb80c000]     1155 ms: Scavenge 97.9 (135.7) -> 66.0 (135.7) MB, pooled: 5.8 MB, 0.13 / 0.00 ms (average mu = 0.266, current mu = 0.136) allocation failure;
[26324:0xbcb80c000]     1170 ms: Scavenge 97.9 (135.7) -> 66.0 (135.7) MB, pooled: 5.8 MB, 0.12 / 0.00 ms (average mu = 0.266, current mu = 0.136) allocation failure;
[26324:0xbcb80c000]     1185 ms: Scavenge 97.9 (135.7) -> 66.0 (135.7) MB, pooled: 5.8 MB, 0.12 / 0.00 ms (average mu = 0.266, current mu = 0.136) allocation failure;
[26324:0xbcb80c000]     1199 ms: Scavenge 98.0 (136.0) -> 66.0 (136.0) MB, pooled: 5.8 MB, 0.13 / 0.00 ms (average mu = 0.266, current mu = 0.136) allocation failure;
[26324:0xbcb80c000]     1213 ms: Scavenge 98.0 (136.0) -> 66.1 (136.0) MB, pooled: 5.8 MB, 0.12 / 0.00 ms (average mu = 0.266, current mu = 0.136) allocation failure;
[26324:0xbcb80c000]     1228 ms: Scavenge 98.0 (136.0) -> 66.0 (136.0) MB, pooled: 5.8 MB, 0.12 / 0.00 ms (average mu = 0.266, current mu = 0.136) allocation failure;
[26324:0xbcb80c000]     1243 ms: Scavenge 98.0 (136.0) -> 66.1 (136.0) MB, pooled: 5.8 MB, 0.20 / 0.00 ms (average mu = 0.266, current mu = 0.136) allocation failure;
[26324:0xbcb80c000]     1261 ms: Scavenge 98.0 (136.0) -> 66.1 (136.0) MB, pooled: 5.8 MB, 0.14 / 0.00 ms (average mu = 0.266, current mu = 0.136) allocation failure;
[26324:0xbcb80c000]     1277 ms: Scavenge 98.0 (136.0) -> 66.1 (136.0) MB, pooled: 5.8 MB, 0.15 / 0.00 ms (average mu = 0.266, current mu = 0.136) allocation failure;
[26324:0xbcb80c000]     1294 ms: Scavenge 98.0 (136.0) -> 66.1 (136.0) MB, pooled: 5.8 MB, 0.13 / 0.00 ms (average mu = 0.266, current mu = 0.136) allocation failure;
[26324:0xbcb80c000]     1308 ms: Scavenge 98.0 (136.0) -> 66.1 (136.0) MB, pooled: 5.8 MB, 0.12 / 0.00 ms (average mu = 0.266, current mu = 0.136) allocation failure;
[marking dependent code 0x04a1ffa87301 <Code TURBOFAN_JS> (0x3b514acf6811 <SharedFunctionInfo parseState>) (opt id 626) for deoptimization, reason: embedded weak objects cleared]
[marking dependent code 0x31c5b4fdc941 <Code TURBOFAN_JS> (0x3c241a9bb689 <SharedFunctionInfo>) (opt id 616) for deoptimization, reason: embedded weak objects cleared]
[marking dependent code 0x31c5b4fdab61 <Code TURBOFAN_JS> (0x3c241a9bb641 <SharedFunctionInfo>) (opt id 617) for deoptimization, reason: embedded weak objects cleared]
[marking dependent code 0x2325fb584c89 <Code MAGLEV> (0x3b514ace1ab1 <SharedFunctionInfo candidate>) (opt id 613) for deoptimization, reason: embedded weak objects cleared]
[marking dependent code 0x31c5b4fdd589 <Code TURBOFAN_JS> (0x3c241a9b8721 <SharedFunctionInfo genericRoot>) (opt id 622) for deoptimization, reason: embedded weak objects cleared]
[marking dependent code 0x2f48fa1c4f21 <Code TURBOFAN_JS> (0x3c241a9bc4f1 <SharedFunctionInfo alphabet.alphabet>) (opt id 599) for deoptimization, reason: embedded weak objects cleared]
[marking dependent code 0x2325fb5804c9 <Code TURBOFAN_JS> (0x3b514ace1779 <SharedFunctionInfo view>) (opt id 619) for deoptimization, reason: embedded weak objects cleared]
[marking dependent code 0x04a1ffa85ed1 <Code MAGLEV> (0x3b514ace1dc9 <SharedFunctionInfo candidate>) (opt id 625) for deoptimization, reason: embedded weak objects cleared]
[marking dependent code 0x37efafb01959 <Code TURBOFAN_JS> (0x3b514acf65d1 <SharedFunctionInfo ok>) (opt id 608) for deoptimization, reason: embedded weak objects cleared]
[marking dependent code 0x3ec1b2e02179 <Code TURBOFAN_JS> (0x3b514acf6619 <SharedFunctionInfo rollback>) (opt id 584) for deoptimization, reason: embedded weak objects cleared]
[marking dependent code 0x2325fb582c89 <Code TURBOFAN_JS> (0x3b514acf6589 <SharedFunctionInfo RunState>) (opt id 594) for deoptimization, reason: embedded weak objects cleared]
[marking dependent code 0x3589ac184b49 <Code TURBOFAN_JS> (0x3b514acf6469 <SharedFunctionInfo collectRunDiagnostic>) (opt id 586) for deoptimization, reason: embedded weak objects cleared]
[26324:0xbcb80c000]     1321 ms: Mark-Compact 81.4 (136.0) -> 65.7 (136.0) MB, pooled: 5.8 MB, 8.97 / 0.00 ms (average mu = 0.934, current mu = 0.969) testing; GC in old space requested
[26324:0xbcb80c000]     1334 ms: Mark-Compact 66.8 (136.0) -> 66.4 (136.0) MB, pooled: 5.8 MB, 12.54 / 0.00 ms (average mu = 0.862, current mu = 0.030) testing; GC in old space requested
[26324:0xbcb80c000]     1344 ms: Mark-Compact 66.9 (136.0) -> 65.7 (135.7) MB, pooled: 5.8 MB, 9.96 / 0.00 ms (average mu = 0.769, current mu = 0.025) testing; GC in old space requested
[26324:0xbcb80c000]     1356 ms: Mark-Compact 73.1 (135.7) -> 67.2 (135.7) MB, pooled: 5.8 MB, 9.91 / 0.00 ms (average mu = 0.646, current mu = 0.179) testing; GC in old space requested
[26324:0xbcb80c000]     1365 ms: Mark-Compact 67.3 (135.7) -> 65.6 (135.7) MB, pooled: 5.8 MB, 8.77 / 0.00 ms (average mu = 0.498, current mu = 0.017) testing; GC in old space requested
[26324:0xbcb80c000]     1375 ms: Mark-Compact 67.1 (135.7) -> 65.8 (135.7) MB, pooled: 5.8 MB, 8.07 / 0.00 ms (average mu = 0.376, current mu = 0.127) testing; GC in old space requested
[26324:0xbcb80c000]     1396 ms: Mark-Compact 65.9 (135.7) -> 65.6 (135.7) MB, pooled: 5.8 MB, 21.25 / 0.00 ms (average mu = 0.162, current mu = 0.023) testing; GC in old space requested
[26324:0xbcb80c000]     1408 ms: Mark-Compact 66.6 (135.7) -> 65.8 (135.7) MB, pooled: 5.8 MB, 10.62 / 0.00 ms (average mu = 0.149, current mu = 0.130) testing; GC in old space requested
[26324:0xbcb80c000]     1431 ms: Scavenge 97.9 (135.7) -> 66.1 (135.7) MB, pooled: 5.8 MB, 0.20 / 0.00 ms (average mu = 0.149, current mu = 0.130) allocation failure;
[26324:0xbcb80c000]     1454 ms: Scavenge 97.9 (136.0) -> 66.1 (136.0) MB, pooled: 5.8 MB, 0.20 / 0.00 ms (average mu = 0.149, current mu = 0.130) allocation failure;
[26324:0xbcb80c000]     1474 ms: Scavenge 98.0 (136.0) -> 66.1 (136.0) MB, pooled: 5.8 MB, 0.11 / 0.00 ms (average mu = 0.149, current mu = 0.130) allocation failure;
[26324:0xbcb80c000]     1494 ms: Scavenge 98.1 (136.0) -> 66.1 (136.0) MB, pooled: 5.8 MB, 0.12 / 0.00 ms (average mu = 0.149, current mu = 0.130) allocation failure;
[26324:0xbcb80c000]     1514 ms: Scavenge 98.1 (136.0) -> 66.1 (136.0) MB, pooled: 5.8 MB, 0.14 / 0.00 ms (average mu = 0.149, current mu = 0.130) allocation failure;
[26324:0xbcb80c000]     1536 ms: Scavenge 98.1 (136.0) -> 66.1 (136.0) MB, pooled: 5.8 MB, 0.12 / 0.00 ms (average mu = 0.149, current mu = 0.130) allocation failure;
[26324:0xbcb80c000]     1561 ms: Scavenge 98.1 (136.0) -> 66.1 (136.0) MB, pooled: 5.8 MB, 0.16 / 0.00 ms (average mu = 0.149, current mu = 0.130) allocation failure;
[26324:0xbcb80c000]     1582 ms: Mark-Compact 80.9 (136.0) -> 65.8 (136.0) MB, pooled: 5.8 MB, 10.06 / 0.00 ms (average mu = 0.878, current mu = 0.942) testing; GC in old space requested
[26324:0xbcb80c000]     1593 ms: Mark-Compact 67.7 (136.0) -> 67.1 (136.0) MB, pooled: 5.5 MB, 10.54 / 0.00 ms (average mu = 0.791, current mu = 0.042) testing; GC in old space requested
[marking dependent code 0x3ec1b2e06bd9 <Code MAGLEV> (0x3c241a9b8721 <SharedFunctionInfo genericRoot>) (opt id 656) for deoptimization, reason: embedded weak objects cleared]
[marking dependent code 0x1f470a59f321 <Code TURBOFAN_JS> (0x3b514ace1779 <SharedFunctionInfo view>) (opt id 653) for deoptimization, reason: embedded weak objects cleared]
[marking dependent code 0x37efafb037a1 <Code MAGLEV> (0x3b514aceae59 <SharedFunctionInfo>) (opt id 661) for deoptimization, reason: embedded weak objects cleared]
[marking dependent code 0x2325fb5821e9 <Code MAGLEV> (0x3c241a9bb689 <SharedFunctionInfo>) (opt id 663) for deoptimization, reason: embedded weak objects cleared]
[marking dependent code 0x3589ac1847a1 <Code MAGLEV> (0x3c241a9bb641 <SharedFunctionInfo>) (opt id 662) for deoptimization, reason: embedded weak objects cleared]
[marking dependent code 0x1f470a599b91 <Code TURBOFAN_JS> (0x3c241a9bc4f1 <SharedFunctionInfo alphabet.alphabet>) (opt id 638) for deoptimization, reason: embedded weak objects cleared]
[marking dependent code 0x2a3b5ce015e9 <Code TURBOFAN_JS> (0x3b514acf65d1 <SharedFunctionInfo ok>) (opt id 646) for deoptimization, reason: embedded weak objects cleared]
[marking dependent code 0x3ec1b2e028b1 <Code TURBOFAN_JS> (0x3b514acf6619 <SharedFunctionInfo rollback>) (opt id 641) for deoptimization, reason: embedded weak objects cleared]
[marking dependent code 0x3ec1b2e031c1 <Code TURBOFAN_JS> (0x3b514acf6589 <SharedFunctionInfo RunState>) (opt id 644) for deoptimization, reason: embedded weak objects cleared]
[marking dependent code 0x2a3b5ce01311 <Code TURBOFAN_JS> (0x3b514acf6469 <SharedFunctionInfo collectRunDiagnostic>) (opt id 643) for deoptimization, reason: embedded weak objects cleared]
[marking dependent code 0x1c4dcdf75d91 <Code TURBOFAN_JS> (0x3c241a9b87f9 <SharedFunctionInfo parseState>) (opt id 664) for deoptimization, reason: embedded weak objects cleared]
[26324:0xbcb80c000]     1602 ms: Mark-Compact 67.9 (136.0) -> 65.8 (136.0) MB, pooled: 5.5 MB, 8.99 / 0.00 ms (average mu = 0.677, current mu = 0.038) testing; GC in old space requested
[26324:0xbcb80c000]     1615 ms: Mark-Compact 78.9 (136.0) -> 68.5 (136.0) MB, pooled: 5.5 MB, 9.85 / 0.00 ms (average mu = 0.548, current mu = 0.241) testing; GC in old space requested
[26324:0xbcb80c000]     1624 ms: Mark-Compact 68.7 (136.0) -> 65.7 (136.0) MB, pooled: 5.5 MB, 8.61 / 0.00 ms (average mu = 0.402, current mu = 0.044) testing; GC in old space requested
[26324:0xbcb80c000]     1639 ms: Mark-Compact 69.5 (136.0) -> 66.0 (136.0) MB, pooled: 5.5 MB, 7.55 / 0.00 ms (average mu = 0.445, current mu = 0.491) testing; GC in old space requested
[26324:0xbcb80c000]     1662 ms: Mark-Compact 66.1 (136.0) -> 65.7 (136.0) MB, pooled: 5.5 MB, 22.23 / 0.00 ms (average mu = 0.196, current mu = 0.032) testing; GC in old space requested
[26324:0xbcb80c000]     1673 ms: Mark-Compact 67.7 (136.0) -> 66.0 (136.0) MB, pooled: 5.5 MB, 8.91 / 0.00 ms (average mu = 0.209, current mu = 0.230) testing; GC in old space requested
[26324:0xbcb80c000]     1705 ms: Scavenge 98.1 (136.2) -> 66.4 (136.2) MB, pooled: 5.5 MB, 0.23 / 0.00 ms (average mu = 0.209, current mu = 0.230) allocation failure;
[26324:0xbcb80c000]     1737 ms: Scavenge 98.1 (136.2) -> 66.5 (136.2) MB, pooled: 5.5 MB, 0.29 / 0.00 ms (average mu = 0.209, current mu = 0.230) allocation failure;
[26324:0xbcb80c000]     1770 ms: Scavenge 98.3 (136.2) -> 66.4 (136.2) MB, pooled: 5.5 MB, 0.12 / 0.00 ms (average mu = 0.209, current mu = 0.230) allocation failure;
[marking dependent code 0x3ec1b2e04c11 <Code TURBOFAN_JS> (0x3c241a9bc4f1 <SharedFunctionInfo alphabet.alphabet>) (opt id 668) for deoptimization, reason: embedded weak objects cleared]
[marking dependent code 0x3ec1b2e02519 <Code TURBOFAN_JS> (0x3b514acf65d1 <SharedFunctionInfo ok>) (opt id 673) for deoptimization, reason: embedded weak objects cleared]
[marking dependent code 0x3ec1b2e01da9 <Code TURBOFAN_JS> (0x3b514acf6619 <SharedFunctionInfo rollback>) (opt id 669) for deoptimization, reason: embedded weak objects cleared]
[marking dependent code 0x3ec1b2e03db1 <Code TURBOFAN_JS> (0x3b514acf6589 <SharedFunctionInfo RunState>) (opt id 676) for deoptimization, reason: embedded weak objects cleared]
[marking dependent code 0x3ec1b2e03961 <Code TURBOFAN_JS> (0x3b514acf6469 <SharedFunctionInfo collectRunDiagnostic>) (opt id 674) for deoptimization, reason: embedded weak objects cleared]
[marking dependent code 0x3ec1b2e06ee1 <Code TURBOFAN_JS> (0x3b514ace1779 <SharedFunctionInfo view>) (opt id 682) for deoptimization, reason: embedded weak objects cleared]
[marking dependent code 0x37efafb03379 <Code MAGLEV> (0x3b514ace17c1 <SharedFunctionInfo failureView>) (opt id 687) for deoptimization, reason: embedded weak objects cleared]
[26324:0xbcb80c000]     1785 ms: Mark-Compact 73.1 (136.2) -> 65.9 (136.2) MB, pooled: 5.5 MB, 8.34 / 0.00 ms (average mu = 0.839, current mu = 0.925) testing; GC in old space requested
[26324:0xbcb80c000]     1795 ms: Mark-Compact 69.8 (136.2) -> 68.4 (136.0) MB, pooled: 5.5 MB, 9.09 / 0.00 ms (average mu = 0.737, current mu = 0.090) testing; GC in old space requested
[26324:0xbcb80c000]     1804 ms: Mark-Compact 70.0 (136.0) -> 65.9 (136.0) MB, pooled: 5.5 MB, 8.46 / 0.00 ms (average mu = 0.603, current mu = 0.049) testing; GC in old space requested
[26324:0xbcb80c000]     1821 ms: Mark-Compact 91.0 (136.0) -> 71.2 (137.2) MB, pooled: 4.2 MB, 12.60 / 0.00 ms (average mu = 0.450, current mu = 0.240) testing; GC in old space requested
[26324:0xbcb80c000]     1829 ms: Mark-Compact 71.9 (137.2) -> 65.9 (137.0) MB, pooled: 4.5 MB, 7.79 / 0.00 ms (average mu = 0.338, current mu = 0.076) testing; GC in old space requested
[26324:0xbcb80c000]     1843 ms: Mark-Compact 78.0 (137.0) -> 66.3 (135.7) MB, pooled: 5.8 MB, 7.56 / 0.00 ms (average mu = 0.403, current mu = 0.467) testing; GC in old space requested
[26324:0xbcb80c000]     1865 ms: Mark-Compact 66.7 (135.7) -> 65.9 (135.7) MB, pooled: 5.8 MB, 19.95 / 0.00 ms (average mu = 0.201, current mu = 0.069) testing; GC in old space requested
[26324:0xbcb80c000]     1877 ms: Mark-Compact 70.3 (135.7) -> 66.3 (135.7) MB, pooled: 5.8 MB, 7.38 / 0.00 ms (average mu = 0.295, current mu = 0.426) testing; GC in old space requested
{"subject":"P2-UO-mixed-overlap","node":"v26.0.0","v8":"14.6.202.33-node.19","baselineRoot":"/tmp/parse-that-m2-baseline-20260729/typescript","baselineControl":"accepted-M2 Parser leaves plus consumer-owned exhaustive slot search","counts":[4,8,16,33],"samples":11,"points":[{"count":4,"plane":"state","sourceCodeUnits":11,"control":{"median":1313.479500000028,"batches":[1208.9579999999955,1473.9374999999768,1594.2919999999958,1318.0419999999913,1210.9795000000076,1221.708499999977,1368.81249999999,1313.479500000028,1228.6664999999743,1427.521000000013,1086.187499999994]},"candidate":{"median":1615.56250000001,"batches":[1855.624999999975,2223.812500000008,2181.521000000032,1589.6455000000174,1770.8749999999895,1501.0209999999802,1506.020499999977,1615.56250000001,1728.2500000000027,1574.1250000000377,1566.4790000000153]},"ratio":0.8130168285040164,"order":["control/candidate","candidate/control","control/candidate","candidate/control","control/candidate","candidate/control","control/candidate","candidate/control","control/candidate","candidate/control","control/candidate"]},{"count":4,"plane":"value","sourceCodeUnits":11,"control":{"median":1000.3539999999589,"batches":[994.1249999999968,1000.3539999999589,1325.4999999999768,1000.7919999999899,1101.7705000000433,975.541499999963,960.8539999999834,1115.7085000000393,964.1040000000203,960.9585000000038,1022.8960000000029]},"candidate":{"median":1048.0625000000146,"batches":[951.8959999999765,944.5835000000216,976.6670000000204,978.9164999999684,1186.8954999999914,1048.0625000000146,1113.8545000000022,1071.2500000000205,1128.8544999999885,1153.1459999999925,931.5625000000409]},"ratio":0.9544793368715558,"order":["control/candidate","candidate/control","control/candidate","candidate/control","control/candidate","candidate/control","control/candidate","candidate/control","control/candidate","candidate/control","control/candidate"]},{"count":4,"plane":"internal","sourceCodeUnits":11,"control":{"median":887.896000000012,"batches":[804.1460000000029,856.0830000000124,1037.499999999966,921.1665000000266,821.854500000029,836.3125000000196,897.4579999999719,1152.3955000000115,887.896000000012,822.2920000000045,967.937500000005]},"candidate":{"median":993.2709999999929,"batches":[1046.5000000000373,1146.2085000000002,971.7499999999859,938.5624999999891,993.2709999999929,1110.4164999999853,923.0625000000146,976.1249999999677,934.6250000000396,994.2920000000299,1013.2919999999785]},"ratio":0.8939111279801971,"order":["control/candidate","candidate/control","control/candidate","candidate/control","control/candidate","candidate/control","control/candidate","candidate/control","control/candidate","candidate/control","control/candidate"]},{"count":4,"plane":"result","sourceCodeUnits":11,"control":{"median":1469.3750000000136,"batches":[1629.7289999999975,1719.54199999999,1323.6249999999927,1624.7710000000097,1326.3749999999845,1273.8125000000196,1469.3750000000136,2317.85450000001,1431.3334999999938,1343.0624999999736,1539.4790000000285]},"candidate":{"median":1489.72950000001,"batches":[1474.0000000000464,1419.2500000000337,1466.083499999968,1654.062500000009,1486.5204999999833,1804.0829999999914,1687.458500000048,1656.3334999999597,1484.4999999999686,1519.937499999969,1489.72950000001]},"ratio":0.9863367812747239,"order":["control/candidate","candidate/control","control/candidate","candidate/control","control/candidate","candidate/control","control/candidate","candidate/control","control/candidate","candidate/control","control/candidate"]},{"count":4,"plane":"failure","sourceCodeUnits":1,"control":{"median":480.75000000000045,"batches":[648.5210000000166,516.2290000000098,473.0624999999691,480.75000000000045,468.2085000000029,472.4795000000199,469.49999999998226,531.8335000000047,545.7499999999982,594.5414999999912,456.12500000004275]},"candidate":{"median":254.3334999999729,"batches":[283.6455000000342,254.3334999999729,250.18749999998136,247.97949999998536,317.97900000003665,246.58349999998563,373.2085000000325,382.6875000000314,228.6460000000261,263.1044999999972,222.14600000000928]},"ratio":1.8902346721924232,"order":["control/candidate","candidate/control","control/candidate","candidate/control","control/candidate","candidate/control","control/candidate","candidate/control","control/candidate","candidate/control","control/candidate"]},{"count":8,"plane":"state","sourceCodeUnits":27,"control":{"median":2918.124999999918,"batches":[2837.917499999776,2906.8749999999,2875.312500000007,3678.6462499998147,4130.728749999832,2918.124999999918,3522.1874999999154,2905.4687499998977,3563.4899999999448,2907.9687499998386,5421.302500000139]},"candidate":{"median":3802.3437499998636,"batches":[4805.259999999976,5113.59375000012,4235.2087500000835,3680.4687499997613,4342.759999999827,3575.208750000058,3769.635000000164,3802.3437499998636,3754.6350000002353,3436.9275000000243,4507.343750000246]},"ratio":0.76745428395316,"order":["control/candidate","candidate/control","control/candidate","candidate/control","control/candidate","candidate/control","control/candidate","candidate/control","control/candidate","candidate/control","control/candidate"]},{"count":8,"plane":"value","sourceCodeUnits":27,"control":{"median":2962.4999999998636,"batches":[3188.5412500000148,3627.96875000015,2942.3962499998875,2962.4999999998636,3627.760000000251,2892.968749999909,3531.093749999741,2975.6775000001307,2928.1775000001176,2887.656249999964,2859.79124999983]},"candidate":{"median":2158.749999999827,"batches":[2109.5837499998993,2096.093749999852,2079.375000000141,2038.8024999999743,2448.228749999828,2344.7400000000584,2430.6774999999448,2174.114999999972,2876.0937499998818,2016.4062500001025,2158.749999999827]},"ratio":1.3723219455703999,"order":["control/candidate","candidate/control","control/candidate","candidate/control","control/candidate","candidate/control","control/candidate","candidate/control","control/candidate","candidate/control","control/candidate"]},{"count":8,"plane":"internal","sourceCodeUnits":27,"control":{"median":3154.7912499999597,"batches":[2906.5624999998363,3220.416249999971,2765.520000000094,3645.000000000209,2843.6462499999493,3558.646250000095,3154.7912499999597,3460.937499999943,3066.3537500001325,2795.1049999998645,3546.7712499999493]},"candidate":{"median":2561.4062500000045,"batches":[2448.8012499998035,2734.167499999955,2766.3025000001085,2821.769999999901,2663.488750000056,2461.6662500000075,2471.146249999947,2452.9687499997976,2561.4062500000045,2681.3024999998447,2496.61500000002]},"ratio":1.231663758921473,"order":["control/candidate","candidate/control","control/candidate","candidate/control","control/candidate","candidate/control","control/candidate","candidate/control","control/candidate","candidate/control","control/candidate"]},{"count":8,"plane":"result","sourceCodeUnits":27,"control":{"median":3312.865000000045,"batches":[4224.218749999977,4258.0212500001835,3377.6562500000296,3548.7499999999272,3221.0937499999654,3127.2925000001806,3312.865000000045,3427.7599999998642,3035.3649999997856,3053.0200000001178,3081.875000000025]},"candidate":{"median":3720.2599999997688,"batches":[3869.3750000001614,3720.2599999997688,3431.6675000002306,3722.6049999998168,3289.7387500000264,3877.8650000000425,3311.4062499998904,4108.802499999911,3290.3124999998568,4086.6662499999507,3463.9574999999923]},"ratio":0.890492868778056,"order":["control/candidate","candidate/control","control/candidate","candidate/control","control/candidate","candidate/control","control/candidate","candidate/control","control/candidate","candidate/control","control/candidate"]},{"count":8,"plane":"failure","sourceCodeUnits":1,"control":{"median":638.7499999999591,"batches":[666.9800000000237,712.3437499998886,609.9474999999188,670.1562499998204,629.9999999998818,638.7499999999591,618.593750000116,676.9274999999196,661.4062500000274,628.5937500001637,634.1137500001537]},"candidate":{"median":263.0737500001601,"batches":[284.53124999998636,257.34374999984766,244.73999999997886,272.0312499999977,445.8850000000325,263.0737500001601,303.69750000005524,257.6562499999113,250.10374999993698,240.83249999989675,272.3950000000741]},"ratio":2.4280263614274338,"order":["control/candidate","candidate/control","control/candidate","candidate/control","control/candidate","candidate/control","control/candidate","candidate/control","control/candidate","candidate/control","control/candidate"]},{"count":16,"plane":"state","sourceCodeUnits":59,"control":{"median":8343.335000000707,"batches":[12018.335000000206,8397.915000000467,8315.000000000055,10015.210000000252,8343.335000000707,8359.16999999995,8297.29499999985,8270.205000000033,10356.044999999767,8170.000000000072,8089.165000000093]},"candidate":{"median":8756.664999999657,"batches":[11826.87500000043,8756.664999999657,11978.540000000065,8783.750000000055,8462.705000000597,10655.205000000477,7780.415000000858,7730.834999999843,7743.5399999990295,7832.294999999476,8952.49999999919]},"ratio":0.95279823996933,"order":["control/candidate","candidate/control","control/candidate","candidate/control","control/candidate","candidate/control","control/candidate","candidate/control","control/candidate","candidate/control","control/candidate"]},{"count":16,"plane":"value","sourceCodeUnits":59,"control":{"median":8312.080000000606,"batches":[8356.45999999997,8266.664999999875,8247.085000000425,8694.580000000087,8283.95999999998,8241.874999999936,8881.460000000061,8700.000000000045,8312.080000000606,8245.83500000017,9509.165000000621]},"candidate":{"median":4471.045000000231,"batches":[4403.335000000652,4324.374999999918,4471.045000000231,6968.9549999998235,4497.499999999945,4366.250000000491,6581.670000000486,4587.9150000007485,4392.499999999018,4338.124999999309,6068.5399999999845]},"ratio":1.8590911073362437,"order":["control/candidate","candidate/control","control/candidate","candidate/control","control/candidate","candidate/control","control/candidate","candidate/control","control/candidate","candidate/control","control/candidate"]},{"count":16,"plane":"internal","sourceCodeUnits":59,"control":{"median":7672.9150000005575,"batches":[7299.375000000055,7647.500000000491,10396.45500000006,7500.625000000127,7672.9150000005575,9798.749999999927,8402.500000000828,7433.125000000018,8421.2500000001,7956.249999999727,7508.125000000518]},"candidate":{"median":6174.9999999995,"batches":[5821.250000000191,6576.2500000005275,6174.9999999995,5808.749999999918,6153.540000000248,6412.2950000000865,6043.7500000000455,6999.375000000327,6501.0400000005575,7793.74999999959,5910.625000000209]},"ratio":1.2425773279354135,"order":["control/candidate","candidate/control","control/candidate","candidate/control","control/candidate","candidate/control","control/candidate","candidate/control","control/candidate","candidate/control","control/candidate"]},{"count":16,"plane":"result","sourceCodeUnits":59,"control":{"median":9376.874999999245,"batches":[10888.125000000173,8574.374999999463,8487.914999999475,8826.669999999694,8479.375000000573,8586.249999999609,12720.415000000003,9376.874999999245,10064.79000000013,10957.499999999527,9744.584999999688]},"candidate":{"median":8593.334999999342,"batches":[8117.920000000822,7873.544999999922,8593.334999999342,10397.500000000264,7871.87499999959,7809.580000000551,8637.085000000297,7898.959999999988,11702.710000000709,9384.584999999106,9687.5]},"ratio":1.091179966799847,"order":["control/candidate","candidate/control","control/candidate","candidate/control","control/candidate","candidate/control","control/candidate","candidate/control","control/candidate","candidate/control","control/candidate"]},{"count":16,"plane":"failure","sourceCodeUnits":1,"control":{"median":1184.3750000002728,"batches":[2010.414999999739,1199.3749999999181,1198.9600000003975,1898.1249999990268,1184.3750000002728,903.5399999993388,1158.9599999990696,1094.789999999648,1099.584999999479,1211.6650000007212,965.4199999999946]},"candidate":{"median":528.5400000002483,"batches":[555.6250000006457,509.1650000008485,528.5400000002483,647.0850000005157,561.4600000001246,583.5449999995035,596.2499999998272,517.4999999996999,423.53999999932057,447.9199999991579,402.920000000222]},"ratio":2.2408426987545247,"order":["control/candidate","candidate/control","control/candidate","candidate/control","control/candidate","candidate/control","control/candidate","candidate/control","control/candidate","candidate/control","control/candidate"]},{"count":33,"plane":"state","sourceCodeUnits":127,"control":{"median":30367.725000002112,"batches":[47808.324999999735,28885.42499999858,28408.324999998054,31344.799999999395,29728.124999996908,30367.725000002112,31863.55000000276,29749.99999999568,29424.999999997683,32321.874999996682,37636.45000000224]},"candidate":{"median":29763.550000001258,"batches":[50961.449999999786,24379.174999995714,23322.925000002215,23667.699999998604,33421.87499999909,34729.1499999983,29763.550000001258,21135.400000002846,34146.875000004686,41839.5750000002,22197.9000000033]},"ratio":1.0202991578625813,"order":["control/candidate","candidate/control","control/candidate","candidate/control","control/candidate","candidate/control","control/candidate","candidate/control","control/candidate","candidate/control","control/candidate"]},{"count":33,"plane":"value","sourceCodeUnits":127,"control":{"median":29070.8249999966,"batches":[28114.57500000074,41220.8249999992,37490.62500000377,28409.37499999541,30170.825000004697,29070.8249999966,28740.62500000036,37856.250000004366,29485.425000001444,28113.55000000049,27985.40000000003]},"candidate":{"median":12620.850000001838,"batches":[13512.500000001635,15581.250000002456,13803.125000004002,12519.775000004074,12620.850000001838,12939.575000001469,12571.875000003274,12108.324999996967,14076.049999999896,11960.400000003801,12345.849999996972]},"ratio":2.3033967601225247,"order":["control/candidate","candidate/control","control/candidate","candidate/control","control/candidate","candidate/control","control/candidate","candidate/control","control/candidate","candidate/control","control/candidate"]},{"count":33,"plane":"internal","sourceCodeUnits":127,"control":{"median":24646.875000001957,"batches":[24587.50000000123,26753.125000004726,24444.800000003397,24344.80000000008,32745.825000000652,24564.574999999422,24646.875000001957,25676.04999999844,25034.374999995634,24757.275000001755,24646.87499999627]},"candidate":{"median":16680.200000001834,"batches":[25436.450000000834,25403.124999996864,16754.174999999806,16047.924999998033,16577.074999997876,16104.174999998122,27520.82499999915,22237.499999999953,16680.200000001834,16223.974999996926,16123.97499999929]},"ratio":1.4776126785050088,"order":["control/candidate","candidate/control","control/candidate","candidate/control","control/candidate","candidate/control","control/candidate","candidate/control","control/candidate","candidate/control","control/candidate"]},{"count":33,"plane":"result","sourceCodeUnits":127,"control":{"median":29584.374999996042,"batches":[44257.29999999817,31154.17500000035,30902.09999999729,29584.374999996042,29103.12500000032,30132.27499999971,29090.625000003456,29179.175000001578,29173.974999997656,37483.34999999656,28745.824999998604]},"candidate":{"median":22481.249999998454,"batches":[24184.374999998683,21270.82499999915,22656.25,22481.249999998454,38322.924999999945,22109.375000002274,21528.125000003227,20963.525000001937,25958.35000000193,23643.75000000223,22330.199999998968]},"ratio":1.3159577425631617,"order":["control/candidate","candidate/control","control/candidate","candidate/control","control/candidate","candidate/control","control/candidate","candidate/control","control/candidate","candidate/control","control/candidate"]},{"count":33,"plane":"failure","sourceCodeUnits":1,"control":{"median":1411.4500000005137,"batches":[1447.8999999994357,1445.8250000018324,1408.3499999969717,1913.5500000004413,1411.4500000005137,1747.925000000805,1392.7000000023781,1415.6249999984993,1397.9249999977128,1407.2999999996227,1392.6999999966938]},"candidate":{"median":654.1749999996682,"batches":[665.6249999991815,646.8749999953616,658.3250000005592,642.6999999973759,680.2000000050157,654.1499999968892,669.8000000028514,645.8249999980126,654.1749999996682,657.3000000003049,650.0000000016826]},"ratio":2.157603087860633,"order":["control/candidate","candidate/control","control/candidate","candidate/control","control/candidate","candidate/control","control/candidate","candidate/control","control/candidate","candidate/control","control/candidate"]}],"audits":[{"count":4,"metrics":{"family":"D","explored":7,"residuals":7,"checkpoints":7,"attempts":7}},{"count":8,"metrics":{"family":"D","explored":15,"residuals":15,"checkpoints":16,"attempts":16}},{"count":16,"metrics":{"family":"D","explored":31,"residuals":31,"checkpoints":46,"attempts":46}},{"count":33,"metrics":{"family":"D","explored":65,"residuals":65,"checkpoints":163,"attempts":163}}],"allocations":[{"count":4,"controlGrammar":{"heapUsed":526.5625,"arrayBuffers":0,"external":-319.6875},"candidateGrammar":{"heapUsed":8700.4375,"arrayBuffers":0,"external":0},"controlResult":{"heapUsed":2808.375,"arrayBuffers":0,"external":0},"candidateResult":{"heapUsed":864.25,"arrayBuffers":0,"external":0}},{"count":8,"controlGrammar":{"heapUsed":5428.875,"arrayBuffers":0,"external":0},"candidateGrammar":{"heapUsed":13023.625,"arrayBuffers":0,"external":0},"controlResult":{"heapUsed":1289.75,"arrayBuffers":0,"external":0},"candidateResult":{"heapUsed":1394.0625,"arrayBuffers":0,"external":0}},{"count":16,"controlGrammar":{"heapUsed":10625.75,"arrayBuffers":0,"external":0},"candidateGrammar":{"heapUsed":22076.8125,"arrayBuffers":0,"external":0},"controlResult":{"heapUsed":1994.125,"arrayBuffers":0,"external":0},"candidateResult":{"heapUsed":2140.5,"arrayBuffers":0,"external":0}},{"count":33,"controlGrammar":{"heapUsed":20323.6875,"arrayBuffers":0,"external":-306.28125},"candidateGrammar":{"heapUsed":42996.125,"arrayBuffers":0,"external":0},"controlResult":{"heapUsed":3701.0625,"arrayBuffers":0,"external":0},"candidateResult":{"heapUsed":3397.9375,"arrayBuffers":-4.125,"external":63.421875}}]}
