[23495:0x7c740c000]        6 ms: Scavenge 1.4 (3.2) -> 0.7 (3.8) MB, pooled: 0.0 MB, 0.27 / 0.00 ms (average mu = 1.000, current mu = 1.000) allocation failure;
[23495:0x7c740c000]       10 ms: Scavenge 1.8 (4.2) -> 1.6 (4.5) MB, pooled: 0.0 MB, 0.23 / 0.00 ms (average mu = 1.000, current mu = 1.000) allocation failure;
[23495:0x7c740c000]       20 ms: Scavenge 2.7 (4.9) -> 2.5 (5.6) MB, pooled: 0.0 MB, 0.24 / 0.00 ms (average mu = 1.000, current mu = 1.000) allocation failure;
[bailout (kind: deopt-eager, reason: wrong map): begin. deoptimizing 0x0b66f4596119 <JSFunction next (sfi = 0xe203f3093c9)>, 0x0be7bfa01861 <Code MAGLEV>, opt id 2, bytecode offset 3, deopt exit 0, FP to SP delta 32, caller SP 0x00016f1b9a68, pc 0x000117444cf4]
[23495:0x7c740c000]       69 ms: Scavenge 7.5 (9.3) -> 6.6 (10.1) MB, pooled: 0.0 MB, 0.34 / 0.00 ms (average mu = 1.000, current mu = 1.000) allocation failure;
[23495:0x7c740c000]       83 ms: Scavenge 8.6 (11.3) -> 8.1 (12.6) MB, pooled: 0.0 MB, 0.44 / 0.00 ms (average mu = 1.000, current mu = 1.000) allocation failure;
[bailout (kind: deopt-eager, reason: wrong map): begin. deoptimizing 0x19d3b0afc961 <JSFunction requireBuiltin (sfi = 0xe203f31e369)>, 0x15460cd02cf9 <Code MAGLEV>, opt id 6, bytecode offset 4, deopt exit 0, FP to SP delta 32, caller SP 0x00016f1b5b20, pc 0x0001174648ac]
[bailout (kind: deopt-lazy, reason: (unknown)): begin. deoptimizing 0x19d3b0afc961 <JSFunction requireBuiltin (sfi = 0xe203f31e369)>, 0x15460cd02cf9 <Code MAGLEV>, opt id 6, bytecode offset 72, deopt exit 4, FP to SP delta 32, caller SP 0x00016f1b62b0, pc 0x0001174648bc]
[23495:0x7c740c000]      135 ms: Scavenge 13.5 (16.5) -> 11.7 (18.0) MB, pooled: 0.0 MB, 0.40 / 0.00 ms (average mu = 1.000, current mu = 1.000) allocation failure;
[23495:0x7c740c000]      149 ms: Incremental Mark-Compact 13.6 (19.0) -> 10.2 (19.1) MB, pooled: 0.0 MB, 0.89 / 0.00 ms (+ 1.5 ms in 63 steps since start of marking, biggest step 0.1 ms, walltime since start of marking 3 ms) (average mu = 0.984, current mu = 0.984) finalize incremental marking via task; GC in old space requested
[bailout (kind: deopt-eager, reason: Insufficient type feedback for binary operation): begin. deoptimizing 0x3855098800f9 <JSFunction markTransferMode (sfi = 0x4967c0fcdc9)>, 0x2427edd004c1 <Code MAGLEV>, opt id 21, bytecode offset 69, deopt exit 1, FP to SP delta 32, caller SP 0x00016f1b15a0, pc 0x0001174c0970]
[bailout (kind: deopt-eager, reason: Insufficient type feedback for compare operation): begin. deoptimizing 0x049d412cc8d9 <JSFunction normalizeString (sfi = 0x30c1154d7351)>, 0x0b57057bcba1 <Code TURBOFAN_JS>, opt id 29, bytecode offset 266, deopt exit 8, FP to SP delta 96, caller SP 0x00016f1af188, pc 0x0001174ba3fc]
[bailout (kind: deopt-eager, reason: Insufficient type feedback for binary operation): begin. deoptimizing 0x049d412cc8d9 <JSFunction normalizeString (sfi = 0x30c1154d7351)>, 0x0be7bfa01831 <Code MAGLEV>, opt id 35, bytecode offset 95, deopt exit 26, FP to SP delta 128, caller SP 0x00016f1af188, pc 0x0001174c8154]
[23495:0x7c740c000]      328 ms: Incremental Mark-Compact 28.7 (32.9) -> 24.2 (35.6) MB, pooled: 0.0 MB, 1.58 / 0.00 ms (+ 0.9 ms in 71 steps since start of marking, biggest step 0.1 ms, walltime since start of marking 32 ms) (average mu = 0.986, current mu = 0.987) finalize incremental marking via stack guard; GC in old space requested
[23495:0x7c740c000]      428 ms: Scavenge 47.5 (55.6) -> 43.1 (55.6) MB, pooled: 0.0 MB, 0.44 / 0.00 ms (average mu = 0.986, current mu = 0.987) allocation failure;
[marking dependent code 0x108540c37e29 <Code MAGLEV> (0x2c6c548d9791 <SharedFunctionInfo diag>) (opt id 69) for deoptimization, reason: dependent allocation site tenuring changed]
[marking dependent code 0x05a22cb440f9 <Code MAGLEV> (0x074752056349 <SharedFunctionInfo multiMapAdd>) (opt id 63) for deoptimization, reason: dependent allocation site tenuring changed]
[marking dependent code 0x05a22cb41fd9 <Code MAGLEV> (0x074752059799 <SharedFunctionInfo diag>) (opt id 60) for deoptimization, reason: dependent allocation site tenuring changed]
[bailout (kind: deopt-eager, reason: Insufficient type feedback for compare operation): begin. deoptimizing 0x2f163da0efb9 <JSFunction Module._findPath (sfi = 0x2f163da08311)>, 0x1ac1f6285899 <Code MAGLEV>, opt id 91, bytecode offset 191, deopt exit 16, FP to SP delta 144, caller SP 0x00016f1ad0a8, pc 0x000117591224]
[23495:0x7c740c000]      479 ms: Scavenge 58.6 (67.7) -> 51.0 (71.7) MB, pooled: 0.0 MB, 1.15 / 0.00 ms (average mu = 0.986, current mu = 0.987) allocation failure;
[marking dependent code 0x108540c3a4c9 <Code MAGLEV> (0x2c6c548d6341 <SharedFunctionInfo multiMapAdd>) (opt id 72) for deoptimization, reason: dependent allocation site tenuring changed]
[marking dependent code 0x31b43a541401 <Code MAGLEV> (0x35c50ab7c1c1 <SharedFunctionInfo _>) (opt id 119) for deoptimization, reason: dependent prototype chain changed]
[marking dependent code 0x2c437bcc7471 <Code MAGLEV> (0x35c50ab7c251 <SharedFunctionInfo addCodeArg>) (opt id 117) for deoptimization, reason: dependent prototype chain changed]
[bailout (kind: deopt-eager, reason: Insufficient type feedback for generic named access): begin. deoptimizing 0x3738d0926ec9 <JSFunction (sfi = 0x15fcb0ca1be1)>, 0x2c437bccabe9 <Code MAGLEV>, opt id 152, bytecode offset 65, deopt exit 1, FP to SP delta 64, caller SP 0x00016f1aeab8, pc 0x000117682718]
[23495:0x7c740c000]      533 ms: Scavenge 65.3 (82.9) -> 57.0 (87.9) MB, pooled: 0.0 MB, 1.61 / 0.00 ms (average mu = 0.986, current mu = 0.987) allocation failure;
[bailout (kind: deopt-eager, reason: Insufficient type feedback for call): begin. deoptimizing 0x22d3d3540e11 <JSFunction __importStar (sfi = 0x15fcb0cb4fe9)>, 0x31b43a5524e9 <Code MAGLEV>, opt id 157, bytecode offset 90, deopt exit 11, FP to SP delta 112, caller SP 0x00016f1ae6c0, pc 0x000117682ce0]
[bailout (kind: deopt-eager, reason: Insufficient type feedback for call): begin. deoptimizing 0x3a80ef7df869 <JSFunction __importStar (sfi = 0x3bfc38b33091)>, 0x31b43a553049 <Code MAGLEV>, opt id 160, bytecode offset 90, deopt exit 11, FP to SP delta 112, caller SP 0x00016f1ae2b0, pc 0x000117683fa0]
[bailout (kind: deopt-eager, reason: Insufficient type feedback for call): begin. deoptimizing 0x267925b79669 <JSFunction __importStar (sfi = 0x188c8d719639)>, 0x2c437bccb749 <Code MAGLEV>, opt id 163, bytecode offset 90, deopt exit 11, FP to SP delta 112, caller SP 0x00016f1ae2a0, pc 0x000117685260]
[bailout (kind: deopt-eager, reason: Insufficient type feedback for call): begin. deoptimizing 0x2a75c5df4b71 <JSFunction __importStar (sfi = 0x188c8d728dd9)>, 0x2c437bccc2a9 <Code MAGLEV>, opt id 166, bytecode offset 90, deopt exit 11, FP to SP delta 112, caller SP 0x00016f1adeb0, pc 0x000117686520]
[bailout (kind: deopt-eager, reason: Insufficient type feedback for call): begin. deoptimizing 0x2d13c98ed779 <JSFunction __importStar (sfi = 0x188c8d739ad9)>, 0x2c437bccce09 <Code MAGLEV>, opt id 169, bytecode offset 90, deopt exit 11, FP to SP delta 112, caller SP 0x00016f1ada50, pc 0x0001176877e0]
[bailout (kind: deopt-eager, reason: Insufficient type feedback for call): begin. deoptimizing 0x349d936b8b79 <JSFunction __importStar (sfi = 0x2a623ff70e29)>, 0x2c437bccd969 <Code MAGLEV>, opt id 172, bytecode offset 90, deopt exit 11, FP to SP delta 112, caller SP 0x00016f1ade80, pc 0x000117688aa0]
[bailout (kind: deopt-eager, reason: Insufficient type feedback for call): begin. deoptimizing 0x1054ec9397c1 <JSFunction __importStar (sfi = 0x2909eb90651)>, 0x34d3026408f9 <Code MAGLEV>, opt id 176, bytecode offset 90, deopt exit 11, FP to SP delta 112, caller SP 0x00016f1ada80, pc 0x00011768a8e0]
[bailout (kind: deopt-eager, reason: Insufficient type feedback for call): begin. deoptimizing 0x3293a093a071 <JSFunction __importStar (sfi = 0x2909eba17e9)>, 0x34d3026412c1 <Code MAGLEV>, opt id 179, bytecode offset 90, deopt exit 11, FP to SP delta 112, caller SP 0x00016f1ade40, pc 0x00011768b4c0]
[bailout (kind: deopt-eager, reason: Insufficient type feedback for call): begin. deoptimizing 0x15dd84f7bf09 <JSFunction __importStar (sfi = 0x2909ebb1ca1)>, 0x34d302641e21 <Code MAGLEV>, opt id 182, bytecode offset 90, deopt exit 11, FP to SP delta 112, caller SP 0x00016f1ada80, pc 0x00011768c780]
[bailout (kind: deopt-eager, reason: Insufficient type feedback for call): begin. deoptimizing 0x279f60537269 <JSFunction __importStar (sfi = 0xb5f02013bf9)>, 0x34d3026427e9 <Code MAGLEV>, opt id 185, bytecode offset 90, deopt exit 11, FP to SP delta 112, caller SP 0x00016f1ae310, pc 0x00011768d360]
[bailout (kind: deopt-eager, reason: Insufficient type feedback for call): begin. deoptimizing 0x29869ab03339 <JSFunction __importStar (sfi = 0xb5f02025ee9)>, 0x2c437bcce9b1 <Code MAGLEV>, opt id 188, bytecode offset 90, deopt exit 11, FP to SP delta 112, caller SP 0x00016f1ae2e0, pc 0x00011757f6a0]
[bailout (kind: deopt-eager, reason: Insufficient type feedback for call): begin. deoptimizing 0x2eecfce46691 <JSFunction __importStar (sfi = 0xb5f020364e9)>, 0x34d302643879 <Code MAGLEV>, opt id 191, bytecode offset 90, deopt exit 11, FP to SP delta 112, caller SP 0x00016f1ae780, pc 0x00011768f300]
[bailout (kind: deopt-eager, reason: Insufficient type feedback for call): begin. deoptimizing 0x357d85ce6a19 <JSFunction __importStar (sfi = 0x90d4c85f11)>, 0x34d3026443d9 <Code MAGLEV>, opt id 194, bytecode offset 90, deopt exit 11, FP to SP delta 112, caller SP 0x00016f1ae390, pc 0x0001176905c0]
[23495:0x7c740c000]      551 ms: Scavenge 71.2 (88.6) -> 63.1 (91.4) MB, pooled: 0.0 MB, 1.34 / 0.00 ms (average mu = 0.986, current mu = 0.987) allocation failure;
[bailout (kind: deopt-eager, reason: Insufficient type feedback for call): begin. deoptimizing 0x20c1d58dec21 <JSFunction __importStar (sfi = 0x34107623e439)>, 0x34d302644f39 <Code MAGLEV>, opt id 200, bytecode offset 90, deopt exit 11, FP to SP delta 112, caller SP 0x00016f1ae2d0, pc 0x0001175ffd80]
[bailout (kind: deopt-eager, reason: Insufficient type feedback for call): begin. deoptimizing 0x08c8efd9e2c9 <JSFunction __importStar (sfi = 0x1453c6a0a609)>, 0x34d302645a99 <Code MAGLEV>, opt id 203, bytecode offset 90, deopt exit 11, FP to SP delta 112, caller SP 0x00016f1ae2b0, pc 0x0001176c0c60]
[bailout (kind: deopt-eager, reason: Insufficient type feedback for call): begin. deoptimizing 0x162087069d31 <JSFunction __importStar (sfi = 0x1453c6a1b1a9)>, 0x34d3026465f9 <Code MAGLEV>, opt id 206, bytecode offset 90, deopt exit 11, FP to SP delta 112, caller SP 0x00016f1ae760, pc 0x0001176c1f20]
[bailout (kind: deopt-eager, reason: Insufficient type feedback for call): begin. deoptimizing 0x07c1ed2fa061 <JSFunction __importStar (sfi = 0x1453c6a3abf1)>, 0x34d302647bb9 <Code MAGLEV>, opt id 212, bytecode offset 90, deopt exit 11, FP to SP delta 112, caller SP 0x00016f1ae750, pc 0x0001176c3fe0]
[bailout (kind: deopt-eager, reason: Insufficient type feedback for call): begin. deoptimizing 0x125af073d8a1 <JSFunction __importStar (sfi = 0x90d4cb3909)>, 0x2c437bccf6a9 <Code MAGLEV>, opt id 215, bytecode offset 90, deopt exit 11, FP to SP delta 112, caller SP 0x00016f1ae6e0, pc 0x000117701940]
[bailout (kind: deopt-eager, reason: Insufficient type feedback for call): begin. deoptimizing 0x3855098801e1 <JSFunction resolve (sfi = 0x30c1154d77d1)>, 0x22c2fba00cd9 <Code MAGLEV>, opt id 36, bytecode offset 216, deopt exit 15, FP to SP delta 128, caller SP 0x00016f1b12f8, pc 0x0001175cb758]
[marking dependent code 0x2c437bcc9c09 <Code MAGLEV> (0x35c50ab7c401 <SharedFunctionInfo safeStringify>) (opt id 125) for deoptimization, reason: dependent prototype chain changed]
[marking dependent code 0x37795a7829d9 <Code MAGLEV> (0x30c1154dfb41 <SharedFunctionInfo #updateContext>) (opt id 17) for deoptimization, reason: dependent prototype chain changed]
[bailout (kind: deopt-eager, reason: wrong map): begin. deoptimizing 0x3a8c999bde59 <JSFunction encode$1 (sfi = 0x36a1b3b67111)>, 0x0f0ccb711f19 <Code MAGLEV>, opt id 273, bytecode offset 55, deopt exit 10, FP to SP delta 176, caller SP 0x00016f1b1380, pc 0x000117795f0c]
[bailout (kind: deopt-eager, reason: Insufficient type feedback for call): begin. deoptimizing 0x3a8c999be681 <JSFunction decodedMappings (sfi = 0x36a1b3b67939)>, 0x0f0ccb70de21 <Code MAGLEV>, opt id 260, bytecode offset 8, deopt exit 2, FP to SP delta 32, caller SP 0x00016f1b12a0, pc 0x000117793184]
[bailout (kind: deopt-eager, reason: Insufficient type feedback for generic named access): begin. deoptimizing 0x3a8c999bdd99 <JSFunction decode (sfi = 0x36a1b3b67039)>, 0x0f0ccb70b6c1 <Code MAGLEV>, opt id 250, bytecode offset 24, deopt exit 36, FP to SP delta 192, caller SP 0x00016f1b1230, pc 0x00011778eb3c]
[bailout (kind: deopt-eager, reason: wrong map): begin. deoptimizing 0x3a8c999beb79 <JSFunction addSegmentInternal (sfi = 0x36a1b3b67e01)>, 0x0f0ccb710819 <Code MAGLEV>, opt id 270, bytecode offset 0, deopt exit 3, FP to SP delta 112, caller SP 0x00016f1b12a0, pc 0x000117795020]
[bailout (kind: deopt-eager, reason: unexpected name in keyed access): begin. deoptimizing 0x3a8c999be941 <JSFunction put (sfi = 0x36a1b3b67c09)>, 0x129cb9fca1e1 <Code MAGLEV>, opt id 268, bytecode offset 8, deopt exit 3, FP to SP delta 32, caller SP 0x00016f1b1188, pc 0x0001176d7588]
[bailout (kind: deopt-eager, reason: unexpected name in keyed access): begin. deoptimizing 0x3a8c999bea79 <JSFunction setSourceContent (sfi = 0x36a1b3b67ce1)>, 0x0f0ccb70f081 <Code MAGLEV>, opt id 266, bytecode offset 15, deopt exit 5, FP to SP delta 48, caller SP 0x00016f1b12a0, pc 0x000117793dc0]
[bailout (kind: deopt-eager, reason: unexpected name in keyed access): begin. deoptimizing 0x3a8c999be901 <JSFunction get$2 (sfi = 0x36a1b3b67bc1)>, 0x0f0ccb70cda9 <Code MAGLEV>, opt id 255, bytecode offset 8, deopt exit 2, FP to SP delta 32, caller SP 0x00016f1b10f8, pc 0x000117791e8c]
[marking dependent code 0x0f0ccb709e79 <Code MAGLEV> (0x36a1b3b66f61 <SharedFunctionInfo decodeInteger>) (opt id 249) for deoptimization, reason: dependent property cell changed]
[marking dependent code 0x129cb9fc65a1 <Code MAGLEV> (0x1c95579b8971 <SharedFunctionInfo identifier>) (opt id 235) for deoptimization, reason: dependent property cell changed]
[marking dependent code 0x129cb9fc5df1 <Code MAGLEV> (0x09f821e43ed1 <SharedFunctionInfo convertString>) (opt id 233) for deoptimization, reason: dependent property cell changed]
[marking dependent code 0x129cb9fc54e1 <Code MAGLEV> (0x1c95579b7ab1 <SharedFunctionInfo convertNode>) (opt id 232) for deoptimization, reason: dependent property cell changed]
[marking dependent code 0x129cb9fc36a1 <Code MAGLEV> (0x36a1b3b6cc61 <SharedFunctionInfo B>) (opt id 231) for deoptimization, reason: dependent property cell changed]
[marking dependent code 0x129cb9fc2ee1 <Code MAGLEV> (0x36a1b3b6cc61 <SharedFunctionInfo B>) (opt id 230) for deoptimization, reason: dependent property cell changed]
[marking dependent code 0x129cb9fc0331 <Code MAGLEV> (0x36a1b3b75d29 <SharedFunctionInfo write>) (opt id 227) for deoptimization, reason: dependent property cell changed]
[marking dependent code 0x2c437bcd5261 <Code MAGLEV> (0x0e784a2e86a1 <SharedFunctionInfo isErrorStackTraceLimitWritable>) (opt id 226) for deoptimization, reason: dependent property cell changed]
[marking dependent code 0x2c437bcd4d41 <Code MAGLEV> (0x04967c0f2011 <SharedFunctionInfo isBuildingSnapshot>) (opt id 225) for deoptimization, reason: dependent property cell changed]
[marking dependent code 0x1ac1f6283119 <Code MAGLEV> (0x2f163da073e9 <SharedFunctionInfo wrapModuleLoad>) (opt id 85) for deoptimization, reason: dependent property cell changed]
[marking dependent code 0x15460cd23fb9 <Code MAGLEV> (0x2f163da0e3d9 <SharedFunctionInfo ensureTimerFlagsAreUpdated>) (opt id 47) for deoptimization, reason: dependent property cell changed]
[marking dependent code 0x129cb9fc13e9 <Code MAGLEV> (0x30c1154dfb41 <SharedFunctionInfo #updateContext>) (opt id 229) for deoptimization, reason: dependent property cell changed]
[marking dependent code 0x22c2fba033c1 <Code MAGLEV> (0x18e2caca1311 <SharedFunctionInfo realpathSync>) (opt id 40) for deoptimization, reason: dependent property cell changed]
[marking dependent code 0x129cb9fc0bd1 <Code MAGLEV> (0x36a1b3b66fa9 <SharedFunctionInfo encodeInteger>) (opt id 228) for deoptimization, reason: dependent property cell changed]
[marking dependent code 0x37795a783f39 <Code MAGLEV> (0x18e2cac9f779 <SharedFunctionInfo isFileType>) (opt id 24) for deoptimization, reason: dependent property cell changed]
[bailout (kind: deopt-eager, reason: wrong call target): begin. deoptimizing 0x0ca89919c1c9 <JSFunction enter (sfi = 0x9f821e477a9)>, 0x0f0ccb703d81 <Code MAGLEV>, opt id 242, bytecode offset 19, deopt exit 2, FP to SP delta 64, caller SP 0x00016f1b11f8, pc 0x000117784bc4]
[bailout (kind: deopt-eager, reason: wrong map): begin. deoptimizing 0x007000031e89 <JSFunction addUneditedChunk (sfi = 0x36a1b3b77499)>, 0x0f0ccb705981 <Code MAGLEV>, opt id 243, bytecode offset 13, deopt exit 55, FP to SP delta 96, caller SP 0x00016f1b12f0, pc 0x000117788478]
[bailout (kind: deopt-eager, reason: Insufficient type feedback for generic named access): begin. deoptimizing 0x3a8c999bdc29 <JSFunction encodeInteger (sfi = 0x36a1b3b66fa9)>, 0x0f0ccb71f8c9 <Code MAGLEV>, opt id 289, bytecode offset 32, deopt exit 23, FP to SP delta 48, caller SP 0x00016f1b12c0, pc 0x0001176dd6a0]
[bailout (kind: deopt-eager, reason: Insufficient type feedback for call): begin. deoptimizing 0x3a8c999bdd99 <JSFunction decode (sfi = 0x36a1b3b67039)>, 0x0f0ccb725551 <Code MAGLEV>, opt id 297, bytecode offset 139, deopt exit 56, FP to SP delta 224, caller SP 0x00016f1b1160, pc 0x0001176e2b3c]
[bailout (kind: deopt-eager, reason: wrong map): begin. deoptimizing 0x3a8c999bebf9 <JSFunction getIndex (sfi = 0x36a1b3b67e91)>, 0x129cb9fc8509 <Code MAGLEV>, opt id 259, bytecode offset 0, deopt exit 0, FP to SP delta 48, caller SP 0x00016f1b1188, pc 0x0001176d5d6c]
[bailout (kind: deopt-eager, reason: Insufficient type feedback for generic named access): begin. deoptimizing 0x3a8c999bef21 <JSFunction originalPositionFor$1 (sfi = 0x36a1b3b681a9)>, 0x0f0ccb70db69 <Code MAGLEV>, opt id 258, bytecode offset 90, deopt exit 10, FP to SP delta 32, caller SP 0x00016f1b1298, pc 0x000117792f2c]
[bailout (kind: deopt-eager, reason: Insufficient type feedback for generic keyed access): begin. deoptimizing 0x3a8c999bed39 <JSFunction skipSource (sfi = 0x36a1b3b67ff9)>, 0x129cb9fc9de9 <Code MAGLEV>, opt id 267, bytecode offset 35, deopt exit 13, FP to SP delta 32, caller SP 0x00016f1b1188, pc 0x0001176d7318]
[bailout (kind: deopt-eager, reason: Insufficient type feedback for generic keyed access): begin. deoptimizing 0x3a8c999bde59 <JSFunction encode$1 (sfi = 0x36a1b3b67111)>, 0x0f0ccb721a69 <Code MAGLEV>, opt id 291, bytecode offset 227, deopt exit 81, FP to SP delta 192, caller SP 0x00016f1b1230, pc 0x0001176deac0]
[bailout (kind: deopt-eager, reason: wrong map): begin. deoptimizing 0x007000031e89 <JSFunction addUneditedChunk (sfi = 0x36a1b3b77499)>, 0x0f0ccb71eaf9 <Code MAGLEV>, opt id 286, bytecode offset 13, deopt exit 55, FP to SP delta 96, caller SP 0x00016f1b12f0, pc 0x0001176dcdb8]
[bailout (kind: deopt-eager, reason: not a Smi): begin. deoptimizing 0x3a8c999beee1 <JSFunction traceMappings (sfi = 0x36a1b3b68161)>, 0x04119a02b759 <Code TURBOFAN_JS>, opt id 299, bytecode offset 17, deopt exit 93, FP to SP delta 480, caller SP 0x00016f1b13c0, pc 0x0001176f19c8]
[23495:0x7c740c000]      629 ms: Scavenge 88.2 (105.6) -> 70.1 (110.3) MB, pooled: 0.0 MB, 1.64 / 0.01 ms (average mu = 0.986, current mu = 0.987) allocation failure;
[marking dependent code 0x129cb9fcc369 <Code MAGLEV> (0x1c95579b8971 <SharedFunctionInfo identifier>) (opt id 278) for deoptimization, reason: dependent allocation site tenuring changed]
[marking dependent code 0x0f0ccb71ced1 <Code MAGLEV> (0x09f821e477a9 <SharedFunctionInfo enter>) (opt id 284) for deoptimization, reason: dependent field type changed]
[bailout (kind: deopt-eager, reason: wrong map): begin. deoptimizing 0x2667d42b5f49 <JSFunction onStatements (sfi = 0x9f821e42041)>, 0x04119a033051 <Code MAGLEV>, opt id 326, bytecode offset 2, deopt exit 0, FP to SP delta 80, caller SP 0x00016f1b06b0, pc 0x0001176feb4c]
[bailout (kind: deopt-eager, reason: Insufficient type feedback for generic named access): begin. deoptimizing 0x2667d42b6289 <JSFunction enter (sfi = 0x9f821e477a9)>, 0x129cb9fcfec1 <Code MAGLEV>, opt id 327, bytecode offset 114, deopt exit 56, FP to SP delta 64, caller SP 0x00016f1b0768, pc 0x000117801fdc]
[bailout (kind: deopt-eager, reason: Insufficient type feedback for generic named access): begin. deoptimizing 0x3a8c999bde59 <JSFunction encode$1 (sfi = 0x36a1b3b67111)>, 0x04119a02f041 <Code TURBOFAN_JS>, opt id 319, bytecode offset 1, deopt exit 1, FP to SP delta 32, caller SP 0x00016f1b1380, pc 0x0001176f59b8]
[bailout (kind: deopt-eager, reason: wrong map): begin. deoptimizing 0x3a8c999beb79 <JSFunction addSegmentInternal (sfi = 0x36a1b3b67e01)>, 0x0f0ccb72a999 <Code MAGLEV>, opt id 306, bytecode offset 22, deopt exit 28, FP to SP delta 128, caller SP 0x00016f1b12b0, pc 0x0001176e723c]
[bailout (kind: deopt-eager, reason: Insufficient type feedback for generic keyed access): begin. deoptimizing 0x3a8c999bde59 <JSFunction encode$1 (sfi = 0x36a1b3b67111)>, 0x04119a027551 <Code TURBOFAN_JS>, opt id 292, bytecode offset 227, deopt exit 112, FP to SP delta 304, caller SP 0x00016f1b1230, pc 0x0001176ef53c]
[marking dependent code 0x0f0ccb71a471 <Code MAGLEV> (0x36a1b3b7a8f1 <SharedFunctionInfo isStaticPropertyKey>) (opt id 280) for deoptimization, reason: dependent field type changed]
[23495:0x7c740c000]      684 ms: Scavenge 95.5 (123.6) -> 73.6 (127.9) MB, pooled: 0.0 MB, 0.96 / 0.00 ms (average mu = 0.986, current mu = 0.987) allocation failure;
[bailout (kind: deopt-eager, reason: wrong call target): begin. deoptimizing 0x04894f276711 <JSFunction enter (sfi = 0x9f821e477a9)>, 0x129cb9fd73d1 <Code MAGLEV>, opt id 342, bytecode offset 114, deopt exit 12, FP to SP delta 64, caller SP 0x00016f1b0f78, pc 0x00011784ba44]
[marking dependent code 0x31b43a551989 <Code MAGLEV> (0x15fcb0ca24f9 <SharedFunctionInfo __importStar>) (opt id 155) for deoptimization, reason: embedded weak objects cleared]
[marking dependent code 0x05a22cb43d51 <Code MAGLEV> (0x074752055149 <SharedFunctionInfo mapDefined>) (opt id 62) for deoptimization, reason: embedded weak objects cleared]
[marking dependent code 0x108540c3a121 <Code MAGLEV> (0x2c6c548d5141 <SharedFunctionInfo mapDefined>) (opt id 71) for deoptimization, reason: embedded weak objects cleared]
[23495:0x7c740c000]      698 ms: Incremental Mark-Compact 78.0 (128.4) -> 67.8 (127.7) MB, pooled: 0.5 MB, 2.22 / 0.00 ms (+ 3.7 ms in 151 steps since start of marking, biggest step 0.2 ms, walltime since start of marking 13 ms) (average mu = 0.985, current mu = 0.985) finalize incremental marking via task; GC in old space requested
[bailout (kind: deopt-eager, reason: Insufficient type feedback for generic named access): begin. deoptimizing 0x3947380695d9 <JSFunction (sfi = 0xb4a8ec71621)>, 0x129cb9fc08e1 <Code MAGLEV>, opt id 401, bytecode offset 82, deopt exit 11, FP to SP delta 64, caller SP 0x00016f1b0920, pc 0x000117860bd0]
[bailout (kind: deopt-eager, reason: Insufficient type feedback for call): begin. deoptimizing 0x2eaa191d91c1 <JSFunction (sfi = 0x2a1a75746d61)>, 0x129cb9fc11d9 <Code MAGLEV>, opt id 404, bytecode offset 128, deopt exit 10, FP to SP delta 48, caller SP 0x00016f1b0970, pc 0x0001178615c4]
[bailout (kind: deopt-lazy, reason: (unknown)): begin. deoptimizing 0x3947380695d9 <JSFunction (sfi = 0xb4a8ec71621)>, 0x129cb9fc08e1 <Code MAGLEV>, opt id 401, bytecode offset 8, deopt exit 12, FP to SP delta 64, caller SP 0x00016f1b09d0, pc 0x000117860bd4]
[bailout (kind: deopt-eager, reason: Insufficient type feedback for generic named access): begin. deoptimizing 0x2eaa191e6ca9 <JSFunction anyParser (sfi = 0xb4a8ec75281)>, 0x34d302675f41 <Code MAGLEV>, opt id 408, bytecode offset 76, deopt exit 31, FP to SP delta 144, caller SP 0x00016f1b0900, pc 0x000117862898]
[bailout (kind: deopt-lazy, reason: (unknown)): begin. deoptimizing 0x2eaa191d91c1 <JSFunction (sfi = 0x2a1a75746d61)>, 0x129cb9fc11d9 <Code MAGLEV>, opt id 404, bytecode offset 106, deopt exit 14, FP to SP delta 48, caller SP 0x00016f1b0a20, pc 0x0001178615d4]
[bailout (kind: deopt-lazy, reason: (unknown)): begin. deoptimizing 0x3947380695d9 <JSFunction (sfi = 0xb4a8ec71621)>, 0x129cb9fc08e1 <Code MAGLEV>, opt id 401, bytecode offset 8, deopt exit 12, FP to SP delta 64, caller SP 0x00016f1b0a80, pc 0x000117860bd4]
[bailout (kind: deopt-lazy, reason: (unknown)): begin. deoptimizing 0x2eaa191d91c1 <JSFunction (sfi = 0x2a1a75746d61)>, 0x129cb9fc11d9 <Code MAGLEV>, opt id 404, bytecode offset 106, deopt exit 14, FP to SP delta 48, caller SP 0x00016f1b0ad0, pc 0x0001178615d4]
[bailout (kind: deopt-lazy, reason: (unknown)): begin. deoptimizing 0x3947380695d9 <JSFunction (sfi = 0xb4a8ec71621)>, 0x129cb9fc08e1 <Code MAGLEV>, opt id 401, bytecode offset 8, deopt exit 12, FP to SP delta 64, caller SP 0x00016f1b0b30, pc 0x000117860bd4]
[bailout (kind: deopt-lazy, reason: (unknown)): begin. deoptimizing 0x2eaa191d91c1 <JSFunction (sfi = 0x2a1a75746d61)>, 0x129cb9fc11d9 <Code MAGLEV>, opt id 404, bytecode offset 106, deopt exit 14, FP to SP delta 48, caller SP 0x00016f1b0b80, pc 0x0001178615d4]
[bailout (kind: deopt-lazy, reason: (unknown)): begin. deoptimizing 0x3947380695d9 <JSFunction (sfi = 0xb4a8ec71621)>, 0x129cb9fc08e1 <Code MAGLEV>, opt id 401, bytecode offset 8, deopt exit 12, FP to SP delta 64, caller SP 0x00016f1b0be0, pc 0x000117860bd4]
[bailout (kind: deopt-lazy, reason: (unknown)): begin. deoptimizing 0x2eaa191d91c1 <JSFunction (sfi = 0x2a1a75746d61)>, 0x129cb9fc11d9 <Code MAGLEV>, opt id 404, bytecode offset 106, deopt exit 14, FP to SP delta 48, caller SP 0x00016f1b0c30, pc 0x0001178615d4]
[bailout (kind: deopt-lazy, reason: (unknown)): begin. deoptimizing 0x3947380695d9 <JSFunction (sfi = 0xb4a8ec71621)>, 0x129cb9fc08e1 <Code MAGLEV>, opt id 401, bytecode offset 8, deopt exit 12, FP to SP delta 64, caller SP 0x00016f1b0c90, pc 0x000117860bd4]
[bailout (kind: deopt-lazy, reason: (unknown)): begin. deoptimizing 0x2eaa191d91c1 <JSFunction (sfi = 0x2a1a75746d61)>, 0x129cb9fc11d9 <Code MAGLEV>, opt id 404, bytecode offset 106, deopt exit 14, FP to SP delta 48, caller SP 0x00016f1b0ce0, pc 0x0001178615d4]
[bailout (kind: deopt-lazy, reason: (unknown)): begin. deoptimizing 0x3947380695d9 <JSFunction (sfi = 0xb4a8ec71621)>, 0x129cb9fc08e1 <Code MAGLEV>, opt id 401, bytecode offset 8, deopt exit 12, FP to SP delta 64, caller SP 0x00016f1b0d40, pc 0x000117860bd4]
[bailout (kind: deopt-lazy, reason: (unknown)): begin. deoptimizing 0x2eaa191d91c1 <JSFunction (sfi = 0x2a1a75746d61)>, 0x129cb9fc11d9 <Code MAGLEV>, opt id 404, bytecode offset 106, deopt exit 14, FP to SP delta 48, caller SP 0x00016f1b0d90, pc 0x0001178615d4]
[bailout (kind: deopt-lazy, reason: (unknown)): begin. deoptimizing 0x3947380695d9 <JSFunction (sfi = 0xb4a8ec71621)>, 0x129cb9fc08e1 <Code MAGLEV>, opt id 401, bytecode offset 8, deopt exit 12, FP to SP delta 64, caller SP 0x00016f1b0df0, pc 0x000117860bd4]
[bailout (kind: deopt-lazy, reason: (unknown)): begin. deoptimizing 0x2eaa191d91c1 <JSFunction (sfi = 0x2a1a75746d61)>, 0x129cb9fc11d9 <Code MAGLEV>, opt id 404, bytecode offset 106, deopt exit 14, FP to SP delta 48, caller SP 0x00016f1b0e40, pc 0x0001178615d4]
[bailout (kind: deopt-lazy, reason: (unknown)): begin. deoptimizing 0x3947380695d9 <JSFunction (sfi = 0xb4a8ec71621)>, 0x129cb9fc08e1 <Code MAGLEV>, opt id 401, bytecode offset 8, deopt exit 12, FP to SP delta 64, caller SP 0x00016f1b0ea0, pc 0x000117860bd4]
[bailout (kind: deopt-lazy, reason: (unknown)): begin. deoptimizing 0x2eaa191d91c1 <JSFunction (sfi = 0x2a1a75746d61)>, 0x129cb9fc11d9 <Code MAGLEV>, opt id 404, bytecode offset 106, deopt exit 14, FP to SP delta 48, caller SP 0x00016f1b0ef0, pc 0x0001178615d4]
[bailout (kind: deopt-lazy, reason: (unknown)): begin. deoptimizing 0x3947380695d9 <JSFunction (sfi = 0xb4a8ec71621)>, 0x129cb9fc08e1 <Code MAGLEV>, opt id 401, bytecode offset 8, deopt exit 12, FP to SP delta 64, caller SP 0x00016f1b0f50, pc 0x000117860bd4]
[bailout (kind: deopt-lazy, reason: (unknown)): begin. deoptimizing 0x2eaa191d91c1 <JSFunction (sfi = 0x2a1a75746d61)>, 0x129cb9fc11d9 <Code MAGLEV>, opt id 404, bytecode offset 106, deopt exit 14, FP to SP delta 48, caller SP 0x00016f1b0fa0, pc 0x0001178615d4]
[bailout (kind: deopt-lazy, reason: (unknown)): begin. deoptimizing 0x3947380695d9 <JSFunction (sfi = 0xb4a8ec71621)>, 0x129cb9fc08e1 <Code MAGLEV>, opt id 401, bytecode offset 8, deopt exit 12, FP to SP delta 64, caller SP 0x00016f1b1000, pc 0x000117860bd4]
[bailout (kind: deopt-lazy, reason: (unknown)): begin. deoptimizing 0x2eaa191d91c1 <JSFunction (sfi = 0x2a1a75746d61)>, 0x129cb9fc11d9 <Code MAGLEV>, opt id 404, bytecode offset 106, deopt exit 14, FP to SP delta 48, caller SP 0x00016f1b1050, pc 0x0001178615d4]
[bailout (kind: deopt-lazy, reason: (unknown)): begin. deoptimizing 0x3947380695d9 <JSFunction (sfi = 0xb4a8ec71621)>, 0x129cb9fc08e1 <Code MAGLEV>, opt id 401, bytecode offset 8, deopt exit 12, FP to SP delta 64, caller SP 0x00016f1b10b0, pc 0x000117860bd4]
[bailout (kind: deopt-lazy, reason: (unknown)): begin. deoptimizing 0x2eaa191d91c1 <JSFunction (sfi = 0x2a1a75746d61)>, 0x129cb9fc11d9 <Code MAGLEV>, opt id 404, bytecode offset 106, deopt exit 14, FP to SP delta 48, caller SP 0x00016f1b1100, pc 0x0001178615d4]
[bailout (kind: deopt-lazy, reason: (unknown)): begin. deoptimizing 0x3947380695d9 <JSFunction (sfi = 0xb4a8ec71621)>, 0x129cb9fc08e1 <Code MAGLEV>, opt id 401, bytecode offset 8, deopt exit 12, FP to SP delta 64, caller SP 0x00016f1b1160, pc 0x000117860bd4]
[bailout (kind: deopt-lazy, reason: (unknown)): begin. deoptimizing 0x2eaa191d91c1 <JSFunction (sfi = 0x2a1a75746d61)>, 0x129cb9fc11d9 <Code MAGLEV>, opt id 404, bytecode offset 106, deopt exit 14, FP to SP delta 48, caller SP 0x00016f1b11b0, pc 0x0001178615d4]
[bailout (kind: deopt-lazy, reason: (unknown)): begin. deoptimizing 0x3947380695d9 <JSFunction (sfi = 0xb4a8ec71621)>, 0x129cb9fc08e1 <Code MAGLEV>, opt id 401, bytecode offset 8, deopt exit 12, FP to SP delta 64, caller SP 0x00016f1b1210, pc 0x000117860bd4]
[bailout (kind: deopt-lazy, reason: (unknown)): begin. deoptimizing 0x2eaa191d91c1 <JSFunction (sfi = 0x2a1a75746d61)>, 0x129cb9fc11d9 <Code MAGLEV>, opt id 404, bytecode offset 106, deopt exit 14, FP to SP delta 48, caller SP 0x00016f1b1260, pc 0x0001178615d4]
[bailout (kind: deopt-lazy, reason: (unknown)): begin. deoptimizing 0x3947380695d9 <JSFunction (sfi = 0xb4a8ec71621)>, 0x129cb9fc08e1 <Code MAGLEV>, opt id 401, bytecode offset 8, deopt exit 12, FP to SP delta 64, caller SP 0x00016f1b12c0, pc 0x000117860bd4]
[bailout (kind: deopt-lazy, reason: (unknown)): begin. deoptimizing 0x2eaa191d91c1 <JSFunction (sfi = 0x2a1a75746d61)>, 0x129cb9fc11d9 <Code MAGLEV>, opt id 404, bytecode offset 106, deopt exit 14, FP to SP delta 48, caller SP 0x00016f1b1310, pc 0x0001178615d4]
[bailout (kind: deopt-lazy, reason: (unknown)): begin. deoptimizing 0x3947380695d9 <JSFunction (sfi = 0xb4a8ec71621)>, 0x129cb9fc08e1 <Code MAGLEV>, opt id 401, bytecode offset 8, deopt exit 12, FP to SP delta 64, caller SP 0x00016f1b1370, pc 0x000117860bd4]
[bailout (kind: deopt-lazy, reason: (unknown)): begin. deoptimizing 0x2eaa191d91c1 <JSFunction (sfi = 0x2a1a75746d61)>, 0x129cb9fc11d9 <Code MAGLEV>, opt id 404, bytecode offset 106, deopt exit 14, FP to SP delta 48, caller SP 0x00016f1b13c0, pc 0x0001178615d4]
[bailout (kind: deopt-lazy, reason: (unknown)): begin. deoptimizing 0x3947380695d9 <JSFunction (sfi = 0xb4a8ec71621)>, 0x129cb9fc08e1 <Code MAGLEV>, opt id 401, bytecode offset 8, deopt exit 12, FP to SP delta 64, caller SP 0x00016f1b1420, pc 0x000117860bd4]
[bailout (kind: deopt-eager, reason: Insufficient type feedback for generic named access): begin. deoptimizing 0x2eaa191d18e1 <JSFunction (sfi = 0x2a1a757519e1)>, 0x1c9effe34f39 <Code MAGLEV>, opt id 409, bytecode offset 392, deopt exit 24, FP to SP delta 128, caller SP 0x00016f1b1400, pc 0x00011783365c]
[bailout (kind: deopt-eager, reason: Insufficient type feedback for generic named access): begin. deoptimizing 0x0712cabfe7d9 <JSFunction time (sfi = 0x9f821e73fa9)>, 0x1ac1f62b7c71 <Code MAGLEV>, opt id 446, bytecode offset 54, deopt exit 13, FP to SP delta 112, caller SP 0x00016f1b14b8, pc 0x000117865c10]
[marking dependent code 0x1ac1f62b7299 <Code MAGLEV> (0x09f821e73ff1 <SharedFunctionInfo samplePair>) (opt id 444) for deoptimization, reason: dependent allocation site transition changed]
[bailout (kind: deopt-eager, reason: wrong call target): begin. deoptimizing 0x0712cabfe7d9 <JSFunction time (sfi = 0x9f821e73fa9)>, 0x1ac1f62b7c71 <Code MAGLEV>, opt id 446, bytecode offset 24, deopt exit 2, FP to SP delta 112, caller SP 0x00016f1b14b8, pc 0x000117865be4]
[bailout (kind: deopt-eager, reason: wrong call target): begin. deoptimizing 0x0712cabfe7d9 <JSFunction time (sfi = 0x9f821e73fa9)>, 0x066477d9e9c1 <Code TURBOFAN_JS>, opt id 447, bytecode offset 24, deopt exit 2, FP to SP delta 128, caller SP 0x00016f1b14b8, pc 0x0001177ddcb4]
[bailout (kind: deopt-eager, reason: prepare for on stack replacement (OSR)): begin. deoptimizing 0x0712cabfe7d9 <JSFunction time (sfi = 0x9f821e73fa9)>, 0x1ac1f62b8819 <Code MAGLEV>, opt id 448, bytecode offset 44, deopt exit 21, FP to SP delta 128, caller SP 0x00016f1b14b8, pc 0x000117866768]
[23495:0x7c740c000]      745 ms: Scavenge 102.0 (133.5) -> 69.6 (132.0) MB, pooled: 0.0 MB, 0.25 / 0.00 ms (average mu = 0.985, current mu = 0.985) allocation failure;
[23495:0x7c740c000]      766 ms: Scavenge 100.5 (139.5) -> 69.5 (139.7) MB, pooled: 0.0 MB, 0.34 / 0.00 ms (average mu = 0.985, current mu = 0.985) allocation failure;
[23495:0x7c740c000]      783 ms: Scavenge 101.4 (139.7) -> 69.5 (139.7) MB, pooled: 0.0 MB, 0.14 / 0.00 ms (average mu = 0.985, current mu = 0.985) allocation failure;
[23495:0x7c740c000]      801 ms: Scavenge 101.4 (139.7) -> 69.5 (139.7) MB, pooled: 0.0 MB, 0.12 / 0.00 ms (average mu = 0.985, current mu = 0.985) allocation failure;
[23495:0x7c740c000]      819 ms: Scavenge 101.4 (139.7) -> 69.5 (139.7) MB, pooled: 0.0 MB, 0.15 / 0.00 ms (average mu = 0.985, current mu = 0.985) allocation failure;
[23495:0x7c740c000]      836 ms: Scavenge 101.4 (139.7) -> 69.4 (139.7) MB, pooled: 0.0 MB, 0.11 / 0.00 ms (average mu = 0.985, current mu = 0.985) allocation failure;
[23495:0x7c740c000]      854 ms: Scavenge 101.5 (139.7) -> 69.6 (139.7) MB, pooled: 0.0 MB, 0.13 / 0.00 ms (average mu = 0.985, current mu = 0.985) allocation failure;
[23495:0x7c740c000]      873 ms: Scavenge 101.5 (139.7) -> 69.6 (139.7) MB, pooled: 0.0 MB, 0.15 / 0.00 ms (average mu = 0.985, current mu = 0.985) allocation failure;
[23495:0x7c740c000]      890 ms: Scavenge 101.5 (139.7) -> 69.5 (139.7) MB, pooled: 0.0 MB, 0.17 / 0.00 ms (average mu = 0.985, current mu = 0.985) allocation failure;
[bailout (kind: deopt-eager, reason: wrong feedback cell): begin. deoptimizing 0x0712cabfe671 <JSFunction samplePair (sfi = 0x9f821e73ff1)>, 0x2427edd0b1a9 <Code MAGLEV>, opt id 475, bytecode offset 85, deopt exit 2, FP to SP delta 128, caller SP 0x00016f1b15b8, pc 0x0001177e71c4]
[bailout (kind: deopt-eager, reason: wrong feedback cell): begin. deoptimizing 0x0712cabfe7d9 <JSFunction time (sfi = 0x9f821e73fa9)>, 0x2427edd08dd1 <Code TURBOFAN_JS>, opt id 465, bytecode offset 24, deopt exit 6, FP to SP delta 96, caller SP 0x00016f1b14b8, pc 0x0001177e3d24]
[23495:0x7c740c000]     1085 ms: Scavenge 101.5 (139.7) -> 69.6 (139.7) MB, pooled: 0.0 MB, 0.15 / 0.00 ms (average mu = 0.985, current mu = 0.985) allocation failure;
[23495:0x7c740c000]     1415 ms: Scavenge 101.5 (139.7) -> 69.6 (139.7) MB, pooled: 0.0 MB, 0.14 / 0.00 ms (average mu = 0.985, current mu = 0.985) allocation failure;
[23495:0x7c740c000]     1741 ms: Scavenge 101.5 (139.7) -> 69.6 (139.7) MB, pooled: 0.0 MB, 0.18 / 0.00 ms (average mu = 0.985, current mu = 0.985) allocation failure;
[bailout (kind: deopt-eager, reason: Insufficient type feedback for generic keyed access): begin. deoptimizing 0x3a8c999b46e1 <JSFunction mergeErrorState (sfi = 0x235ab6574cc1)>, 0x066477d98239 <Code TURBOFAN_JS>, opt id 416, bytecode offset 45, deopt exit 3, FP to SP delta 48, caller SP 0x00016f1b0e18, pc 0x0001176ef7b8]
[bailout (kind: deopt-eager, reason: Insufficient type feedback for generic named access): begin. deoptimizing 0x222e71040759 <JSFunction anyParser (sfi = 0xb4a8ec75281)>, 0x066477d99971 <Code TURBOFAN_JS>, opt id 439, bytecode offset 97, deopt exit 22, FP to SP delta 160, caller SP 0x00016f1b0eb0, pc 0x00011783bb54]
[bailout (kind: deopt-eager, reason: Insufficient type feedback for generic named access): begin. deoptimizing 0x3a8c999990b1 <JSFunction parseState (sfi = 0xbf61ebbc389)>, 0x2427edd07321 <Code TURBOFAN_JS>, opt id 457, bytecode offset 138, deopt exit 6, FP to SP delta 64, caller SP 0x00016f1b1540, pc 0x0001177e2714]
 Err x     16
 1 | ((((((((((((((((not-a-property
                     ^^^
   expected "(", "timeline-trigger-activation-range", "column-rule-inset-junction-start", "row-rule-inset-junction-start", "color-interpolation-filters", "overflow-clip-margin-block", "overflow-clip-margin-right", "corner-bottom-right-shape", "overscroll-behavior-block", "border-block-start-style", "background-repeat-block", "border-inline-end-style", "animation-range-center", "border-block-end-color", "border-top-left-radius", "corner-start-end-shape", "animation-delay-start", "font-synthesis-weight", "font-variant-position", "pointer-timeline-axis", "view-transition-group", "border-bottom-radius", "box-decoration-break", "hyphenate-limit-zone", "scroll-margin-inline", "scroll-padding-block", "scroll-padding-right", "scroll-timeline-axis", "text-decoration-line", "-webkit-text-stroke", "border-inline-style", "corner-inline-start", "initial-letter-wrap", "position-visibility", "rule-inset-junction", "transition-behavior", "alignment-baseline", "border-image-width", "grid-template-rows", "-webkit-box-align", "background-origin", "column-rule-color", "corner-block-end", "corner-top-shape", "page-break-after", "backdrop-filter", "grid-column-end", "offset-distance", "block-ellipsis", "bookmark-level", "flow-tolerance", "mask-composite", "min-block-size", "padding-bottom", "row-rule-color", "stroke-linecap", "text-transform", "margin-bottom", "outline-color", "ruby-overhang", "shape-outside", "text-emphasis", "border-color", "border-limit", "border-shape", "font-palette", "inset-inline", "pause-before", "stroke-color", "stroke-width", "text-justify", "caret-shape", "column-wrap", "empty-cells", "mask-border", "user-select", "voice-range", "fill-image", "line-clamp", "list-style", "margin-top", "math-depth", "container", "isolation", "nav-right", "wrap-flow", "box-snap", "speak-as", "text-box", "cursor", "float", "scale", "width", "flex", "rest", "gap", or "top"
[bailout (kind: deopt-eager, reason: Insufficient type feedback for generic named access): begin. deoptimizing 0x08fccd700101 <JSFunction (sfi = 0x2a1a757519e1)>, 0x066477d9d939 <Code TURBOFAN_JS>, opt id 443, bytecode offset 71, deopt exit 10, FP to SP delta 128, caller SP 0x00016f1b14a0, pc 0x0001177dd0a4]
[bailout (kind: deopt-eager, reason: Insufficient type feedback for generic named access): begin. deoptimizing 0x2ccbda06de69 <JSFunction mergeLabels (sfi = 0xbf61eb91369)>, 0x129cb9fcc209 <Code TURBOFAN_JS>, opt id 496, bytecode offset 108, deopt exit 7, FP to SP delta 48, caller SP 0x00016f1b1328, pc 0x0001177e9888]
[bailout (kind: deopt-eager, reason: Insufficient type feedback for generic named access): begin. deoptimizing 0x2ccbda06efa1 <JSFunction parseState (sfi = 0xbf61eb99e81)>, 0x2427edd04c69 <Code TURBOFAN_JS>, opt id 452, bytecode offset 93, deopt exit 10, FP to SP delta 64, caller SP 0x00016f1b1500, pc 0x0001177e047c]
 Err x     16
 1 | ((((((((((((((((not-a-property
                     ^^^
   expected "(", "timeline-trigger-activation-range", "column-rule-inset-junction-start", "row-rule-inset-junction-start", "color-interpolation-filters", "overflow-clip-margin-block", "overflow-clip-margin-right", "corner-bottom-right-shape", "overscroll-behavior-block", "border-block-start-style", "background-repeat-block", "border-inline-end-style", "animation-range-center", "border-block-end-color", "border-top-left-radius", "corner-start-end-shape", "animation-delay-start", "font-synthesis-weight", "font-variant-position", "pointer-timeline-axis", "view-transition-group", "border-bottom-radius", "box-decoration-break", "hyphenate-limit-zone", "scroll-margin-inline", "scroll-padding-block", "scroll-padding-right", "scroll-timeline-axis", "text-decoration-line", "-webkit-text-stroke", "border-inline-style", "corner-inline-start", "initial-letter-wrap", "position-visibility", "rule-inset-junction", "transition-behavior", "alignment-baseline", "border-image-width", "grid-template-rows", "-webkit-box-align", "background-origin", "column-rule-color", "corner-block-end", "corner-top-shape", "page-break-after", "backdrop-filter", "grid-column-end", "offset-distance", "block-ellipsis", "bookmark-level", "flow-tolerance", "mask-composite", "min-block-size", "padding-bottom", "row-rule-color", "stroke-linecap", "text-transform", "margin-bottom", "outline-color", "ruby-overhang", "shape-outside", "text-emphasis", "border-color", "border-limit", "border-shape", "font-palette", "inset-inline", "pause-before", "stroke-color", "stroke-width", "text-justify", "caret-shape", "column-wrap", "empty-cells", "mask-border", "user-select", "voice-range", "fill-image", "line-clamp", "list-style", "margin-top", "math-depth", "container", "isolation", "nav-right", "wrap-flow", "box-snap", "speak-as", "text-box", "cursor", "float", "scale", "width", "flex", "rest", "gap", or "top"
[bailout (kind: deopt-eager, reason: wrong map): begin. deoptimizing 0x3a8c999b46e1 <JSFunction mergeErrorState (sfi = 0x235ab6574cc1)>, 0x2427edd0e0d9 <Code MAGLEV>, opt id 498, bytecode offset 45, deopt exit 4, FP to SP delta 48, caller SP 0x00016f1b0d88, pc 0x0001177ea80c]
[23495:0x7c740c000]     1933 ms: Scavenge 101.6 (139.7) -> 69.7 (139.7) MB, pooled: 0.0 MB, 0.12 / 0.00 ms (average mu = 0.985, current mu = 0.985) allocation failure;
[23495:0x7c740c000]     1993 ms: Scavenge 101.6 (139.7) -> 69.7 (139.7) MB, pooled: 0.0 MB, 0.23 / 0.00 ms (average mu = 0.985, current mu = 0.985) allocation failure;
[23495:0x7c740c000]     2049 ms: Scavenge 101.6 (139.7) -> 69.7 (139.7) MB, pooled: 0.0 MB, 0.13 / 0.00 ms (average mu = 0.985, current mu = 0.985) allocation failure;
[23495:0x7c740c000]     2106 ms: Scavenge 101.6 (139.7) -> 69.7 (139.7) MB, pooled: 0.0 MB, 0.12 / 0.00 ms (average mu = 0.985, current mu = 0.985) allocation failure;
[23495:0x7c740c000]     2178 ms: Scavenge 101.6 (139.7) -> 69.7 (139.7) MB, pooled: 0.0 MB, 0.13 / 0.00 ms (average mu = 0.985, current mu = 0.985) allocation failure;
[bailout (kind: deopt-eager, reason: Insufficient type feedback for call): begin. deoptimizing 0x08fccd700101 <JSFunction (sfi = 0x2a1a757519e1)>, 0x066477da5bb9 <Code TURBOFAN_JS>, opt id 508, bytecode offset 99, deopt exit 33, FP to SP delta 176, caller SP 0x00016f1b14a0, pc 0x0001177f1cf0]
[marking dependent code 0x2427edd0c4a9 <Code TURBOFAN_JS> (0x09f821e74471 <SharedFunctionInfo>) (opt id 491) for deoptimization, reason: dependent field type constness changed]
[marking dependent code 0x2427edd0bed1 <Code TURBOFAN_JS> (0x09f821e74399 <SharedFunctionInfo>) (opt id 481) for deoptimization, reason: dependent field type constness changed]
[marking dependent code 0x2427edd0b9c9 <Code TURBOFAN_JS> (0x0bf61eb9ebb9 <SharedFunctionInfo>) (opt id 479) for deoptimization, reason: dependent field type constness changed]
[marking dependent code 0x31b43a55c789 <Code TURBOFAN_JS> (0x09f821e743e1 <SharedFunctionInfo>) (opt id 480) for deoptimization, reason: dependent field type constness changed]
[marking dependent code 0x2427edd0b769 <Code MAGLEV> (0x0bf61eb9ebb9 <SharedFunctionInfo>) (opt id 478) for deoptimization, reason: dependent field type constness changed]
[marking dependent code 0x31b43a561c81 <Code TURBOFAN_JS> (0x09f821e74351 <SharedFunctionInfo>) (opt id 471) for deoptimization, reason: dependent field type constness changed]
[marking dependent code 0x2427edd055f9 <Code TURBOFAN_JS> (0x09f821e742c1 <SharedFunctionInfo>) (opt id 454) for deoptimization, reason: dependent field type constness changed]
[marking dependent code 0x1ac1f62b9979 <Code TURBOFAN_JS> (0x0bf61eb99bf9 <SharedFunctionInfo RunState>) (opt id 453) for deoptimization, reason: dependent field type constness changed]
[marking dependent code 0x066477d9faf9 <Code TURBOFAN_JS> (0x2a1a75768d61 <SharedFunctionInfo>) (opt id 445) for deoptimization, reason: dependent field type constness changed]
[marking dependent code 0x04119a026d49 <Code MAGLEV> (0x0bf61eb99e81 <SharedFunctionInfo parseState>) (opt id 428) for deoptimization, reason: dependent field type constness changed]
[marking dependent code 0x04119a0265f9 <Code MAGLEV> (0x0bf61eb99bf9 <SharedFunctionInfo RunState>) (opt id 426) for deoptimization, reason: dependent field type constness changed]
[marking dependent code 0x31b43a56b949 <Code MAGLEV> (0x0bf61eb99df1 <SharedFunctionInfo RunState>) (opt id 424) for deoptimization, reason: dependent field type constness changed]
[marking dependent code 0x1c9effe36959 <Code MAGLEV> (0x2a1a75768d61 <SharedFunctionInfo>) (opt id 412) for deoptimization, reason: dependent field type constness changed]
[23495:0x7c740c000]     2245 ms: Scavenge 100.0 (139.7) -> 69.7 (139.7) MB, pooled: 0.0 MB, 0.11 / 0.00 ms (average mu = 0.985, current mu = 0.985) allocation failure;
