[54153:0xb89800000]        5 ms: Scavenge 1.4 (2.5) -> 0.7 (3.0) MB, pooled: 0.0 MB, 0.20 / 0.00 ms (average mu = 1.000, current mu = 1.000) allocation failure; 
[54153:0xb89800000]        8 ms: Scavenge 1.8 (4.0) -> 1.5 (4.2) MB, pooled: 0.0 MB, 0.15 / 0.00 ms (average mu = 1.000, current mu = 1.000) allocation failure; 
[54153:0xb89800000]       16 ms: Scavenge 2.8 (4.9) -> 2.6 (5.6) MB, pooled: 0.0 MB, 0.20 / 0.00 ms (average mu = 1.000, current mu = 1.000) allocation failure; 
[bailout (kind: deopt-eager, reason: wrong map): begin. deoptimizing 0x01223ddd66b9 <JSFunction next (sfi = 0x32a70f7497c1)>, 0x060453101f11 <Code MAGLEV>, opt id 2, bytecode offset 3, deopt exit 0, FP to SP delta 32, caller SP 0x00016f58db78, pc 0x000117005394]
[54153:0xb89800000]       57 ms: Scavenge 7.5 (9.3) -> 6.6 (10.1) MB, pooled: 0.0 MB, 0.26 / 0.00 ms (average mu = 1.000, current mu = 1.000) allocation failure; 
[54153:0xb89800000]       68 ms: Scavenge 8.6 (11.3) -> 8.1 (12.3) MB, pooled: 0.0 MB, 0.32 / 0.00 ms (average mu = 1.000, current mu = 1.000) allocation failure; 
[bailout (kind: deopt-eager, reason: wrong map): begin. deoptimizing 0x2d0a4913cb49 <JSFunction requireBuiltin (sfi = 0x32a70f75e731)>, 0x3e3f9e701f81 <Code MAGLEV>, opt id 6, bytecode offset 4, deopt exit 0, FP to SP delta 32, caller SP 0x00016f589c30, pc 0x000117025b4c]
[bailout (kind: deopt-lazy, reason: (unknown)): begin. deoptimizing 0x2d0a4913cb49 <JSFunction requireBuiltin (sfi = 0x32a70f75e731)>, 0x3e3f9e701f81 <Code MAGLEV>, opt id 6, bytecode offset 72, deopt exit 4, FP to SP delta 32, caller SP 0x00016f58a3c0, pc 0x000117025b5c]
[54153:0xb89800000]      111 ms: Scavenge 13.5 (16.7) -> 11.7 (18.0) MB, pooled: 0.0 MB, 0.39 / 0.00 ms (average mu = 1.000, current mu = 1.000) allocation failure; 
[54153:0xb89800000]      123 ms: Incremental Mark-Compact 13.5 (19.0) -> 10.2 (18.3) MB, pooled: 0.5 MB, 2.65 / 0.00 ms (+ 0.0 ms in 1 steps since start of marking, biggest step 0.0 ms, walltime since start of marking 3 ms) (average mu = 0.978, current mu = 0.978) finalize incremental marking via task; GC in old space requested
[bailout (kind: deopt-eager, reason: Insufficient type feedback for binary operation): begin. deoptimizing 0x34339c18c401 <JSFunction markTransferMode (sfi = 0x1223ddf8891)>, 0x0f0a82f80551 <Code MAGLEV>, opt id 21, bytecode offset 69, deopt exit 1, FP to SP delta 32, caller SP 0x00016f5856b0, pc 0x000117080af0]
[bailout (kind: deopt-eager, reason: Insufficient type feedback for compare operation): begin. deoptimizing 0x1ee4cbcc5b61 <JSFunction normalizeString (sfi = 0x38bdb14177c9)>, 0x3e3f9e73c961 <Code TURBOFAN_JS>, opt id 29, bytecode offset 266, deopt exit 8, FP to SP delta 96, caller SP 0x00016f583298, pc 0x00011707959c]
[bailout (kind: deopt-eager, reason: Insufficient type feedback for binary operation): begin. deoptimizing 0x1ee4cbcc5b61 <JSFunction normalizeString (sfi = 0x38bdb14177c9)>, 0x3e3f9e701e41 <Code MAGLEV>, opt id 35, bytecode offset 95, deopt exit 26, FP to SP delta 128, caller SP 0x00016f583298, pc 0x00011708b4d4]
[54153:0xb89800000]      256 ms: Scavenge 23.0 (25.4) -> 20.9 (25.7) MB, pooled: 0.0 MB, 0.54 / 0.00 ms (average mu = 0.978, current mu = 0.978) allocation failure; 
[54153:0xb89800000]      287 ms: Incremental Mark-Compact 30.2 (35.9) -> 27.5 (38.4) MB, pooled: 0.0 MB, 1.65 / 0.00 ms (+ 1.4 ms in 111 steps since start of marking, biggest step 0.1 ms, walltime since start of marking 31 ms) (average mu = 0.980, current mu = 0.982) finalize incremental marking via stack guard; GC in old space requested
[54153:0xb89800000]      376 ms: Scavenge 50.6 (55.6) -> 46.2 (55.6) MB, pooled: 0.0 MB, 0.35 / 0.00 ms (average mu = 0.980, current mu = 0.982) allocation failure; 
[marking dependent code 0x0e166e6bbba1 <Code MAGLEV> (0x1ecb38356341 <SharedFunctionInfo multiMapAdd>) (opt id 71) for deoptimization, reason: dependent allocation site tenuring changed]
[marking dependent code 0x0e166e6b95f1 <Code MAGLEV> (0x1ecb38359791 <SharedFunctionInfo diag>) (opt id 68) for deoptimization, reason: dependent allocation site tenuring changed]
[bailout (kind: deopt-eager, reason: Insufficient type feedback for compare operation): begin. deoptimizing 0x32d63164b3a9 <JSFunction Module._findPath (sfi = 0xf9601be409)>, 0x3cd2bc205899 <Code MAGLEV>, opt id 90, bytecode offset 191, deopt exit 16, FP to SP delta 144, caller SP 0x00016f5811b8, pc 0x0001170a8144]
[54153:0xb89800000]      438 ms: Scavenge 63.5 (72.9) -> 55.5 (76.4) MB, pooled: 0.0 MB, 0.88 / 0.00 ms (average mu = 0.980, current mu = 0.982) allocation failure; 
[marking dependent code 0x0b8376300d71 <Code MAGLEV> (0x182b51264191 <SharedFunctionInfo _>) (opt id 118) for deoptimization, reason: dependent prototype chain changed]
[marking dependent code 0x1d201c247a01 <Code MAGLEV> (0x182b51264221 <SharedFunctionInfo addCodeArg>) (opt id 116) for deoptimization, reason: dependent prototype chain changed]
[bailout (kind: deopt-eager, reason: Insufficient type feedback for generic named access): begin. deoptimizing 0x22b80597ffa9 <JSFunction (sfi = 0x3c97a8ff6379)>, 0x0b45e2a480d9 <Code MAGLEV>, opt id 151, bytecode offset 65, deopt exit 1, FP to SP delta 64, caller SP 0x00016f582bc8, pc 0x0001172534f8]
[bailout (kind: deopt-eager, reason: Insufficient type feedback for call): begin. deoptimizing 0x3005aca1dda9 <JSFunction __importStar (sfi = 0x20a85a849861)>, 0x1d201c24b669 <Code MAGLEV>, opt id 156, bytecode offset 90, deopt exit 11, FP to SP delta 112, caller SP 0x00016f5827d0, pc 0x0001172559a0]
[bailout (kind: deopt-eager, reason: Insufficient type feedback for call): begin. deoptimizing 0x06bf068daac9 <JSFunction __importStar (sfi = 0x20a85a865069)>, 0x1d201c24c1c9 <Code MAGLEV>, opt id 159, bytecode offset 90, deopt exit 11, FP to SP delta 112, caller SP 0x00016f5823c0, pc 0x000117256c60]
[bailout (kind: deopt-eager, reason: Insufficient type feedback for call): begin. deoptimizing 0x0072001783a1 <JSFunction __importStar (sfi = 0x20a85a878b31)>, 0x0b45e2a48c39 <Code MAGLEV>, opt id 162, bytecode offset 90, deopt exit 11, FP to SP delta 112, caller SP 0x00016f5823b0, pc 0x000117257f20]
[bailout (kind: deopt-eager, reason: Insufficient type feedback for call): begin. deoptimizing 0x3a4ca01739a1 <JSFunction __importStar (sfi = 0x1dc00c6083a1)>, 0x0b45e2a49799 <Code MAGLEV>, opt id 165, bytecode offset 90, deopt exit 11, FP to SP delta 112, caller SP 0x00016f581fc0, pc 0x0001172591e0]
[54153:0xb89800000]      462 ms: Scavenge 68.5 (86.1) -> 60.3 (90.6) MB, pooled: 0.0 MB, 1.15 / 0.00 ms (average mu = 0.980, current mu = 0.982) allocation failure; 
[bailout (kind: deopt-eager, reason: Insufficient type feedback for call): begin. deoptimizing 0x1dc362a00cd9 <JSFunction __importStar (sfi = 0x1dc00c6190b1)>, 0x0b45e2a4a2f9 <Code MAGLEV>, opt id 168, bytecode offset 90, deopt exit 11, FP to SP delta 112, caller SP 0x00016f581b60, pc 0x00011725a4a0]
[bailout (kind: deopt-eager, reason: Insufficient type feedback for call): begin. deoptimizing 0x3c68ef8298a1 <JSFunction __importStar (sfi = 0x16425103b211)>, 0x0b45e2a4ae59 <Code MAGLEV>, opt id 171, bytecode offset 90, deopt exit 11, FP to SP delta 112, caller SP 0x00016f581f90, pc 0x00011725b760]
[bailout (kind: deopt-eager, reason: Insufficient type feedback for call): begin. deoptimizing 0x3fa46dc75dd1 <JSFunction __importStar (sfi = 0xb67d9118371)>, 0x0b45e2a4bf09 <Code MAGLEV>, opt id 175, bytecode offset 90, deopt exit 11, FP to SP delta 112, caller SP 0x00016f581b90, pc 0x00011725d5a0]
[bailout (kind: deopt-eager, reason: Insufficient type feedback for call): begin. deoptimizing 0x2495e3af5f19 <JSFunction __importStar (sfi = 0xb67d9129509)>, 0x0b45e2a4ca69 <Code MAGLEV>, opt id 178, bytecode offset 90, deopt exit 11, FP to SP delta 112, caller SP 0x00016f581f50, pc 0x00011725e860]
[bailout (kind: deopt-eager, reason: Insufficient type feedback for call): begin. deoptimizing 0x366194577949 <JSFunction __importStar (sfi = 0xb67d91399c1)>, 0x0b45e2a4d5c9 <Code MAGLEV>, opt id 181, bytecode offset 90, deopt exit 11, FP to SP delta 112, caller SP 0x00016f581b90, pc 0x00011725fb20]
[bailout (kind: deopt-eager, reason: Insufficient type feedback for call): begin. deoptimizing 0x3f22db6aef31 <JSFunction __importStar (sfi = 0x4a4cd1343a9)>, 0x0b45e2a4e129 <Code MAGLEV>, opt id 184, bytecode offset 90, deopt exit 11, FP to SP delta 112, caller SP 0x00016f582420, pc 0x000117260de0]
[bailout (kind: deopt-eager, reason: Insufficient type feedback for call): begin. deoptimizing 0x045e00a785d1 <JSFunction __importStar (sfi = 0x1eae2f92e521)>, 0x0b45e2a4ec89 <Code MAGLEV>, opt id 187, bytecode offset 90, deopt exit 11, FP to SP delta 112, caller SP 0x00016f5823f0, pc 0x0001172620a0]
[bailout (kind: deopt-eager, reason: Insufficient type feedback for call): begin. deoptimizing 0x22438a0b65b1 <JSFunction __importStar (sfi = 0x1eae2f93eb11)>, 0x0b45e2a4f7e9 <Code MAGLEV>, opt id 190, bytecode offset 90, deopt exit 11, FP to SP delta 112, caller SP 0x00016f582890, pc 0x000117263360]
[bailout (kind: deopt-eager, reason: Insufficient type feedback for call): begin. deoptimizing 0x3705cdbfcc49 <JSFunction __importStar (sfi = 0x1dc00c63a4d9)>, 0x0b8376309a29 <Code MAGLEV>, opt id 193, bytecode offset 90, deopt exit 11, FP to SP delta 112, caller SP 0x00016f5824a0, pc 0x00011713fe20]
[bailout (kind: deopt-eager, reason: Insufficient type feedback for call): begin. deoptimizing 0x3bf4ea19f521 <JSFunction __importStar (sfi = 0xcecedfdb049)>, 0x0b837630b181 <Code MAGLEV>, opt id 199, bytecode offset 90, deopt exit 11, FP to SP delta 112, caller SP 0x00016f5823e0, pc 0x0001172667e0]
[bailout (kind: deopt-eager, reason: Insufficient type feedback for call): begin. deoptimizing 0x28798c81e1d9 <JSFunction __importStar (sfi = 0xcecedfea8e1)>, 0x0b837630bce1 <Code MAGLEV>, opt id 202, bytecode offset 90, deopt exit 11, FP to SP delta 112, caller SP 0x00016f5823c0, pc 0x000117267aa0]
[54153:0xb89800000]      477 ms: Scavenge 73.8 (91.4) -> 65.8 (94.4) MB, pooled: 0.0 MB, 1.62 / 0.00 ms (average mu = 0.980, current mu = 0.982) allocation failure; 
[bailout (kind: deopt-eager, reason: Insufficient type feedback for call): begin. deoptimizing 0x367c257881b9 <JSFunction __importStar (sfi = 0xcecedffb481)>, 0x0b837630c841 <Code MAGLEV>, opt id 205, bytecode offset 90, deopt exit 11, FP to SP delta 112, caller SP 0x00016f582870, pc 0x000117268d60]
[bailout (kind: deopt-eager, reason: Insufficient type feedback for call): begin. deoptimizing 0x15e02ee30af1 <JSFunction __importStar (sfi = 0x5c05892dc91)>, 0x1d201c261701 <Code MAGLEV>, opt id 211, bytecode offset 90, deopt exit 11, FP to SP delta 112, caller SP 0x00016f582860, pc 0x0001170eff60]
[bailout (kind: deopt-eager, reason: Insufficient type feedback for call): begin. deoptimizing 0x0b4616ab9469 <JSFunction __importStar (sfi = 0x5c05893eb91)>, 0x1d201c262261 <Code MAGLEV>, opt id 214, bytecode offset 90, deopt exit 11, FP to SP delta 112, caller SP 0x00016f5827f0, pc 0x0001170f1220]
[bailout (kind: deopt-eager, reason: Insufficient type feedback for call): begin. deoptimizing 0x34339c18c4e9 <JSFunction resolve (sfi = 0x38bdb1417c49)>, 0x2eec61dc03b9 <Code MAGLEV>, opt id 36, bytecode offset 216, deopt exit 15, FP to SP delta 128, caller SP 0x00016f585408, pc 0x00011708c1f8]
[marking dependent code 0x0b8376304a79 <Code MAGLEV> (0x182b512643d1 <SharedFunctionInfo safeStringify>) (opt id 124) for deoptimization, reason: dependent prototype chain changed]
[marking dependent code 0x10faabfc1799 <Code MAGLEV> (0x38bdb14201b1 <SharedFunctionInfo #updateContext>) (opt id 17) for deoptimization, reason: dependent prototype chain changed]
[bailout (kind: deopt-eager, reason: Insufficient type feedback for generic named access): begin. deoptimizing 0x31e69889b191 <JSFunction encodeInteger (sfi = 0xf954c6e6fa9)>, 0x3c0988980bd1 <Code MAGLEV>, opt id 227, bytecode offset 32, deopt exit 19, FP to SP delta 48, caller SP 0x00016f5853d0, pc 0x0001172a8c88]
[bailout (kind: deopt-eager, reason: Insufficient type feedback for call): begin. deoptimizing 0x31e69889b301 <JSFunction decode (sfi = 0xf954c6e7039)>, 0x133e0384d969 <Code MAGLEV>, opt id 253, bytecode offset 139, deopt exit 39, FP to SP delta 192, caller SP 0x00016f5851e0, pc 0x000117321608]
[bailout (kind: deopt-eager, reason: Insufficient type feedback for generic keyed access): begin. deoptimizing 0x31e69889b3c1 <JSFunction encode$1 (sfi = 0xf954c6e7111)>, 0x133e03849f99 <Code MAGLEV>, opt id 246, bytecode offset 227, deopt exit 54, FP to SP delta 176, caller SP 0x00016f585340, pc 0x00011731d7cc]
[bailout (kind: deopt-eager, reason: wrong map): begin. deoptimizing 0x31e69889b3c1 <JSFunction encode$1 (sfi = 0xf954c6e7111)>, 0x3c098898e5e9 <Code MAGLEV>, opt id 279, bytecode offset 55, deopt exit 13, FP to SP delta 192, caller SP 0x00016f585490, pc 0x000117347be0]
[bailout (kind: deopt-eager, reason: Insufficient type feedback for call): begin. deoptimizing 0x31e69889bbe9 <JSFunction decodedMappings (sfi = 0xf954c6e7939)>, 0x3c0988989301 <Code MAGLEV>, opt id 265, bytecode offset 8, deopt exit 2, FP to SP delta 32, caller SP 0x00016f5853b0, pc 0x000117343ac4]
[bailout (kind: deopt-eager, reason: Insufficient type feedback for call): begin. deoptimizing 0x31e69889bc29 <JSFunction traceSegment (sfi = 0xf954c6e7981)>, 0x133e03850819 <Code MAGLEV>, opt id 267, bytecode offset 8, deopt exit 17, FP to SP delta 64, caller SP 0x00016f5852e0, pc 0x000117326240]
[bailout (kind: deopt-eager, reason: wrong map): begin. deoptimizing 0x31e69889c449 <JSFunction traceMappings (sfi = 0xf954c6e8161)>, 0x3a38860e8541 <Code TURBOFAN_JS>, opt id 274, bytecode offset 0, deopt exit 36, FP to SP delta 464, caller SP 0x00016f5854d0, pc 0x000117350574]
[bailout (kind: deopt-eager, reason: not a Smi): begin. deoptimizing 0x31e69889bea9 <JSFunction put (sfi = 0xf954c6e7c09)>, 0x133e03852ca1 <Code MAGLEV>, opt id 275, bytecode offset 22, deopt exit 7, FP to SP delta 32, caller SP 0x00016f5851b8, pc 0x000117327c58]
[marking dependent code 0x3a38860dbdd1 <Code TURBOFAN_JS> (0x0f954c6e6f61 <SharedFunctionInfo decodeInteger>) (opt id 254) for deoptimization, reason: dependent property cell changed]
[marking dependent code 0x133e0384c121 <Code MAGLEV> (0x0f954c6e6f61 <SharedFunctionInfo decodeInteger>) (opt id 252) for deoptimization, reason: dependent property cell changed]
[marking dependent code 0x133e0384ab99 <Code MAGLEV> (0x0f954c6e6fa9 <SharedFunctionInfo encodeInteger>) (opt id 248) for deoptimization, reason: dependent property cell changed]
[marking dependent code 0x133e038414d1 <Code MAGLEV> (0x17f47def8041 <SharedFunctionInfo convertNodeList>) (opt id 236) for deoptimization, reason: dependent property cell changed]
[marking dependent code 0x133e038406c9 <Code MAGLEV> (0x17f47def8b81 <SharedFunctionInfo identifier>) (opt id 235) for deoptimization, reason: dependent property cell changed]
[marking dependent code 0x3c0988985351 <Code MAGLEV> (0x077f975c3d91 <SharedFunctionInfo convertString>) (opt id 233) for deoptimization, reason: dependent property cell changed]
[marking dependent code 0x3c0988984a99 <Code MAGLEV> (0x17f47def7cc1 <SharedFunctionInfo convertNode>) (opt id 232) for deoptimization, reason: dependent property cell changed]
[marking dependent code 0x3a38860d0ad1 <Code TURBOFAN_JS> (0x0f954c6ecc61 <SharedFunctionInfo B>) (opt id 230) for deoptimization, reason: dependent property cell changed]
[marking dependent code 0x3c09889831e1 <Code MAGLEV> (0x0f954c6ecc61 <SharedFunctionInfo B>) (opt id 231) for deoptimization, reason: dependent property cell changed]
[marking dependent code 0x3c0988982851 <Code MAGLEV> (0x0f954c6ecc61 <SharedFunctionInfo B>) (opt id 229) for deoptimization, reason: dependent property cell changed]
[marking dependent code 0x3c0988980331 <Code MAGLEV> (0x0f954c6f5d29 <SharedFunctionInfo write>) (opt id 226) for deoptimization, reason: dependent property cell changed]
[marking dependent code 0x1d201c267e19 <Code MAGLEV> (0x18824813fb01 <SharedFunctionInfo isErrorStackTraceLimitWritable>) (opt id 225) for deoptimization, reason: dependent property cell changed]
[marking dependent code 0x1d201c2678f9 <Code MAGLEV> (0x01223ddedad9 <SharedFunctionInfo isBuildingSnapshot>) (opt id 224) for deoptimization, reason: dependent property cell changed]
[marking dependent code 0x3cd2bc203119 <Code MAGLEV> (0x00f9601bd4e1 <SharedFunctionInfo wrapModuleLoad>) (opt id 84) for deoptimization, reason: dependent property cell changed]
[marking dependent code 0x0e166e6802c1 <Code MAGLEV> (0x32d63164a7c9 <SharedFunctionInfo ensureTimerFlagsAreUpdated>) (opt id 47) for deoptimization, reason: dependent property cell changed]
[marking dependent code 0x2eec61dc2aa1 <Code MAGLEV> (0x32d6316421d1 <SharedFunctionInfo realpathSync>) (opt id 40) for deoptimization, reason: dependent property cell changed]
[marking dependent code 0x3c09889813e9 <Code MAGLEV> (0x38bdb14201b1 <SharedFunctionInfo #updateContext>) (opt id 228) for deoptimization, reason: dependent property cell changed]
[marking dependent code 0x10faabfc2cc1 <Code MAGLEV> (0x32d631640639 <SharedFunctionInfo isFileType>) (opt id 24) for deoptimization, reason: dependent property cell changed]
[bailout (kind: deopt-eager, reason: wrong call target): begin. deoptimizing 0x289a55170ed9 <JSFunction enter (sfi = 0x77f975c7669)>, 0x133e03845051 <Code MAGLEV>, opt id 243, bytecode offset 19, deopt exit 2, FP to SP delta 64, caller SP 0x00016f585308, pc 0x000117315b3c]
[bailout (kind: deopt-eager, reason: wrong map): begin. deoptimizing 0x0738891bb6c9 <JSFunction addUneditedChunk (sfi = 0xf954c6f7499)>, 0x133e03847029 <Code MAGLEV>, opt id 244, bytecode offset 13, deopt exit 55, FP to SP delta 96, caller SP 0x00016f585400, pc 0x00011731a738]
[bailout (kind: deopt-eager, reason: wrong map): begin. deoptimizing 0x31e69889c0e1 <JSFunction addSegmentInternal (sfi = 0xf954c6e7e01)>, 0x3c098898ca91 <Code MAGLEV>, opt id 278, bytecode offset 0, deopt exit 3, FP to SP delta 112, caller SP 0x00016f585330, pc 0x000117346908]
[bailout (kind: deopt-eager, reason: wrong map): begin. deoptimizing 0x31e69889bea9 <JSFunction put (sfi = 0xf954c6e7c09)>, 0x133e0385b931 <Code MAGLEV>, opt id 307, bytecode offset 22, deopt exit 5, FP to SP delta 48, caller SP 0x00016f585298, pc 0x0001173c9698]
[bailout (kind: deopt-eager, reason: Insufficient type feedback for generic named access): begin. deoptimizing 0x2e1a646ce3a1 <JSFunction enter (sfi = 0x77f975c7669)>, 0x133e03856bf9 <Code MAGLEV>, opt id 290, bytecode offset 114, deopt exit 56, FP to SP delta 64, caller SP 0x00016f584fc8, pc 0x0001173c415c]
[bailout (kind: deopt-eager, reason: wrong map): begin. deoptimizing 0x2e1a646ce061 <JSFunction onStatements (sfi = 0x77f975c1d01)>, 0x133e0385d711 <Code MAGLEV>, opt id 318, bytecode offset 2, deopt exit 0, FP to SP delta 80, caller SP 0x00016f5847c0, pc 0x0001173cc54c]
[bailout (kind: deopt-eager, reason: wrong map): begin. deoptimizing 0x31e69889c0e1 <JSFunction addSegmentInternal (sfi = 0xf954c6e7e01)>, 0x3c09889a10f1 <Code MAGLEV>, opt id 308, bytecode offset 22, deopt exit 28, FP to SP delta 128, caller SP 0x00016f585400, pc 0x0001173940a4]
[54153:0xb89800000]      546 ms: Scavenge 91.7 (109.6) -> 72.8 (114.8) MB, pooled: 0.0 MB, 1.26 / 0.01 ms (average mu = 0.980, current mu = 0.982) allocation failure; 
[marking dependent code 0x133e03853c59 <Code MAGLEV> (0x17f47def8b81 <SharedFunctionInfo identifier>) (opt id 285) for deoptimization, reason: dependent allocation site tenuring changed]
[marking dependent code 0x133e038543c9 <Code MAGLEV> (0x0f954c6fa8f1 <SharedFunctionInfo isStaticPropertyKey>) (opt id 287) for deoptimization, reason: dependent field type changed]
[54153:0xb89800000]      589 ms: Scavenge 96.0 (125.1) -> 75.4 (128.3) MB, pooled: 0.0 MB, 0.64 / 0.00 ms (average mu = 0.980, current mu = 0.982) allocation failure; 
[bailout (kind: deopt-eager, reason: wrong call target): begin. deoptimizing 0x03dd556ab4a9 <JSFunction enter (sfi = 0x77f975c7669)>, 0x133e03861179 <Code MAGLEV>, opt id 321, bytecode offset 114, deopt exit 12, FP to SP delta 64, caller SP 0x00016f585088, pc 0x0001173cfde4]
[54153:0xb89800000]      634 ms: Scavenge 106.5 (134.4) -> 77.6 (136.4) MB, pooled: 0.0 MB, 0.49 / 0.00 ms (average mu = 0.980, current mu = 0.982) allocation failure; 
[54153:0xb89800000]      665 ms: Scavenge 108.0 (142.4) -> 77.5 (143.4) MB, pooled: 0.0 MB, 0.30 / 0.00 ms (average mu = 0.980, current mu = 0.982) allocation failure; 
[54153:0xb89800000]      701 ms: Scavenge 109.4 (143.4) -> 77.5 (143.4) MB, pooled: 0.0 MB, 0.16 / 0.00 ms (average mu = 0.980, current mu = 0.982) allocation failure; 
[54153:0xb89800000]      736 ms: Scavenge 109.5 (143.4) -> 77.5 (143.4) MB, pooled: 0.0 MB, 0.14 / 0.00 ms (average mu = 0.980, current mu = 0.982) allocation failure; 
[54153:0xb89800000]      769 ms: Scavenge 109.5 (143.4) -> 77.6 (143.4) MB, pooled: 0.0 MB, 0.12 / 0.00 ms (average mu = 0.980, current mu = 0.982) allocation failure; 
[54153:0xb89800000]      805 ms: Scavenge 109.5 (143.4) -> 77.6 (143.4) MB, pooled: 0.0 MB, 0.13 / 0.00 ms (average mu = 0.980, current mu = 0.982) allocation failure; 
[54153:0xb89800000]      839 ms: Scavenge 109.5 (143.4) -> 77.5 (143.4) MB, pooled: 0.0 MB, 0.17 / 0.00 ms (average mu = 0.980, current mu = 0.982) allocation failure; 
[54153:0xb89800000]      872 ms: Scavenge 109.5 (143.4) -> 77.5 (143.4) MB, pooled: 0.0 MB, 0.11 / 0.00 ms (average mu = 0.980, current mu = 0.982) allocation failure; 
[54153:0xb89800000]      911 ms: Scavenge 109.5 (143.4) -> 77.6 (143.4) MB, pooled: 0.0 MB, 0.13 / 0.00 ms (average mu = 0.980, current mu = 0.982) allocation failure; 
[54153:0xb89800000]      944 ms: Scavenge 109.5 (143.4) -> 77.6 (143.4) MB, pooled: 0.0 MB, 0.15 / 0.00 ms (average mu = 0.980, current mu = 0.982) allocation failure; 
[54153:0xb89800000]      982 ms: Scavenge 109.5 (143.4) -> 77.6 (143.4) MB, pooled: 0.0 MB, 0.13 / 0.00 ms (average mu = 0.980, current mu = 0.982) allocation failure; 
[bailout (kind: deopt-eager, reason: wrong call target): begin. deoptimizing 0x084ac1ccfcd1 <JSFunction parseStateInner (sfi = 0x31be73f84e1)>, 0x046f1d084bd9 <Code MAGLEV>, opt id 473, bytecode offset 20, deopt exit 3, FP to SP delta 32, caller SP 0x00016f585550, pc 0x000117481b78]
[bailout (kind: deopt-eager, reason: wrong call target): begin. deoptimizing 0x3b097dc47721 <JSFunction many (sfi = 0x3341eab79809)>, 0x1817d09e57e1 <Code TURBOFAN_JS>, opt id 458, bytecode offset 49, deopt exit 7, FP to SP delta 112, caller SP 0x00016f5853b0, pc 0x000117452950]
[bailout (kind: deopt-eager, reason: wrong call target): begin. deoptimizing 0x3b097dc489c9 <JSFunction (sfi = 0x3341eab7bbb1)>, 0x046f1d0856a9 <Code MAGLEV>, opt id 477, bytecode offset 0, deopt exit 2, FP to SP delta 96, caller SP 0x00016f585310, pc 0x0001174827bc]
[bailout (kind: deopt-eager, reason: wrong call target): begin. deoptimizing 0x3b097dc5cbc9 <JSFunction then (sfi = 0x3341eab7f5c1)>, 0x1817d09e93b9 <Code TURBOFAN_JS>, opt id 493, bytecode offset 0, deopt exit 4, FP to SP delta 80, caller SP 0x00016f585170, pc 0x0001174559cc]
[bailout (kind: deopt-eager, reason: Insufficient type feedback for generic named access): begin. deoptimizing 0x3b097dc5cd21 <JSFunction anyParser (sfi = 0x3341eab79551)>, 0x1817d09ee7d9 <Code TURBOFAN_JS>, opt id 507, bytecode offset 76, deopt exit 16, FP to SP delta 64, caller SP 0x00016f585000, pc 0x00011745d514]
[bailout (kind: deopt-eager, reason: wrong call target): begin. deoptimizing 0x1fd020dfe2e1 <JSFunction parseState (sfi = 0x384b6ee73659)>, 0x23f8d59cca61 <Code MAGLEV>, opt id 484, bytecode offset 55, deopt exit 2, FP to SP delta 48, caller SP 0x00016f585560, pc 0x000117412974]
[bailout (kind: deopt-eager, reason: wrong call target): begin. deoptimizing 0x2f68abca0481 <JSFunction (sfi = 0x3341eab7d071)>, 0x046f1d0865c1 <Code MAGLEV>, opt id 488, bytecode offset 0, deopt exit 1, FP to SP delta 48, caller SP 0x00016f5852f0, pc 0x000117483928]
[bailout (kind: deopt-eager, reason: Insufficient type feedback for generic named access): begin. deoptimizing 0x2f68abc9fcd9 <JSFunction (sfi = 0x3341eab7d101)>, 0x1817d09e62a9 <Code TURBOFAN_JS>, opt id 468, bytecode offset 37, deopt exit 3, FP to SP delta 48, caller SP 0x00016f584f40, pc 0x000117453010]
[bailout (kind: deopt-eager, reason: Insufficient type feedback for generic named access): begin. deoptimizing 0x1aab585088a1 <JSFunction (sfi = 0x3341eab7d221)>, 0x1817d09e73a1 <Code TURBOFAN_JS>, opt id 482, bytecode offset 80, deopt exit 5, FP to SP delta 80, caller SP 0x00016f584dc0, pc 0x000117453f98]
[bailout (kind: deopt-eager, reason: Insufficient type feedback for generic named access): begin. deoptimizing 0x2f68abc80899 <JSFunction rollback (sfi = 0x384b6ee73461)>, 0x1817d09de659 <Code TURBOFAN_JS>, opt id 434, bytecode offset 7, deopt exit 3, FP to SP delta 32, caller SP 0x00016f584d18, pc 0x0001173bcbd8]
[bailout (kind: deopt-eager, reason: Insufficient type feedback for call): begin. deoptimizing 0x2f68abca0289 <JSFunction (sfi = 0x3341eab7d341)>, 0x1817d09e0099 <Code TURBOFAN_JS>, opt id 448, bytecode offset 193, deopt exit 10, FP to SP delta 112, caller SP 0x00016f584fd0, pc 0x0001173be3e4]
[bailout (kind: deopt-lazy, reason: (unknown)): begin. deoptimizing 0x2f68abca0331 <JSFunction (sfi = 0x3341eab7d221)>, 0x1817d09e73a1 <Code TURBOFAN_JS>, opt id 482, bytecode offset 70, deopt exit 7, FP to SP delta 80, caller SP 0x00016f5850f0, pc 0x000117453fa0]
[bailout (kind: deopt-eager, reason: Insufficient type feedback for call): begin. deoptimizing 0x2f68abca02f9 <JSFunction (sfi = 0x3341eab7d191)>, 0x1817d09e84d1 <Code TURBOFAN_JS>, opt id 492, bytecode offset 178, deopt exit 25, FP to SP delta 144, caller SP 0x00016f585050, pc 0x000117454d10]
[marking dependent code 0x23f8d59d0101 <Code MAGLEV> (0x2c04bdab3611 <SharedFunctionInfo>) (opt id 517) for deoptimization, reason: dependent field type changed]
[marking dependent code 0x23f8d59cd1b1 <Code MAGLEV> (0x077f975f7d89 <SharedFunctionInfo candidate>) (opt id 489) for deoptimization, reason: dependent field type changed]
[marking dependent code 0x23f8d59ccc81 <Code MAGLEV> (0x384b6ee735c9 <SharedFunctionInfo RunState>) (opt id 486) for deoptimization, reason: dependent field type changed]
[marking dependent code 0x046f1d086299 <Code MAGLEV> (0x384b6ee733d1 <SharedFunctionInfo RunState>) (opt id 485) for deoptimization, reason: dependent field type changed]
[marking dependent code 0x23f8d59cc3e9 <Code MAGLEV> (0x077f975f7d09 <SharedFunctionInfo control>) (opt id 476) for deoptimization, reason: dependent field type changed]
[marking dependent code 0x1817d09e6c51 <Code TURBOFAN_JS> (0x3341eab7d029 <SharedFunctionInfo>) (opt id 471) for deoptimization, reason: dependent field type changed]
[marking dependent code 0x23f8d59cb651 <Code MAGLEV> (0x077f975f7b11 <SharedFunctionInfo view>) (opt id 466) for deoptimization, reason: dependent field type changed]
[marking dependent code 0x1817d09df049 <Code TURBOFAN_JS> (0x3341eab7d2b1 <SharedFunctionInfo>) (opt id 440) for deoptimization, reason: dependent field type changed]
[marking dependent code 0x23f8d59c4b89 <Code MAGLEV> (0x3341eab7d191 <SharedFunctionInfo>) (opt id 428) for deoptimization, reason: dependent field type changed]
[marking dependent code 0x23f8d59c3bd9 <Code MAGLEV> (0x3341eab7d221 <SharedFunctionInfo>) (opt id 424) for deoptimization, reason: dependent field type changed]
[marking dependent code 0x23f8d59c37f1 <Code MAGLEV> (0x3341eab7d029 <SharedFunctionInfo>) (opt id 423) for deoptimization, reason: dependent field type changed]
[marking dependent code 0x046f1d081ec9 <Code MAGLEV> (0x3341eab7d341 <SharedFunctionInfo>) (opt id 402) for deoptimization, reason: dependent field type changed]
[marking dependent code 0x046f1d080e79 <Code MAGLEV> (0x3341eab7d2b1 <SharedFunctionInfo>) (opt id 398) for deoptimization, reason: dependent field type changed]
[marking dependent code 0x046f1d0806a1 <Code MAGLEV> (0x384b6ee73461 <SharedFunctionInfo rollback>) (opt id 395) for deoptimization, reason: dependent field type changed]
[bailout (kind: deopt-lazy, reason: (unknown)): begin. deoptimizing 0x2f68abca04f1 <JSFunction (sfi = 0x3341eab7d191)>, 0x1817d09e84d1 <Code TURBOFAN_JS>, opt id 492, bytecode offset 25, deopt exit 28, FP to SP delta 144, caller SP 0x00016f5853a0, pc 0x000117454d1c]
[bailout (kind: deopt-lazy, reason: (unknown)): begin. deoptimizing 0x2f68abc9c2d9 <JSFunction (sfi = 0x3341eab7d2b1)>, 0x1817d09df049 <Code TURBOFAN_JS>, opt id 440, bytecode offset 70, deopt exit 10, FP to SP delta 80, caller SP 0x00016f585410, pc 0x0001173bd76c]
[bailout (kind: deopt-lazy, reason: (unknown)): begin. deoptimizing 0x2f68abc8bf01 <JSFunction (sfi = 0x3341eab7d2b1)>, 0x1817d09df049 <Code TURBOFAN_JS>, opt id 440, bytecode offset 25, deopt exit 9, FP to SP delta 80, caller SP 0x00016f585480, pc 0x0001173bd768]
[54153:0xb89800000]     1018 ms: Scavenge 109.7 (143.6) -> 77.8 (143.6) MB, pooled: 0.0 MB, 0.13 / 0.00 ms (average mu = 0.980, current mu = 0.982) allocation failure; 
[54153:0xb89800000]     1044 ms: Scavenge 109.8 (143.6) -> 78.0 (143.9) MB, pooled: 0.0 MB, 0.19 / 0.00 ms (average mu = 0.980, current mu = 0.982) allocation failure; 
[54153:0xb89800000]     1067 ms: Scavenge 109.8 (143.9) -> 77.9 (143.9) MB, pooled: 0.0 MB, 0.15 / 0.00 ms (average mu = 0.980, current mu = 0.982) allocation failure; 
[54153:0xb89800000]     1091 ms: Scavenge 109.9 (143.9) -> 77.9 (143.9) MB, pooled: 0.0 MB, 0.12 / 0.00 ms (average mu = 0.980, current mu = 0.982) allocation failure; 
[54153:0xb89800000]     1119 ms: Scavenge 109.9 (143.9) -> 77.9 (143.9) MB, pooled: 0.0 MB, 0.13 / 0.00 ms (average mu = 0.980, current mu = 0.982) allocation failure; 
[bailout (kind: deopt-eager, reason: wrong call target): begin. deoptimizing 0x2f68abc8bf71 <JSFunction parse (sfi = 0x3341eab7c0c9)>, 0x23f8d59ced41 <Code MAGLEV>, opt id 512, bytecode offset 5, deopt exit 0, FP to SP delta 48, caller SP 0x00016f585530, pc 0x00011746388c]
[bailout (kind: deopt-eager, reason: wrong call target): begin. deoptimizing 0x2e27158808e1 <JSFunction candidate (sfi = 0x77f975f7e91)>, 0x23f8d59d73f1 <Code MAGLEV>, opt id 598, bytecode offset 5, deopt exit 3, FP to SP delta 80, caller SP 0x00016f5854e8, pc 0x00011746cc08]
[54153:0xb89800000]     1145 ms: Scavenge 109.9 (143.9) -> 77.9 (143.9) MB, pooled: 0.0 MB, 0.17 / 0.00 ms (average mu = 0.980, current mu = 0.982) allocation failure; 
[54153:0xb89800000]     1172 ms: Scavenge 109.9 (143.9) -> 78.0 (143.9) MB, pooled: 0.0 MB, 0.17 / 0.00 ms (average mu = 0.980, current mu = 0.982) allocation failure; 
[54153:0xb89800000]     1198 ms: Scavenge 109.9 (143.9) -> 78.0 (143.9) MB, pooled: 0.0 MB, 0.16 / 0.00 ms (average mu = 0.980, current mu = 0.982) allocation failure; 
[54153:0xb89800000]     1227 ms: Scavenge 109.9 (143.9) -> 78.0 (143.9) MB, pooled: 0.0 MB, 0.13 / 0.00 ms (average mu = 0.980, current mu = 0.982) allocation failure; 
[marking dependent code 0x23f8d59d9279 <Code TURBOFAN_JS> (0x1fd020de4559 <SharedFunctionInfo collectDiagnostic>) (opt id 604) for deoptimization, reason: dependent field type constness changed]
[marking dependent code 0x23f8d59d8841 <Code TURBOFAN_JS> (0x384b6ee732b1 <SharedFunctionInfo collectRunDiagnostic>) (opt id 603) for deoptimization, reason: dependent field type constness changed]
[marking dependent code 0x23f8d59d5221 <Code MAGLEV> (0x384b6ee732b1 <SharedFunctionInfo collectRunDiagnostic>) (opt id 570) for deoptimization, reason: dependent field type constness changed]
[marking dependent code 0x046f1d08f411 <Code MAGLEV> (0x1fd020de4559 <SharedFunctionInfo collectDiagnostic>) (opt id 567) for deoptimization, reason: dependent field type constness changed]
[54153:0xb89800000]     1254 ms: Scavenge 109.9 (143.9) -> 78.0 (143.9) MB, pooled: 0.0 MB, 0.14 / 0.00 ms (average mu = 0.980, current mu = 0.982) allocation failure; 
[54153:0xb89800000]     1281 ms: Scavenge 109.9 (143.9) -> 78.0 (143.9) MB, pooled: 0.0 MB, 0.21 / 0.00 ms (average mu = 0.980, current mu = 0.982) allocation failure; 
[54153:0xb89800000]     1308 ms: Scavenge 110.0 (143.9) -> 78.0 (143.9) MB, pooled: 0.0 MB, 0.13 / 0.00 ms (average mu = 0.980, current mu = 0.982) allocation failure; 
[54153:0xb89800000]     1336 ms: Scavenge 110.0 (143.9) -> 78.0 (143.9) MB, pooled: 0.0 MB, 0.14 / 0.00 ms (average mu = 0.980, current mu = 0.982) allocation failure; 
[bailout (kind: deopt-eager, reason: wrong map): begin. deoptimizing 0x084ac1cfe859 <JSFunction (sfi = 0x2ac02ad56b9)>, 0x1817d09eb001 <Code TURBOFAN_JS>, opt id 498, bytecode offset 170, deopt exit 3, FP to SP delta 96, caller SP 0x00016f5846f0, pc 0x000117457568]
[54153:0xb89800000]     1366 ms: Scavenge 110.0 (143.9) -> 78.1 (143.9) MB, pooled: 0.0 MB, 0.20 / 0.00 ms (average mu = 0.980, current mu = 0.982) allocation failure; 
[54153:0xb89800000]     1399 ms: Scavenge 110.0 (143.9) -> 78.1 (143.9) MB, pooled: 0.0 MB, 0.15 / 0.00 ms (average mu = 0.980, current mu = 0.982) allocation failure; 
[54153:0xb89800000]     1440 ms: Scavenge 110.0 (143.9) -> 78.1 (143.9) MB, pooled: 0.0 MB, 0.16 / 0.00 ms (average mu = 0.980, current mu = 0.982) allocation failure; 
[54153:0xb89800000]     1474 ms: Scavenge 110.0 (143.9) -> 78.1 (143.9) MB, pooled: 0.0 MB, 0.13 / 0.00 ms (average mu = 0.980, current mu = 0.982) allocation failure; 
[54153:0xb89800000]     1513 ms: Scavenge 110.0 (143.9) -> 78.1 (143.9) MB, pooled: 0.0 MB, 0.14 / 0.00 ms (average mu = 0.980, current mu = 0.982) allocation failure; 
[54153:0xb89800000]     1552 ms: Scavenge 110.0 (143.9) -> 78.1 (143.9) MB, pooled: 0.0 MB, 0.15 / 0.00 ms (average mu = 0.980, current mu = 0.982) allocation failure; 
[54153:0xb89800000]     1595 ms: Scavenge 110.0 (143.9) -> 78.1 (143.9) MB, pooled: 0.0 MB, 0.12 / 0.00 ms (average mu = 0.980, current mu = 0.982) allocation failure; 
[54153:0xb89800000]     1629 ms: Scavenge 110.0 (143.9) -> 78.1 (143.9) MB, pooled: 0.0 MB, 0.12 / 0.00 ms (average mu = 0.980, current mu = 0.982) allocation failure; 
[bailout (kind: deopt-eager, reason: wrong map): begin. deoptimizing 0x386b31f22ef1 <JSFunction (sfi = 0x2c04bdab3611)>, 0x046f1d090a71 <Code MAGLEV>, opt id 616, bytecode offset 55, deopt exit 2, FP to SP delta 32, caller SP 0x00016f585540, pc 0x00011742583c]
[54153:0xb89800000]     1668 ms: Scavenge 110.0 (143.9) -> 78.1 (143.9) MB, pooled: 0.0 MB, 0.15 / 0.00 ms (average mu = 0.980, current mu = 0.982) allocation failure; 
[54153:0xb89800000]     1705 ms: Scavenge 110.0 (143.9) -> 78.1 (143.9) MB, pooled: 0.0 MB, 0.15 / 0.00 ms (average mu = 0.980, current mu = 0.982) allocation failure; 
[54153:0xb89800000]     1745 ms: Scavenge 110.1 (143.9) -> 78.1 (143.9) MB, pooled: 0.0 MB, 0.17 / 0.00 ms (average mu = 0.980, current mu = 0.982) allocation failure; 
[54153:0xb89800000]     1779 ms: Scavenge 110.1 (143.9) -> 78.1 (143.9) MB, pooled: 0.0 MB, 0.12 / 0.00 ms (average mu = 0.980, current mu = 0.982) allocation failure; 
[54153:0xb89800000]     1814 ms: Scavenge 110.1 (143.9) -> 78.5 (143.9) MB, pooled: 0.0 MB, 0.19 / 0.00 ms (average mu = 0.980, current mu = 0.982) allocation failure; 
[54153:0xb89800000]     1838 ms: Scavenge 110.1 (143.9) -> 78.6 (144.1) MB, pooled: 0.0 MB, 0.21 / 0.00 ms (average mu = 0.980, current mu = 0.982) allocation failure; 
[54153:0xb89800000]     1861 ms: Scavenge 110.3 (144.1) -> 78.5 (144.1) MB, pooled: 0.0 MB, 0.16 / 0.00 ms (average mu = 0.980, current mu = 0.982) allocation failure; 
[54153:0xb89800000]     1883 ms: Scavenge 110.3 (144.1) -> 78.6 (144.1) MB, pooled: 0.0 MB, 0.17 / 0.00 ms (average mu = 0.980, current mu = 0.982) allocation failure; 
[54153:0xb89800000]     1906 ms: Scavenge 110.3 (144.1) -> 78.5 (144.1) MB, pooled: 0.0 MB, 0.14 / 0.00 ms (average mu = 0.980, current mu = 0.982) allocation failure; 
[54153:0xb89800000]     1929 ms: Scavenge 110.3 (144.1) -> 78.5 (144.1) MB, pooled: 0.0 MB, 0.14 / 0.00 ms (average mu = 0.980, current mu = 0.982) allocation failure; 
[54153:0xb89800000]     1952 ms: Scavenge 110.3 (144.1) -> 78.7 (144.1) MB, pooled: 0.0 MB, 0.20 / 0.00 ms (average mu = 0.980, current mu = 0.982) allocation failure; 
[54153:0xb89800000]     1975 ms: Scavenge 110.3 (144.1) -> 78.7 (144.1) MB, pooled: 0.0 MB, 0.20 / 0.00 ms (average mu = 0.980, current mu = 0.982) allocation failure; 
[54153:0xb89800000]     1998 ms: Scavenge 110.5 (144.1) -> 78.7 (144.1) MB, pooled: 0.0 MB, 0.16 / 0.00 ms (average mu = 0.980, current mu = 0.982) allocation failure; 
[54153:0xb89800000]     2021 ms: Scavenge 110.5 (144.1) -> 78.7 (144.1) MB, pooled: 0.0 MB, 0.15 / 0.00 ms (average mu = 0.980, current mu = 0.982) allocation failure; 
[54153:0xb89800000]     2048 ms: Scavenge 110.5 (144.1) -> 78.7 (144.1) MB, pooled: 0.0 MB, 0.14 / 0.00 ms (average mu = 0.980, current mu = 0.982) allocation failure; 
[54153:0xb89800000]     2070 ms: Scavenge 110.5 (144.1) -> 78.8 (144.1) MB, pooled: 0.0 MB, 0.17 / 0.00 ms (average mu = 0.980, current mu = 0.982) allocation failure; 
[54153:0xb89800000]     2093 ms: Scavenge 110.5 (144.1) -> 78.8 (144.1) MB, pooled: 0.0 MB, 0.28 / 0.00 ms (average mu = 0.980, current mu = 0.982) allocation failure; 
[54153:0xb89800000]     2115 ms: Scavenge 110.6 (144.1) -> 78.8 (144.1) MB, pooled: 0.0 MB, 0.19 / 0.00 ms (average mu = 0.980, current mu = 0.982) allocation failure; 
[54153:0xb89800000]     2138 ms: Scavenge 110.6 (144.1) -> 78.8 (144.1) MB, pooled: 0.0 MB, 0.16 / 0.00 ms (average mu = 0.980, current mu = 0.982) allocation failure; 
[54153:0xb89800000]     2160 ms: Scavenge 110.6 (144.1) -> 78.8 (144.1) MB, pooled: 0.0 MB, 0.15 / 0.00 ms (average mu = 0.980, current mu = 0.982) allocation failure; 
[54153:0xb89800000]     2182 ms: Scavenge 110.6 (144.1) -> 78.8 (144.1) MB, pooled: 0.0 MB, 0.16 / 0.00 ms (average mu = 0.980, current mu = 0.982) allocation failure; 
[54153:0xb89800000]     2214 ms: Scavenge 110.6 (144.1) -> 79.0 (144.1) MB, pooled: 0.0 MB, 0.33 / 0.00 ms (average mu = 0.980, current mu = 0.982) allocation failure; 
[54153:0xb89800000]     2257 ms: Scavenge 110.6 (144.1) -> 79.1 (144.9) MB, pooled: 0.0 MB, 0.26 / 0.00 ms (average mu = 0.980, current mu = 0.982) allocation failure; 
[54153:0xb89800000]     2292 ms: Scavenge 110.9 (144.9) -> 79.0 (144.9) MB, pooled: 0.0 MB, 0.16 / 0.00 ms (average mu = 0.980, current mu = 0.982) allocation failure; 
[54153:0xb89800000]     2331 ms: Scavenge 110.9 (144.9) -> 79.1 (144.9) MB, pooled: 0.0 MB, 0.19 / 0.00 ms (average mu = 0.980, current mu = 0.982) allocation failure; 
[54153:0xb89800000]     2365 ms: Scavenge 110.9 (144.9) -> 79.1 (144.9) MB, pooled: 0.0 MB, 0.20 / 0.00 ms (average mu = 0.980, current mu = 0.982) allocation failure; 
[54153:0xb89800000]     2404 ms: Scavenge 110.9 (144.9) -> 79.2 (144.9) MB, pooled: 0.0 MB, 0.19 / 0.00 ms (average mu = 0.980, current mu = 0.982) allocation failure; 
[54153:0xb89800000]     2438 ms: Scavenge 111.0 (144.9) -> 79.1 (144.9) MB, pooled: 0.0 MB, 0.15 / 0.00 ms (average mu = 0.980, current mu = 0.982) allocation failure; 
[54153:0xb89800000]     2477 ms: Scavenge 111.0 (144.9) -> 79.1 (144.9) MB, pooled: 0.0 MB, 0.15 / 0.00 ms (average mu = 0.980, current mu = 0.982) allocation failure; 
[54153:0xb89800000]     2511 ms: Scavenge 111.0 (144.9) -> 79.2 (144.9) MB, pooled: 0.0 MB, 0.32 / 0.00 ms (average mu = 0.980, current mu = 0.982) allocation failure; 
[54153:0xb89800000]     2553 ms: Scavenge 111.0 (144.9) -> 79.3 (144.9) MB, pooled: 0.0 MB, 0.33 / 0.00 ms (average mu = 0.980, current mu = 0.982) allocation failure; 
[54153:0xb89800000]     2590 ms: Scavenge 111.1 (144.9) -> 79.2 (144.9) MB, pooled: 0.0 MB, 0.17 / 0.00 ms (average mu = 0.980, current mu = 0.982) allocation failure; 
[54153:0xb89800000]     2632 ms: Scavenge 111.1 (144.9) -> 79.2 (144.9) MB, pooled: 0.0 MB, 0.27 / 0.00 ms (average mu = 0.980, current mu = 0.982) allocation failure; 
[54153:0xb89800000]     2657 ms: Scavenge 111.1 (144.9) -> 81.5 (144.9) MB, pooled: 0.0 MB, 0.50 / 0.00 ms (average mu = 0.980, current mu = 0.982) allocation failure; 
[54153:0xb89800000]     2676 ms: Scavenge 111.1 (144.9) -> 81.9 (147.4) MB, pooled: 0.0 MB, 0.57 / 0.00 ms (average mu = 0.980, current mu = 0.982) allocation failure; 
[54153:0xb89800000]     2696 ms: Scavenge 113.1 (147.4) -> 82.7 (147.4) MB, pooled: 0.0 MB, 0.50 / 0.00 ms (average mu = 0.980, current mu = 0.982) allocation failure; 
[54153:0xb89800000]     2714 ms: Scavenge 113.1 (147.4) -> 82.4 (147.4) MB, pooled: 0.0 MB, 0.36 / 0.00 ms (average mu = 0.980, current mu = 0.982) allocation failure; 
[54153:0xb89800000]     2733 ms: Scavenge 113.1 (147.4) -> 82.5 (147.4) MB, pooled: 0.0 MB, 0.63 / 0.00 ms (average mu = 0.980, current mu = 0.982) allocation failure; 
[54153:0xb89800000]     2749 ms: Scavenge 113.1 (147.4) -> 82.3 (147.4) MB, pooled: 0.0 MB, 0.36 / 0.00 ms (average mu = 0.980, current mu = 0.982) allocation failure; 
[54153:0xb89800000]     2767 ms: Scavenge 113.1 (147.4) -> 81.8 (147.4) MB, pooled: 0.0 MB, 0.26 / 0.00 ms (average mu = 0.980, current mu = 0.982) allocation failure; 
[54153:0xb89800000]     2783 ms: Scavenge 113.1 (147.4) -> 81.9 (147.4) MB, pooled: 0.0 MB, 0.20 / 0.00 ms (average mu = 0.980, current mu = 0.982) allocation failure; 
[54153:0xb89800000]     2799 ms: Scavenge 113.1 (147.4) -> 81.8 (147.4) MB, pooled: 0.0 MB, 0.21 / 0.00 ms (average mu = 0.980, current mu = 0.982) allocation failure; 
[54153:0xb89800000]     2815 ms: Scavenge 113.1 (147.4) -> 82.0 (147.4) MB, pooled: 0.0 MB, 0.19 / 0.00 ms (average mu = 0.980, current mu = 0.982) allocation failure; 
[54153:0xb89800000]     2831 ms: Scavenge 113.1 (147.4) -> 82.3 (147.4) MB, pooled: 0.0 MB, 0.25 / 0.00 ms (average mu = 0.980, current mu = 0.982) allocation failure; 
[54153:0xb89800000]     2847 ms: Scavenge 113.1 (147.4) -> 82.5 (147.4) MB, pooled: 0.0 MB, 0.34 / 0.00 ms (average mu = 0.980, current mu = 0.982) allocation failure; 
[54153:0xb89800000]     2862 ms: Scavenge 113.1 (147.4) -> 82.2 (147.4) MB, pooled: 0.0 MB, 0.31 / 0.00 ms (average mu = 0.980, current mu = 0.982) allocation failure; 
[54153:0xb89800000]     2878 ms: Scavenge 113.1 (147.4) -> 82.8 (147.4) MB, pooled: 0.0 MB, 0.34 / 0.00 ms (average mu = 0.980, current mu = 0.982) allocation failure; 
[54153:0xb89800000]     2893 ms: Scavenge 113.1 (147.4) -> 82.8 (148.1) MB, pooled: 0.0 MB, 0.30 / 0.00 ms (average mu = 0.980, current mu = 0.982) allocation failure; 
[54153:0xb89800000]     2908 ms: Scavenge 114.0 (148.1) -> 83.2 (148.1) MB, pooled: 0.0 MB, 0.37 / 0.00 ms (average mu = 0.980, current mu = 0.982) allocation failure; 
[54153:0xb89800000]     2923 ms: Scavenge 114.0 (148.1) -> 83.3 (148.1) MB, pooled: 0.0 MB, 0.26 / 0.00 ms (average mu = 0.980, current mu = 0.982) allocation failure; 
[54153:0xb89800000]     2938 ms: Scavenge 114.0 (148.1) -> 83.5 (148.1) MB, pooled: 0.0 MB, 0.39 / 0.00 ms (average mu = 0.980, current mu = 0.982) allocation failure; 
[54153:0xb89800000]     2955 ms: Scavenge 114.0 (148.1) -> 83.2 (148.1) MB, pooled: 0.0 MB, 0.45 / 0.00 ms (average mu = 0.980, current mu = 0.982) allocation failure; 
[54153:0xb89800000]     2970 ms: Scavenge 114.0 (148.1) -> 82.9 (148.1) MB, pooled: 0.0 MB, 0.32 / 0.00 ms (average mu = 0.980, current mu = 0.982) allocation failure; 
[54153:0xb89800000]     2986 ms: Scavenge 114.0 (148.1) -> 82.8 (148.1) MB, pooled: 0.0 MB, 0.28 / 0.00 ms (average mu = 0.980, current mu = 0.982) allocation failure; 
[54153:0xb89800000]     3003 ms: Scavenge 114.0 (148.1) -> 82.7 (148.1) MB, pooled: 0.0 MB, 0.27 / 0.00 ms (average mu = 0.980, current mu = 0.982) allocation failure; 
[54153:0xb89800000]     3019 ms: Scavenge 114.0 (148.1) -> 82.9 (148.1) MB, pooled: 0.0 MB, 0.28 / 0.00 ms (average mu = 0.980, current mu = 0.982) allocation failure; 
[54153:0xb89800000]     3035 ms: Scavenge 114.0 (148.1) -> 83.2 (148.1) MB, pooled: 0.0 MB, 0.33 / 0.00 ms (average mu = 0.980, current mu = 0.982) allocation failure; 
[54153:0xb89800000]     3054 ms: Scavenge 114.0 (148.1) -> 83.5 (148.1) MB, pooled: 0.0 MB, 0.47 / 0.00 ms (average mu = 0.980, current mu = 0.982) allocation failure; 
[54153:0xb89800000]     3069 ms: Scavenge 114.0 (148.1) -> 83.1 (148.1) MB, pooled: 0.0 MB, 0.31 / 0.00 ms (average mu = 0.980, current mu = 0.982) allocation failure; 
[54153:0xb89800000]     3088 ms: Scavenge 114.0 (148.1) -> 83.8 (148.1) MB, pooled: 0.0 MB, 0.37 / 0.00 ms (average mu = 0.980, current mu = 0.982) allocation failure; 
[54153:0xb89800000]     3104 ms: Scavenge 114.0 (148.1) -> 83.9 (148.6) MB, pooled: 0.0 MB, 0.50 / 0.00 ms (average mu = 0.980, current mu = 0.982) allocation failure; 
[54153:0xb89800000]     3120 ms: Scavenge 115.0 (148.6) -> 84.6 (148.6) MB, pooled: 0.0 MB, 0.33 / 0.00 ms (average mu = 0.980, current mu = 0.982) allocation failure; 
[54153:0xb89800000]     3137 ms: Scavenge 115.0 (148.6) -> 84.2 (148.6) MB, pooled: 0.0 MB, 0.38 / 0.00 ms (average mu = 0.980, current mu = 0.982) allocation failure; 
[54153:0xb89800000]     3153 ms: Scavenge 115.0 (148.6) -> 84.3 (148.6) MB, pooled: 0.0 MB, 0.35 / 0.00 ms (average mu = 0.980, current mu = 0.982) allocation failure; 
[54153:0xb89800000]     3169 ms: Scavenge 115.0 (148.6) -> 83.9 (148.6) MB, pooled: 0.0 MB, 0.33 / 0.00 ms (average mu = 0.980, current mu = 0.982) allocation failure; 
[54153:0xb89800000]     3186 ms: Scavenge 115.0 (148.6) -> 83.9 (148.6) MB, pooled: 0.0 MB, 0.33 / 0.00 ms (average mu = 0.980, current mu = 0.982) allocation failure; 
[54153:0xb89800000]     3202 ms: Scavenge 115.0 (148.6) -> 84.0 (148.6) MB, pooled: 0.0 MB, 0.26 / 0.00 ms (average mu = 0.980, current mu = 0.982) allocation failure; 
[54153:0xb89800000]     3218 ms: Scavenge 115.0 (148.6) -> 84.2 (148.6) MB, pooled: 0.0 MB, 0.33 / 0.00 ms (average mu = 0.980, current mu = 0.982) allocation failure; 
[54153:0xb89800000]     3234 ms: Scavenge 115.0 (148.6) -> 84.5 (148.6) MB, pooled: 0.0 MB, 0.37 / 0.00 ms (average mu = 0.980, current mu = 0.982) allocation failure; 
[54153:0xb89800000]     3251 ms: Scavenge 115.0 (148.6) -> 84.4 (148.6) MB, pooled: 0.0 MB, 0.36 / 0.00 ms (average mu = 0.980, current mu = 0.982) allocation failure; 
[54153:0xb89800000]     3267 ms: Scavenge 115.0 (148.6) -> 84.6 (148.6) MB, pooled: 0.0 MB, 0.39 / 0.00 ms (average mu = 0.980, current mu = 0.982) allocation failure; 
[54153:0xb89800000]     3283 ms: Scavenge 115.0 (148.6) -> 83.8 (148.6) MB, pooled: 0.0 MB, 0.42 / 0.00 ms (average mu = 0.980, current mu = 0.982) allocation failure; 
[bailout (kind: deopt-eager, reason: Insufficient type feedback for generic keyed access): begin. deoptimizing 0x084ac1ccfb29 <JSFunction regexParser (sfi = 0x3341eab707a9)>, 0x1817d09e1489 <Code TURBOFAN_JS>, opt id 450, bytecode offset 45, deopt exit 10, FP to SP delta 96, caller SP 0x00016f585390, pc 0x0001173bf614]
[bailout (kind: deopt-eager, reason: Insufficient type feedback for generic keyed access): begin. deoptimizing 0x084ac1ccfae9 <JSFunction mergeErrorState (sfi = 0x1fd020de4439)>, 0x1817d09dea09 <Code TURBOFAN_JS>, opt id 433, bytecode offset 45, deopt exit 3, FP to SP delta 48, caller SP 0x00016f585018, pc 0x0001173bd178]
[bailout (kind: deopt-eager, reason: Insufficient type feedback for generic named access): begin. deoptimizing 0x18c8d927c301 <JSFunction stringParser (sfi = 0x3341eab76e41)>, 0x1817d09e4721 <Code TURBOFAN_JS>, opt id 459, bytecode offset 97, deopt exit 7, FP to SP delta 64, caller SP 0x00016f584e70, pc 0x000117451bc8]
[bailout (kind: deopt-eager, reason: Insufficient type feedback for generic named access): begin. deoptimizing 0x01b1b12bfed1 <JSFunction or (sfi = 0x3341eab77579)>, 0x1817d09ed969 <Code TURBOFAN_JS>, opt id 503, bytecode offset 97, deopt exit 8, FP to SP delta 112, caller SP 0x00016f584de0, pc 0x00011745c1cc]
[bailout (kind: deopt-eager, reason: Insufficient type feedback for generic named access): begin. deoptimizing 0x22d98307adf9 <JSFunction stringParser (sfi = 0x3341eab76e89)>, 0x1817d09eef71 <Code TURBOFAN_JS>, opt id 508, bytecode offset 97, deopt exit 7, FP to SP delta 112, caller SP 0x00016f584d70, pc 0x00011745e680]
[bailout (kind: deopt-eager, reason: Insufficient type feedback for generic named access): begin. deoptimizing 0x084ac1ccfd49 <JSFunction parseState (sfi = 0x31be73f8499)>, 0x1817d09fbc79 <Code TURBOFAN_JS>, opt id 586, bytecode offset 36, deopt exit 6, FP to SP delta 80, caller SP 0x00016f5855a0, pc 0x000117421fec]
[bailout (kind: deopt-eager, reason: Insufficient type feedback for generic named access): begin. deoptimizing 0x084ac1cf8f19 <JSFunction (sfi = 0x3341eab7cfe1)>, 0x1817d09e09a1 <Code TURBOFAN_JS>, opt id 451, bytecode offset 71, deopt exit 15, FP to SP delta 80, caller SP 0x00016f585380, pc 0x0001173bead0]
[bailout (kind: deopt-eager, reason: Insufficient type feedback for generic named access): begin. deoptimizing 0x284248c81099 <JSFunction mergeLabels (sfi = 0x384b6ee6a969)>, 0x23f8d59c26d1 <Code MAGLEV>, opt id 416, bytecode offset 71, deopt exit 4, FP to SP delta 48, caller SP 0x00016f584f68, pc 0x000117442a34]
[bailout (kind: deopt-eager, reason: Insufficient type feedback for generic named access): begin. deoptimizing 0x084ac1cf90c9 <JSFunction alphabet.alphabet (sfi = 0x3341eab7dfa1)>, 0x1817d09e2671 <Code TURBOFAN_JS>, opt id 446, bytecode offset 108, deopt exit 12, FP to SP delta 112, caller SP 0x00016f584c20, pc 0x00011744e6fc]
[bailout (kind: deopt-eager, reason: Insufficient type feedback for generic named access): begin. deoptimizing 0x1ff7741fbd99 <JSFunction (sfi = 0x3341eab7e071)>, 0x1817d09ec329 <Code TURBOFAN_JS>, opt id 497, bytecode offset 108, deopt exit 21, FP to SP delta 112, caller SP 0x00016f584a60, pc 0x000117458618]
[bailout (kind: deopt-eager, reason: Insufficient type feedback for generic named access): begin. deoptimizing 0x1fd020dfe2e1 <JSFunction parseState (sfi = 0x384b6ee73659)>, 0x23f8d59dfcb1 <Code TURBOFAN_JS>, opt id 637, bytecode offset 83, deopt exit 9, FP to SP delta 80, caller SP 0x00016f585560, pc 0x000117475de8]
[bailout (kind: deopt-eager, reason: Insufficient type feedback for generic named access): begin. deoptimizing 0x084ac1ccfcd1 <JSFunction parseStateInner (sfi = 0x31be73f84e1)>, 0x23f8d59d5cb1 <Code MAGLEV>, opt id 574, bytecode offset 36, deopt exit 8, FP to SP delta 80, caller SP 0x00016f5853f0, pc 0x00011746b90c]
[54153:0xb89800000]     3305 ms: Scavenge 115.1 (148.9) -> 83.1 (148.9) MB, pooled: 0.0 MB, 0.15 / 0.00 ms (average mu = 0.980, current mu = 0.982) allocation failure; 
[bailout (kind: deopt-eager, reason: wrong map): begin. deoptimizing 0x3b097dc488e9 <JSFunction regexParser (sfi = 0x3341eab707a9)>, 0x046f1d09cb31 <Code TURBOFAN_JS>, opt id 671, bytecode offset 45, deopt exit 11, FP to SP delta 96, caller SP 0x00016f5853a0, pc 0x00011747c250]
[bailout (kind: deopt-eager, reason: wrong map): begin. deoptimizing 0x084ac1ccfae9 <JSFunction mergeErrorState (sfi = 0x1fd020de4439)>, 0x046f1d09bf51 <Code TURBOFAN_JS>, opt id 663, bytecode offset 45, deopt exit 4, FP to SP delta 64, caller SP 0x00016f584fe8, pc 0x00011747b434]
[bailout (kind: deopt-eager, reason: wrong map): begin. deoptimizing 0x3aee10d9be59 <JSFunction stringParser (sfi = 0x3341eab76e41)>, 0x046f1d09d4d1 <Code TURBOFAN_JS>, opt id 672, bytecode offset 45, deopt exit 9, FP to SP delta 80, caller SP 0x00016f584b40, pc 0x00011747d0f8]
[bailout (kind: deopt-eager, reason: wrong map): begin. deoptimizing 0x3b097dc5f481 <JSFunction stringParser (sfi = 0x3341eab76e89)>, 0x046f1d0a0889 <Code TURBOFAN_JS>, opt id 675, bytecode offset 0, deopt exit 7, FP to SP delta 112, caller SP 0x00016f584ba0, pc 0x000117496e28]
[bailout (kind: deopt-eager, reason: Insufficient type feedback for call): begin. deoptimizing 0x2f68abc82b39 <JSFunction collectRunDiagnostic (sfi = 0x384b6ee732b1)>, 0x23f8d59db721 <Code TURBOFAN_JS>, opt id 613, bytecode offset 153, deopt exit 10, FP to SP delta 80, caller SP 0x00016f585298, pc 0x000117471b84]
[54153:0xb89800000]     3342 ms: Scavenge 115.2 (148.9) -> 83.3 (149.4) MB, pooled: 0.0 MB, 0.19 / 0.00 ms (average mu = 0.980, current mu = 0.982) allocation failure; 
[54153:0xb89800000]     3364 ms: Scavenge 115.2 (149.4) -> 83.3 (149.4) MB, pooled: 0.0 MB, 0.14 / 0.00 ms (average mu = 0.980, current mu = 0.982) allocation failure; 
[marking dependent code 0x3c09889bd211 <Code TURBOFAN_JS> (0x0f954c6e7111 <SharedFunctionInfo encode$1>) (opt id 357) for deoptimization, reason: embedded weak objects cleared]
[marking dependent code 0x3c09889b02e1 <Code MAGLEV> (0x34339c1ae4e1 <SharedFunctionInfo _write>) (opt id 339) for deoptimization, reason: embedded weak objects cleared]
[marking dependent code 0x1817d09d5449 <Code MAGLEV> (0x34339c1ae529 <SharedFunctionInfo write8>) (opt id 381) for deoptimization, reason: embedded weak objects cleared]
[marking dependent code 0x1817d09d6089 <Code MAGLEV> (0x34339c1ae5b9 <SharedFunctionInfo write>) (opt id 382) for deoptimization, reason: embedded weak objects cleared]
[marking dependent code 0x1817d09c1181 <Code MAGLEV> (0x34339c1ae601 <SharedFunctionInfo _read>) (opt id 348) for deoptimization, reason: embedded weak objects cleared]
[marking dependent code 0x0b8376308429 <Code MAGLEV> (0x182b512647d1 <SharedFunctionInfo get names>) (opt id 132) for deoptimization, reason: embedded weak objects cleared]
[marking dependent code 0x0b45e2a411a1 <Code MAGLEV> (0x182b51264769 <SharedFunctionInfo get str>) (opt id 140) for deoptimization, reason: embedded weak objects cleared]
[marking dependent code 0x0b45e2a40d81 <Code MAGLEV> (0x182b512646c1 <SharedFunctionInfo toString>) (opt id 139) for deoptimization, reason: embedded weak objects cleared]
[marking dependent code 0x0b45e2a44149 <Code MAGLEV> (0x182b5125fd59 <SharedFunctionInfo _leafNode>) (opt id 143) for deoptimization, reason: embedded weak objects cleared]
[marking dependent code 0x0b45e2a40861 <Code MAGLEV> (0x182b5125e859 <SharedFunctionInfo optimizeNames>) (opt id 137) for deoptimization, reason: embedded weak objects cleared]
[marking dependent code 0x3c098899f3a1 <Code MAGLEV> (0x0f954c6e7939 <SharedFunctionInfo decodedMappings>) (opt id 304) for deoptimization, reason: embedded weak objects cleared]
[marking dependent code 0x3c098899efd9 <Code MAGLEV> (0x0f954c6e7981 <SharedFunctionInfo traceSegment>) (opt id 303) for deoptimization, reason: embedded weak objects cleared]
[marking dependent code 0x3c0988989049 <Code MAGLEV> (0x0f954c6e7bc1 <SharedFunctionInfo get$2>) (opt id 261) for deoptimization, reason: embedded weak objects cleared]
[marking dependent code 0x133e03862409 <Code MAGLEV> (0x0f954c6e7c09 <SharedFunctionInfo put>) (opt id 323) for deoptimization, reason: embedded weak objects cleared]
[marking dependent code 0x3a38860f45c9 <Code TURBOFAN_JS> (0x0f954c6e7ce1 <SharedFunctionInfo setSourceContent>) (opt id 322) for deoptimization, reason: embedded weak objects cleared]
[marking dependent code 0x3c09889b7db1 <Code TURBOFAN_JS> (0x0f954c6e7e01 <SharedFunctionInfo addSegmentInternal>) (opt id 356) for deoptimization, reason: embedded weak objects cleared]
[marking dependent code 0x3a38860f8d91 <Code TURBOFAN_JS> (0x0f954c6fa7d1 <SharedFunctionInfo visit>) (opt id 330) for deoptimization, reason: embedded weak objects cleared]
[marking dependent code 0x1817d09d2051 <Code MAGLEV> (0x0f954c6fa6b1 <SharedFunctionInfo WalkerBase>) (opt id 377) for deoptimization, reason: embedded weak objects cleared]
[marking dependent code 0x1817d09d2611 <Code MAGLEV> (0x0f954c6fa789 <SharedFunctionInfo SyncWalker>) (opt id 378) for deoptimization, reason: embedded weak objects cleared]
[marking dependent code 0x1817d09d6471 <Code MAGLEV> (0x0f954c6ede61 <SharedFunctionInfo walk>) (opt id 383) for deoptimization, reason: embedded weak objects cleared]
[marking dependent code 0x3a38860f66c1 <Code MAGLEV> (0x17f47def8b81 <SharedFunctionInfo identifier>) (opt id 326) for deoptimization, reason: embedded weak objects cleared]
[marking dependent code 0x1817d09d10f9 <Code MAGLEV> (0x17f47def9751 <SharedFunctionInfo returnStatement>) (opt id 375) for deoptimization, reason: embedded weak objects cleared]
[marking dependent code 0x3c09889978d9 <Code MAGLEV> (0x17f47def7cc1 <SharedFunctionInfo convertNode>) (opt id 283) for deoptimization, reason: embedded weak objects cleared]
[marking dependent code 0x1817d09cbe19 <Code TURBOFAN_JS> (0x0f954c6e8161 <SharedFunctionInfo traceMappings>) (opt id 363) for deoptimization, reason: embedded weak objects cleared]
[marking dependent code 0x3a38860f3879 <Code TURBOFAN_JS> (0x0f954c6e81a9 <SharedFunctionInfo originalPositionFor$1>) (opt id 313) for deoptimization, reason: embedded weak objects cleared]
[marking dependent code 0x1817d09c6809 <Code MAGLEV> (0x17f47def89d1 <SharedFunctionInfo expressionStatement>) (opt id 361) for deoptimization, reason: embedded weak objects cleared]
[marking dependent code 0x0b83763043b9 <Code MAGLEV> (0x182b5125ff01 <SharedFunctionInfo get _currNode>) (opt id 123) for deoptimization, reason: embedded weak objects cleared]
[marking dependent code 0x046f1d0aada9 <Code TURBOFAN_JS> (0x031be73f8499 <SharedFunctionInfo parseState>) (opt id 696) for deoptimization, reason: embedded weak objects cleared]
[marking dependent code 0x046f1d0a9b79 <Code TURBOFAN_JS> (0x031be73f84e1 <SharedFunctionInfo parseStateInner>) (opt id 695) for deoptimization, reason: embedded weak objects cleared]
[marking dependent code 0x046f1d0a85f1 <Code TURBOFAN_JS> (0x384b6ee73659 <SharedFunctionInfo parseState>) (opt id 693) for deoptimization, reason: embedded weak objects cleared]
[marking dependent code 0x1817d09c78a9 <Code MAGLEV> (0x17f47def9319 <SharedFunctionInfo literalNumber>) (opt id 364) for deoptimization, reason: embedded weak objects cleared]
[marking dependent code 0x1817d09d1d41 <Code MAGLEV> (0x17f47def93a9 <SharedFunctionInfo literalString>) (opt id 376) for deoptimization, reason: embedded weak objects cleared]
[marking dependent code 0x3c09889a8ce9 <Code MAGLEV> (0x17f47def9439 <SharedFunctionInfo memberExpression>) (opt id 315) for deoptimization, reason: embedded weak objects cleared]
[marking dependent code 0x3c0988998bc1 <Code MAGLEV> (0x17f47def8041 <SharedFunctionInfo convertNodeList>) (opt id 286) for deoptimization, reason: embedded weak objects cleared]
[marking dependent code 0x133e03858fa9 <Code MAGLEV> (0x0f954c6f5d29 <SharedFunctionInfo write>) (opt id 296) for deoptimization, reason: embedded weak objects cleared]
[marking dependent code 0x3a38860eb7c9 <Code TURBOFAN_JS> (0x0f954c6e6fa9 <SharedFunctionInfo encodeInteger>) (opt id 298) for deoptimization, reason: embedded weak objects cleared]
[marking dependent code 0x133e0386b899 <Code MAGLEV> (0x0f954c6f6f41 <SharedFunctionInfo appendLeft>) (opt id 372) for deoptimization, reason: embedded weak objects cleared]
[marking dependent code 0x133e03856e31 <Code MAGLEV> (0x0f954c6f7019 <SharedFunctionInfo contains>) (opt id 291) for deoptimization, reason: embedded weak objects cleared]
[marking dependent code 0x1817d09c0779 <Code MAGLEV> (0x0f954c6f7061 <SharedFunctionInfo eachNext>) (opt id 346) for deoptimization, reason: embedded weak objects cleared]
[marking dependent code 0x1817d09d28a9 <Code MAGLEV> (0x0f954c6f70f1 <SharedFunctionInfo edit>) (opt id 379) for deoptimization, reason: embedded weak objects cleared]
[marking dependent code 0x3c09889ac809 <Code MAGLEV> (0x0f954c6f7211 <SharedFunctionInfo split>) (opt id 336) for deoptimization, reason: embedded weak objects cleared]
[marking dependent code 0x133e03869789 <Code MAGLEV> (0x0f954c6f7259 <SharedFunctionInfo toString>) (opt id 332) for deoptimization, reason: embedded weak objects cleared]
[marking dependent code 0x1817d09d7399 <Code MAGLEV> (0x0f954c6f7451 <SharedFunctionInfo addEdit>) (opt id 385) for deoptimization, reason: embedded weak objects cleared]
[marking dependent code 0x3a38860fa179 <Code TURBOFAN_JS> (0x0f954c6f7499 <SharedFunctionInfo addUneditedChunk>) (opt id 335) for deoptimization, reason: embedded weak objects cleared]
[marking dependent code 0x133e03869481 <Code MAGLEV> (0x0f954c6f74e1 <SharedFunctionInfo advance>) (opt id 331) for deoptimization, reason: embedded weak objects cleared]
[marking dependent code 0x1817d09c3f71 <Code MAGLEV> (0x0f954c6f7601 <SharedFunctionInfo appendLeft>) (opt id 354) for deoptimization, reason: embedded weak objects cleared]
[marking dependent code 0x133e0385c941 <Code MAGLEV> (0x0f954c6f7cc1 <SharedFunctionInfo _split>) (opt id 317) for deoptimization, reason: embedded weak objects cleared]
[marking dependent code 0x3c09889ac179 <Code MAGLEV> (0x0f954c6f7d09 <SharedFunctionInfo _splitChunk>) (opt id 334) for deoptimization, reason: embedded weak objects cleared]
[marking dependent code 0x1817d09c1af1 <Code MAGLEV> (0x0f954c6f7d51 <SharedFunctionInfo toString>) (opt id 350) for deoptimization, reason: embedded weak objects cleared]
[marking dependent code 0x133e03866e31 <Code MAGLEV> (0x0f954c6f6ef9 <SharedFunctionInfo Chunk>) (opt id 328) for deoptimization, reason: embedded weak objects cleared]
[marking dependent code 0x1817d09c22d1 <Code MAGLEV> (0x17f47def9b89 <SharedFunctionInfo variableDeclaration>) (opt id 351) for deoptimization, reason: embedded weak objects cleared]
[marking dependent code 0x1817d09c2e99 <Code MAGLEV> (0x17f47def9bd1 <SharedFunctionInfo variableDeclarator>) (opt id 352) for deoptimization, reason: embedded weak objects cleared]
[marking dependent code 0x1817d09c8659 <Code MAGLEV> (0x17f47def8431 <SharedFunctionInfo binaryExpression>) (opt id 365) for deoptimization, reason: embedded weak objects cleared]
[marking dependent code 0x1817d09c5ff1 <Code MAGLEV> (0x17f47def8479 <SharedFunctionInfo blockStatement>) (opt id 360) for deoptimization, reason: embedded weak objects cleared]
[marking dependent code 0x133e03868849 <Code MAGLEV> (0x17f47def8509 <SharedFunctionInfo callExpression>) (opt id 329) for deoptimization, reason: embedded weak objects cleared]
[54153:0xb89800000]     3390 ms: Mark-Compact 105.8 (149.4) -> 68.6 (148.0) MB, pooled: 1.0 MB, 10.42 / 0.00 ms (average mu = 0.996, current mu = 0.997) testing; GC in old space requested
[54153:0xb89800000]     3422 ms: Mark-Compact 96.3 (148.0) -> 76.0 (142.5) MB, pooled: 8.5 MB, 13.97 / 0.00 ms (average mu = 0.988, current mu = 0.566) testing; GC in old space requested
[marking dependent code 0x3cd2bc200d79 <Code MAGLEV> (0x21b0daea6549 <SharedFunctionInfo getOptions>) (opt id 80) for deoptimization, reason: embedded weak objects cleared]
[marking dependent code 0x133e0385e4b1 <Code MAGLEV> (0x0f954c6ee0c1 <SharedFunctionInfo isRefIdentifier>) (opt id 319) for deoptimization, reason: embedded weak objects cleared]
[54153:0xb89800000]     3432 ms: Mark-Compact 77.3 (142.5) -> 68.3 (139.2) MB, pooled: 11.8 MB, 8.70 / 0.00 ms (average mu = 0.977, current mu = 0.110) testing; GC in old space requested
[54153:0xb89800000]     3462 ms: Mark-Compact 89.3 (139.2) -> 76.9 (143.2) MB, pooled: 7.8 MB, 12.83 / 0.00 ms (average mu = 0.950, current mu = 0.575) testing; GC in old space requested
{"subject":"P2-shaped-products","node":"v26.0.0","v8":"14.6.202.33-node.19","baselineRoot":"/tmp/parse-that-m2-baseline-20260729/typescript","samples":11,"scales":[8,96,753],"failureValueDelta":"candidate scalar rollback clears stale rejected values; M2 retains them","points":[{"product":"json","scale":8,"plane":"state","sourceCodeUnits":372,"control":{"median":12525.832499999866,"batches":[12514.375000000085,15224.479999999972,13989.062499999818,11740.312499999847,12833.019999999919,11766.77000000012,12835.000000000036,11159.68749999979,13169.062499999882,11373.854999999934,12525.832499999866]},"candidate":{"median":14223.12500000004,"batches":[14417.187500000067,13978.437500000211,16523.124999999938,14286.354999999843,13749.062500000093,15508.959999999945,12906.355000000076,14223.12500000004,12949.272500000006,17152.915000000066,12852.292499999863]},"ratio":0.8806666959616702,"order":["control/candidate","candidate/control","control/candidate","candidate/control","control/candidate","candidate/control","control/candidate","candidate/control","control/candidate","candidate/control","control/candidate"]},{"product":"json","scale":8,"plane":"value","sourceCodeUnits":372,"control":{"median":12553.85500000017,"batches":[11636.144999999942,12779.375000000073,11283.750000000053,14206.35500000003,11143.125000000111,14089.790000000163,11771.46000000022,12575.312499999995,11228.124999999807,12553.85500000017,14445.207500000095]},"candidate":{"median":14413.854999999956,"batches":[14616.980000000125,12687.29250000007,15101.665000000254,12640.417499999898,14562.707499999875,13772.91499999984,14797.915000000046,12818.750000000138,14413.854999999956,12542.395000000111,15138.437500000065]},"ratio":0.8709574919409283,"order":["control/candidate","candidate/control","control/candidate","candidate/control","control/candidate","candidate/control","control/candidate","candidate/control","control/candidate","candidate/control","control/candidate"]},{"product":"json","scale":8,"plane":"result","sourceCodeUnits":372,"control":{"median":13205.937500000005,"batches":[11844.582500000059,14399.789999999939,14540.000000000076,12112.500000000067,13371.457499999908,13524.062500000015,12058.12499999979,13396.769999999946,11600.10500000027,13205.937500000005,11712.08249999978]},"candidate":{"median":14451.145000000168,"batches":[13368.957499999966,15262.707500000091,14247.60500000019,15171.042499999887,15267.289999999888,14264.477499999943,14961.979999999925,13454.27000000001,14451.145000000168,13223.437500000158,14783.644999999979]},"ratio":0.9138332983303297,"order":["control/candidate","candidate/control","control/candidate","candidate/control","control/candidate","candidate/control","control/candidate","candidate/control","control/candidate","candidate/control","control/candidate"]},{"product":"fixture","scale":8,"plane":"state","sourceCodeUnits":160,"control":{"median":12930.31249999956,"batches":[13587.292499999534,12551.77249999974,12996.459999999955,13148.749999999724,12393.125000000397,13304.0625000001,11882.602500000417,13471.352500000079,12245.105000000081,12344.585000000165,12930.31249999956]},"candidate":{"median":10273.64750000004,"batches":[10270.3125000005,11983.022499999835,9833.960000000276,9555.520000000115,11017.812499999876,9497.917499999743,11212.812499999814,10273.64750000004,12439.999999999714,10346.354999999789,9625.522499999874]},"ratio":1.2585902426571975,"order":["control/candidate","candidate/control","control/candidate","candidate/control","control/candidate","candidate/control","control/candidate","candidate/control","control/candidate","candidate/control","control/candidate"]},{"product":"fixture","scale":8,"plane":"value","sourceCodeUnits":160,"control":{"median":12349.8950000004,"batches":[13458.960000000388,12233.852499999783,11742.292499999963,13508.957500000066,11690.834999999994,11817.500000000224,13381.042500000149,12002.81249999989,13224.687499999847,12349.8950000004,12652.499999999804]},"candidate":{"median":10267.81249999999,"batches":[9566.667500000109,10427.604999999858,10745.625000000133,9307.917499999689,10550.72999999993,9190.730000000258,10267.81249999999,10959.374999999909,9611.562499999878,10800.835000000006,9561.772499999961]},"ratio":1.2027776120766143,"order":["control/candidate","candidate/control","control/candidate","candidate/control","control/candidate","candidate/control","control/candidate","candidate/control","control/candidate","candidate/control","control/candidate"]},{"product":"fixture","scale":8,"plane":"result","sourceCodeUnits":160,"control":{"median":13423.957499999802,"batches":[13786.249999999995,13561.45749999996,11840.834999999855,13566.042499999754,12016.042500000025,13509.062500000367,13687.499999999773,13269.687499999918,13423.957499999802,12006.250000000024,12997.397499999579]},"candidate":{"median":10609.999999999785,"batches":[9629.47999999983,10034.479999999918,11150.729999999954,10823.749999999562,11317.710000000146,9800.41749999998,9826.667499999643,10701.042500000425,10609.999999999785,11242.60500000048,9668.125000000031]},"ratio":1.2652174835061332,"order":["control/candidate","candidate/control","control/candidate","candidate/control","control/candidate","candidate/control","control/candidate","candidate/control","control/candidate","candidate/control","control/candidate"]},{"product":"json","scale":96,"plane":"state","sourceCodeUnits":4336,"control":{"median":154096.87499999904,"batches":[146640.62499999773,151990.62500000195,161335.40000000154,152685.42499999853,144479.1750000036,157320.8249999993,154096.87499999904,148893.750000002,156944.80000000226,154919.79999999897,154701.0249999971]},"candidate":{"median":161805.2250000005,"batches":[168330.2249999997,155134.3750000001,146481.24999999936,167532.29999999917,178746.87499999595,165321.87499999508,149998.94999999698,161805.2250000005,169136.45000000202,148898.95000000024,161275.00000000052]},"ratio":0.9523603146931662,"order":["control/candidate","candidate/control","control/candidate","candidate/control","control/candidate","candidate/control","control/candidate","candidate/control","control/candidate","candidate/control","control/candidate"]},{"product":"json","scale":96,"plane":"value","sourceCodeUnits":4336,"control":{"median":157318.74999999604,"batches":[165594.7749999996,151586.45000000205,164973.95000000097,163357.27499999848,147736.45000000214,148316.67500000092,157318.74999999604,164280.22499999884,147045.82500000356,147905.2249999995,159390.6250000032]},"candidate":{"median":169770.8500000033,"batches":[182144.79999999754,167030.20000000493,159348.94999999757,173273.94999999797,173258.32500000048,173189.57499999783,155901.04999999993,156056.25000000032,174891.6749999978,169770.8500000033,158046.87500000227]},"ratio":0.9266534861549729,"order":["control/candidate","candidate/control","control/candidate","candidate/control","control/candidate","candidate/control","control/candidate","candidate/control","control/candidate","candidate/control","control/candidate"]},{"product":"json","scale":96,"plane":"result","sourceCodeUnits":4336,"control":{"median":145338.54999999676,"batches":[151339.57500000292,143658.32499999556,157239.57499999984,158719.80000000008,140832.2750000025,142286.45000000027,157322.92499999973,153267.7000000035,145338.54999999676,143738.5499999948,139146.87500000015]},"candidate":{"median":159898.97500000437,"batches":[156914.57500000185,161356.25000000006,150073.95000000088,163472.92500000208,166391.64999999705,165342.72500000498,148628.12500000471,160566.6499999984,157105.20000000088,153289.57500000228,159898.97500000437]},"ratio":0.9089398478007303,"order":["control/candidate","candidate/control","control/candidate","candidate/control","control/candidate","candidate/control","control/candidate","candidate/control","control/candidate","candidate/control","control/candidate"]},{"product":"fixture","scale":96,"plane":"state","sourceCodeUnits":1934,"control":{"median":141659.3750000004,"batches":[149317.70000000027,131077.07500000176,141659.3750000004,138532.27500000002,144457.29999999912,136946.875000001,144717.70000000106,131201.04999999853,147086.45000000048,133966.6749999992,153113.55000000048]},"candidate":{"median":114865.62499999876,"batches":[108659.37500000201,124658.32500000147,113636.45000000132,118211.44999999546,108763.54999999763,117819.80000000089,109267.72500000084,120394.80000000253,114865.62499999876,126014.60000000203,108948.95000000132]},"ratio":1.2332616916505867,"order":["control/candidate","candidate/control","control/candidate","candidate/control","control/candidate","candidate/control","control/candidate","candidate/control","control/candidate","candidate/control","control/candidate"]},{"product":"fixture","scale":96,"plane":"value","sourceCodeUnits":1934,"control":{"median":143269.77499999883,"batches":[145108.32500000106,131060.40000000122,145762.50000000073,130009.37500000306,143269.77499999883,131963.52499999764,148669.79999999897,137083.32499999757,143793.75000000323,146729.17499999586,131841.67500000965]},"candidate":{"median":119504.1749999973,"batches":[108593.75,125132.30000000136,114316.67500000345,120464.57499999975,113570.82499999933,119504.1749999973,110102.1000000003,192609.37500000067,130217.7000000029,111425.00000000268,123134.37499999508]},"ratio":1.1988683658960206,"order":["control/candidate","candidate/control","control/candidate","candidate/control","control/candidate","candidate/control","control/candidate","candidate/control","control/candidate","candidate/control","control/candidate"]},{"product":"fixture","scale":96,"plane":"result","sourceCodeUnits":1934,"control":{"median":147812.5000000091,"batches":[134746.8749999962,153496.8749999962,137051.05000000232,157150.00000000146,134283.32500000123,148785.39999999703,138830.19999999533,147812.5000000091,142493.74999999418,152136.45000000042,155146.87500000262]},"candidate":{"median":111621.875000003,"batches":[116602.07500000298,109987.49999999972,116319.79999999658,109542.72500000571,127946.8750000092,111099.999999999,121915.6249999969,111547.92500000211,111621.875000003,115528.125000003,111517.7000000017]},"ratio":1.324225202273346,"order":["control/candidate","candidate/control","control/candidate","candidate/control","control/candidate","candidate/control","control/candidate","candidate/control","control/candidate","candidate/control","control/candidate"]},{"product":"json","scale":753,"plane":"state","sourceCodeUnits":35160,"control":{"median":1173916.8000000063,"batches":[1171433.4000000234,1138433.4000000306,1271308.399999998,1298933.1999999196,1114016.8000000813,1132883.3999999915,1276683.2000000249,1221516.5999999954,1088208.399999985,1266775.0000000524,1173916.8000000063]},"candidate":{"median":1274691.6000000057,"batches":[1388916.599999993,1458166.600000004,1322124.99999996,1198283.199999969,1282808.3999999762,1274691.6000000057,1178558.40000002,1283916.599999975,1260708.4000000213,1177458.4000000688,1160541.5999999424]},"ratio":0.9209418183974862,"order":["control/candidate","candidate/control","control/candidate","candidate/control","control/candidate","candidate/control","control/candidate","candidate/control","control/candidate","candidate/control","control/candidate"]},{"product":"json","scale":753,"plane":"value","sourceCodeUnits":35160,"control":{"median":1182733.400000052,"batches":[1134108.4000000593,1182733.400000052,1107808.3999999762,1154075.0000000116,1209674.9999999702,1198641.5999999736,1097574.9999999607,1248566.6000000492,1188483.400000041,1128591.5999999815,1190025.0000000596]},"candidate":{"median":1227391.6000000099,"batches":[1367116.7999999854,1123591.5999999633,1249283.4000000586,1256416.7999999882,1131849.9999999404,1216250.0000000363,1274041.599999964,1263691.6000000383,1135200.000000077,1227391.6000000099,1135941.6000000238]},"ratio":0.9636153612262317,"order":["control/candidate","candidate/control","control/candidate","candidate/control","control/candidate","candidate/control","control/candidate","candidate/control","control/candidate","candidate/control","control/candidate"]},{"product":"json","scale":753,"plane":"result","sourceCodeUnits":35160,"control":{"median":1246524.9999999288,"batches":[1102241.5999999794,1107249.9999999308,1240816.6000000164,1356958.399999985,1556358.3999999536,1124650.0000000196,1281583.3999999994,1246524.9999999288,1211833.3999999776,1334866.7999999635,1259416.600000077]},"candidate":{"median":1290533.1999999362,"batches":[1306283.1999999615,1236158.4000000223,1290533.1999999362,1413883.3999999405,1277999.9999999744,1281599.9999999804,1376716.5999999633,1271916.7999999628,1255441.5999999945,1435891.6000000136,1331658.199999947]},"ratio":0.9658992112717367,"order":["control/candidate","candidate/control","control/candidate","candidate/control","control/candidate","candidate/control","control/candidate","candidate/control","control/candidate","candidate/control","control/candidate"]},{"product":"fixture","scale":753,"plane":"state","sourceCodeUnits":16402,"control":{"median":1836208.2000000556,"batches":[2176200.0000000624,1871925.00000001,1995441.5999999582,1841516.5999999773,2178383.3999999845,1791425.000000072,1746158.4000000586,1800391.8000000338,1836208.2000000556,1637608.4000000446,1772883.1999999783]},"candidate":{"median":1569108.4000000046,"batches":[2111775.0000000345,1973841.600000014,1887125.0000000144,1495633.3999999515,1780683.2000000211,1514699.9999999935,1500541.5999999968,1559116.600000016,1569108.4000000046,1618191.5999999545,1503783.3999999748]},"ratio":1.1702239309916704,"order":["control/candidate","candidate/control","control/candidate","candidate/control","control/candidate","candidate/control","control/candidate","candidate/control","control/candidate","candidate/control","control/candidate"]},{"product":"fixture","scale":753,"plane":"value","sourceCodeUnits":16402,"control":{"median":1785199.9999999863,"batches":[1694333.4000000502,1735725.0000000023,1630299.9999999884,1755524.9999999434,1719208.400000025,1785199.9999999863,1976283.400000011,1887666.7999999882,1826400.0000000123,1821666.8000000026,1922025.0000000305]},"candidate":{"median":1599250.000000029,"batches":[1553466.6000000471,1404191.600000013,1716791.6000000332,1616758.3999999806,1599250.000000029,1515383.4000000642,1507141.5999999773,1603633.4000000353,1848633.3999999259,1778616.5999999866,1551833.4000000323]},"ratio":1.1162732530873558,"order":["control/candidate","candidate/control","control/candidate","candidate/control","control/candidate","candidate/control","control/candidate","candidate/control","control/candidate","candidate/control","control/candidate"]},{"product":"fixture","scale":753,"plane":"result","sourceCodeUnits":16402,"control":{"median":1880124.9999999527,"batches":[1848191.5999999729,1931666.6000000623,1844624.9999999963,1883133.3999999515,1678383.2000000074,1903316.6000000164,1904291.6000000332,1880124.9999999527,1816375.000000062,1970875.0000000694,1873475.0000000533]},"candidate":{"median":1628741.7999999889,"batches":[1593458.1999999864,1614599.999999973,1717950.000000019,1628741.7999999889,1725416.5999999712,1659274.9999999797,1589674.9999999884,1604933.3999999363,1609208.3999999887,1647591.5999999414,1739241.5999999684]},"ratio":1.15434195892803,"order":["control/candidate","candidate/control","control/candidate","candidate/control","control/candidate","candidate/control","control/candidate","candidate/control","control/candidate","candidate/control","control/candidate"]},{"product":"json-failure","scale":1,"plane":"failure","sourceCodeUnits":10,"control":{"median":1413.7080000000424,"batches":[1825.7920000000922,1477.542000000085,1302.9590000001008,1283.1249999999275,1310.124999999971,1692.8330000000642,1327.1670000003724,1413.7080000000424,1438.4589999999662,1304.6669999998812,1549.6250000001055]},"candidate":{"median":1246.4169999998376,"batches":[1460.0420000001577,1764.4999999997708,1246.4169999998376,1068.7500000003636,1482.7500000001237,1559.4999999998436,1113.166000000092,1115.7920000000559,1182.7080000002752,1034.4999999997526,1402.625000000171]},"ratio":1.13421752110267,"order":["control/candidate","candidate/control","control/candidate","candidate/control","control/candidate","candidate/control","control/candidate","candidate/control","control/candidate","candidate/control","control/candidate"]},{"product":"fixture-failure","scale":1,"plane":"failure","sourceCodeUnits":15,"control":{"median":1950.8749999999964,"batches":[1810.4580000003807,1790.5420000001868,2493.417000000136,2094.0420000001723,2030.1250000002256,1952.2910000000593,1801.2079999998605,1950.8749999999964,2347.334000000046,1850.3329999998641,1834.4590000001517]},"candidate":{"median":1484.7500000000764,"batches":[1737.5409999999647,1403.4579999997732,1446.4579999998932,1428.707999999915,1505.4169999998521,1902.9999999997926,1592.9160000000593,1406.1670000000959,1484.7500000000764,1452.5840000001153,2068.5410000000957]},"ratio":1.313941741033774,"order":["control/candidate","candidate/control","control/candidate","candidate/control","control/candidate","candidate/control","control/candidate","candidate/control","control/candidate","candidate/control","control/candidate"]}],"allocations":{"control":{"heapUsed":60276.75,"arrayBuffers":0,"external":-255.6875},"candidate":{"heapUsed":70739.4375,"arrayBuffers":0,"external":0}}}

